Component: ARM Compiler 5.05 update 2 (build 169) Tool: armlink [4d0f33]

==============================================================================

Section Cross References

    startup_gd32f10x_md.o(STACK) refers (Special) to heapauxi.o(.text) for __use_two_region_memory
    startup_gd32f10x_md.o(HEAP) refers (Special) to heapauxi.o(.text) for __use_two_region_memory
    startup_gd32f10x_md.o(RESET) refers (Special) to heapauxi.o(.text) for __use_two_region_memory
    startup_gd32f10x_md.o(RESET) refers to startup_gd32f10x_md.o(STACK) for __initial_sp
    startup_gd32f10x_md.o(RESET) refers to startup_gd32f10x_md.o(.text) for Reset_Handler
    startup_gd32f10x_md.o(RESET) refers to gd32f10x_it.o(i.NMI_Handler) for NMI_Handler
    startup_gd32f10x_md.o(RESET) refers to gd32f10x_it.o(i.HardFault_Handler) for HardFault_Handler
    startup_gd32f10x_md.o(RESET) refers to gd32f10x_it.o(i.MemManage_Handler) for MemManage_Handler
    startup_gd32f10x_md.o(RESET) refers to gd32f10x_it.o(i.BusFault_Handler) for BusFault_Handler
    startup_gd32f10x_md.o(RESET) refers to gd32f10x_it.o(i.UsageFault_Handler) for UsageFault_Handler
    startup_gd32f10x_md.o(RESET) refers to gd32f10x_it.o(i.SVC_Handler) for SVC_Handler
    startup_gd32f10x_md.o(RESET) refers to gd32f10x_it.o(i.DebugMon_Handler) for DebugMon_Handler
    startup_gd32f10x_md.o(RESET) refers to gd32f10x_it.o(i.PendSV_Handler) for PendSV_Handler
    startup_gd32f10x_md.o(RESET) refers to gd32f10x_it.o(i.SysTick_Handler) for SysTick_Handler
    startup_gd32f10x_md.o(RESET) refers to gd32f10x_it.o(i.TIMER2_IRQHandler) for TIMER2_IRQHandler
    startup_gd32f10x_md.o(.text) refers (Special) to heapauxi.o(.text) for __use_two_region_memory
    startup_gd32f10x_md.o(.text) refers to system_gd32f10x.o(i.SystemInit) for SystemInit
    startup_gd32f10x_md.o(.text) refers to __main.o(!!!main) for __main
    startup_gd32f10x_md.o(.text) refers to startup_gd32f10x_md.o(HEAP) for Heap_Mem
    startup_gd32f10x_md.o(.text) refers to startup_gd32f10x_md.o(STACK) for Stack_Mem
    gd32f10x_adc.o(i.adc_deinit) refers to gd32f10x_rcu.o(i.rcu_periph_reset_enable) for rcu_periph_reset_enable
    gd32f10x_adc.o(i.adc_deinit) refers to gd32f10x_rcu.o(i.rcu_periph_reset_disable) for rcu_periph_reset_disable
    gd32f10x_bkp.o(i.bkp_deinit) refers to gd32f10x_rcu.o(i.rcu_bkp_reset_enable) for rcu_bkp_reset_enable
    gd32f10x_bkp.o(i.bkp_deinit) refers to gd32f10x_rcu.o(i.rcu_bkp_reset_disable) for rcu_bkp_reset_disable
    gd32f10x_can.o(i.can_debug_freeze_disable) refers to gd32f10x_dbg.o(i.dbg_periph_enable) for dbg_periph_enable
    gd32f10x_can.o(i.can_debug_freeze_enable) refers to gd32f10x_dbg.o(i.dbg_periph_enable) for dbg_periph_enable
    gd32f10x_can.o(i.can_deinit) refers to gd32f10x_rcu.o(i.rcu_periph_reset_enable) for rcu_periph_reset_enable
    gd32f10x_can.o(i.can_deinit) refers to gd32f10x_rcu.o(i.rcu_periph_reset_disable) for rcu_periph_reset_disable
    gd32f10x_can.o(i.can_interrupt_flag_get) refers to gd32f10x_can.o(i.can_receive_message_length_get) for can_receive_message_length_get
    gd32f10x_can.o(i.can_interrupt_flag_get) refers to gd32f10x_can.o(i.can_error_get) for can_error_get
    gd32f10x_dac.o(i.dac_deinit) refers to gd32f10x_rcu.o(i.rcu_periph_reset_enable) for rcu_periph_reset_enable
    gd32f10x_dac.o(i.dac_deinit) refers to gd32f10x_rcu.o(i.rcu_periph_reset_disable) for rcu_periph_reset_disable
    gd32f10x_dma.o(i.dma_channel_disable) refers to gd32f10x_dma.o(i.dma_periph_and_channel_check) for dma_periph_and_channel_check
    gd32f10x_dma.o(i.dma_channel_enable) refers to gd32f10x_dma.o(i.dma_periph_and_channel_check) for dma_periph_and_channel_check
    gd32f10x_dma.o(i.dma_circulation_disable) refers to gd32f10x_dma.o(i.dma_periph_and_channel_check) for dma_periph_and_channel_check
    gd32f10x_dma.o(i.dma_circulation_enable) refers to gd32f10x_dma.o(i.dma_periph_and_channel_check) for dma_periph_and_channel_check
    gd32f10x_dma.o(i.dma_deinit) refers to gd32f10x_dma.o(i.dma_periph_and_channel_check) for dma_periph_and_channel_check
    gd32f10x_dma.o(i.dma_init) refers to gd32f10x_dma.o(i.dma_periph_and_channel_check) for dma_periph_and_channel_check
    gd32f10x_dma.o(i.dma_interrupt_disable) refers to gd32f10x_dma.o(i.dma_periph_and_channel_check) for dma_periph_and_channel_check
    gd32f10x_dma.o(i.dma_interrupt_enable) refers to gd32f10x_dma.o(i.dma_periph_and_channel_check) for dma_periph_and_channel_check
    gd32f10x_dma.o(i.dma_memory_address_config) refers to gd32f10x_dma.o(i.dma_periph_and_channel_check) for dma_periph_and_channel_check
    gd32f10x_dma.o(i.dma_memory_increase_disable) refers to gd32f10x_dma.o(i.dma_periph_and_channel_check) for dma_periph_and_channel_check
    gd32f10x_dma.o(i.dma_memory_increase_enable) refers to gd32f10x_dma.o(i.dma_periph_and_channel_check) for dma_periph_and_channel_check
[...]
    Removing gd32f10x_can.o(i.can_message_transmit), (336 bytes).
    Removing gd32f10x_can.o(i.can_receive_error_number_get), (8 bytes).
    Removing gd32f10x_can.o(i.can_receive_message_length_get), (26 bytes).
    Removing gd32f10x_can.o(i.can_struct_para_init), (158 bytes).
    Removing gd32f10x_can.o(i.can_time_trigger_mode_disable), (48 bytes).
    Removing gd32f10x_can.o(i.can_time_trigger_mode_enable), (48 bytes).
    Removing gd32f10x_can.o(i.can_transmission_stop), (80 bytes).
    Removing gd32f10x_can.o(i.can_transmit_error_number_get), (10 bytes).
    Removing gd32f10x_can.o(i.can_transmit_states), (124 bytes).
    Removing gd32f10x_can.o(i.can_wakeup), (48 bytes).
    Removing gd32f10x_can.o(i.can_working_mode_set), (168 bytes).
    Removing gd32f10x_crc.o(.rev16_text), (4 bytes).
    Removing gd32f10x_crc.o(.revsh_text), (4 bytes).
    Removing gd32f10x_crc.o(i.crc_block_data_calculate), (36 bytes).
    Removing gd32f10x_crc.o(i.crc_data_register_read), (12 bytes).
    Removing gd32f10x_crc.o(i.crc_data_register_reset), (20 bytes).
    Removing gd32f10x_crc.o(i.crc_deinit), (24 bytes).
    Removing gd32f10x_crc.o(i.crc_free_data_register_read), (12 bytes).
    Removing gd32f10x_crc.o(i.crc_free_data_register_write), (12 bytes).
    Removing gd32f10x_crc.o(i.crc_single_data_calculate), (16 bytes).
    Removing gd32f10x_dac.o(.rev16_text), (4 bytes).
    Removing gd32f10x_dac.o(.revsh_text), (4 bytes).
    Removing gd32f10x_dac.o(i.dac_concurrent_data_set), (64 bytes).
    Removing gd32f10x_dac.o(i.dac_concurrent_disable), (24 bytes).
    Removing gd32f10x_dac.o(i.dac_concurrent_enable), (24 bytes).
    Removing gd32f10x_dac.o(i.dac_concurrent_output_buffer_disable), (24 bytes).
    Removing gd32f10x_dac.o(i.dac_concurrent_output_buffer_enable), (24 bytes).
    Removing gd32f10x_dac.o(i.dac_concurrent_software_trigger_disable), (20 bytes).
    Removing gd32f10x_dac.o(i.dac_concurrent_software_trigger_enable), (20 bytes).
    Removing gd32f10x_dac.o(i.dac_data_set), (88 bytes).
    Removing gd32f10x_dac.o(i.dac_deinit), (20 bytes).
    Removing gd32f10x_dac.o(i.dac_disable), (36 bytes).
    Removing gd32f10x_dac.o(i.dac_dma_disable), (36 bytes).
    Removing gd32f10x_dac.o(i.dac_dma_enable), (36 bytes).
    Removing gd32f10x_dac.o(i.dac_enable), (36 bytes).
    Removing gd32f10x_dac.o(i.dac_lfsr_noise_config), (52 bytes).
    Removing gd32f10x_dac.o(i.dac_output_buffer_disable), (36 bytes).
    Removing gd32f10x_dac.o(i.dac_output_buffer_enable), (36 bytes).
    Removing gd32f10x_dac.o(i.dac_output_value_get), (28 bytes).
    Removing gd32f10x_dac.o(i.dac_software_trigger_disable), (36 bytes).
    Removing gd32f10x_dac.o(i.dac_software_trigger_enable), (36 bytes).
    Removing gd32f10x_dac.o(i.dac_triangle_noise_config), (52 bytes).
    Removing gd32f10x_dac.o(i.dac_trigger_disable), (36 bytes).
    Removing gd32f10x_dac.o(i.dac_trigger_enable), (36 bytes).
    Removing gd32f10x_dac.o(i.dac_trigger_source_config), (52 bytes).
    Removing gd32f10x_dac.o(i.dac_wave_bit_width_config), (52 bytes).
    Removing gd32f10x_dac.o(i.dac_wave_mode_config), (52 bytes).
    Removing gd32f10x_dbg.o(.rev16_text), (4 bytes).
    Removing gd32f10x_dbg.o(.revsh_text), (4 bytes).
    Removing gd32f10x_dbg.o(i.dbg_id_get), (12 bytes).
    Removing gd32f10x_dbg.o(i.dbg_low_power_disable), (16 bytes).
    Removing gd32f10x_dbg.o(i.dbg_low_power_enable), (16 bytes).
    Removing gd32f10x_dbg.o(i.dbg_periph_disable), (16 bytes).
    Removing gd32f10x_dbg.o(i.dbg_periph_enable), (16 bytes).
    Removing gd32f10x_dbg.o(i.dbg_trace_pin_disable), (20 bytes).
    Removing gd32f10x_dbg.o(i.dbg_trace_pin_enable), (20 bytes).
    Removing gd32f10x_dbg.o(i.dbg_trace_pin_mode_set), (28 bytes).
    Removing gd32f10x_dma.o(.rev16_text), (4 bytes).
    Removing gd32f10x_dma.o(.revsh_text), (4 bytes).
    Removing gd32f10x_dma.o(i.dma_channel_disable), (50 bytes).
    Removing gd32f10x_dma.o(i.dma_channel_enable), (50 bytes).
    Removing gd32f10x_dma.o(i.dma_circulation_disable), (50 bytes).
    Removing gd32f10x_dma.o(i.dma_circulation_enable), (50 bytes).
    Removing gd32f10x_dma.o(i.dma_deinit), (112 bytes).
    Removing gd32f10x_dma.o(i.dma_flag_clear), (16 bytes).
    Removing gd32f10x_dma.o(i.dma_flag_get), (24 bytes).
    Removing gd32f10x_dma.o(i.dma_init), (302 bytes).
    Removing gd32f10x_dma.o(i.dma_interrupt_disable), (50 bytes).
    Removing gd32f10x_dma.o(i.dma_interrupt_enable), (50 bytes).
    Removing gd32f10x_dma.o(i.dma_interrupt_flag_clear), (16 bytes).
    Removing gd32f10x_dma.o(i.dma_interrupt_flag_get), (130 bytes).
    Removing gd32f10x_dma.o(i.dma_memory_address_config), (36 bytes).
    Removing gd32f10x_dma.o(i.dma_memory_increase_disable), (50 bytes).
    Removing gd32f10x_dma.o(i.dma_memory_increase_enable), (50 bytes).
    Removing gd32f10x_dma.o(i.dma_memory_to_memory_disable), (50 bytes).
    Removing gd32f10x_dma.o(i.dma_memory_to_memory_enable), (50 bytes).
    Removing gd32f10x_dma.o(i.dma_memory_width_config), (58 bytes).
    Removing gd32f10x_dma.o(i.dma_periph_address_config), (36 bytes).
    Removing gd32f10x_dma.o(i.dma_periph_and_channel_check), (24 bytes).
    Removing gd32f10x_dma.o(i.dma_periph_increase_disable), (50 bytes).
    Removing gd32f10x_dma.o(i.dma_periph_increase_enable), (50 bytes).
    Removing gd32f10x_dma.o(i.dma_periph_width_config), (58 bytes).
    Removing gd32f10x_dma.o(i.dma_priority_config), (58 bytes).
    Removing gd32f10x_dma.o(i.dma_struct_para_init), (22 bytes).
    Removing gd32f10x_dma.o(i.dma_transfer_direction_config), (84 bytes).
    Removing gd32f10x_dma.o(i.dma_transfer_number_config), (38 bytes).
    Removing gd32f10x_dma.o(i.dma_transfer_number_get), (34 bytes).
    Removing gd32f10x_enet.o(.rev16_text), (4 bytes).
    Removing gd32f10x_enet.o(.revsh_text), (4 bytes).
    Removing gd32f10x_exmc.o(.rev16_text), (4 bytes).
    Removing gd32f10x_exmc.o(.revsh_text), (4 bytes).
    Removing gd32f10x_exmc.o(i.exmc_ecc_get), (12 bytes).
    Removing gd32f10x_exmc.o(i.exmc_flag_clear), (20 bytes).
    Removing gd32f10x_exmc.o(i.exmc_flag_get), (28 bytes).
    Removing gd32f10x_exmc.o(i.exmc_interrupt_disable), (20 bytes).
    Removing gd32f10x_exmc.o(i.exmc_interrupt_enable), (20 bytes).
    Removing gd32f10x_exmc.o(i.exmc_interrupt_flag_clear), (22 bytes).
    Removing gd32f10x_exmc.o(i.exmc_interrupt_flag_get), (38 bytes).
    Removing gd32f10x_exmc.o(i.exmc_nand_deinit), (42 bytes).
    Removing gd32f10x_exmc.o(i.exmc_nand_disable), (22 bytes).
    Removing gd32f10x_exmc.o(i.exmc_nand_ecc_config), (48 bytes).
    Removing gd32f10x_exmc.o(i.exmc_nand_enable), (22 bytes).
    Removing gd32f10x_exmc.o(i.exmc_nand_init), (174 bytes).
    Removing gd32f10x_exmc.o(i.exmc_nand_struct_para_init), (54 bytes).
    Removing gd32f10x_exmc.o(i.exmc_norsram_deinit), (52 bytes).
    Removing gd32f10x_exmc.o(i.exmc_norsram_disable), (22 bytes).
    Removing gd32f10x_exmc.o(i.exmc_norsram_enable), (22 bytes).
    Removing gd32f10x_exmc.o(i.exmc_norsram_init), (268 bytes).
    Removing gd32f10x_exmc.o(i.exmc_norsram_struct_para_init), (106 bytes).
    Removing gd32f10x_exmc.o(i.exmc_pccard_deinit), (40 bytes).
    Removing gd32f10x_exmc.o(i.exmc_pccard_disable), (24 bytes).
    Removing gd32f10x_exmc.o(i.exmc_pccard_enable), (24 bytes).
    Removing gd32f10x_exmc.o(i.exmc_pccard_init), (192 bytes).
    Removing gd32f10x_exmc.o(i.exmc_pccard_struct_para_init), (60 bytes).
    Removing gd32f10x_exti.o(.rev16_text), (4 bytes).
    Removing gd32f10x_exti.o(.revsh_text), (4 bytes).
    Removing gd32f10x_exti.o(i.exti_deinit), (28 bytes).
    Removing gd32f10x_exti.o(i.exti_event_disable), (16 bytes).
    Removing gd32f10x_exti.o(i.exti_event_enable), (16 bytes).
    Removing gd32f10x_exti.o(i.exti_flag_clear), (12 bytes).
    Removing gd32f10x_exti.o(i.exti_flag_get), (24 bytes).
    Removing gd32f10x_exti.o(i.exti_init), (184 bytes).
    Removing gd32f10x_exti.o(i.exti_interrupt_disable), (16 bytes).
    Removing gd32f10x_exti.o(i.exti_interrupt_enable), (16 bytes).
    Removing gd32f10x_exti.o(i.exti_interrupt_flag_clear), (12 bytes).
    Removing gd32f10x_exti.o(i.exti_interrupt_flag_get), (36 bytes).
    Removing gd32f10x_exti.o(i.exti_software_interrupt_disable), (16 bytes).
    Removing gd32f10x_exti.o(i.exti_software_interrupt_enable), (16 bytes).
    Removing gd32f10x_fmc.o(.rev16_text), (4 bytes).
    Removing gd32f10x_fmc.o(.revsh_text), (4 bytes).
    Removing gd32f10x_fmc.o(i.fmc_bank0_erase), (68 bytes).
    Removing gd32f10x_fmc.o(i.fmc_bank0_lock), (20 bytes).
    Removing gd32f10x_fmc.o(i.fmc_bank0_ready_wait), (34 bytes).
    Removing gd32f10x_fmc.o(i.fmc_bank0_state_get), (48 bytes).
    Removing gd32f10x_fmc.o(i.fmc_bank0_unlock), (36 bytes).
    Removing gd32f10x_fmc.o(i.fmc_bank1_erase), (68 bytes).
    Removing gd32f10x_fmc.o(i.fmc_bank1_lock), (20 bytes).
    Removing gd32f10x_fmc.o(i.fmc_bank1_ready_wait), (34 bytes).
    Removing gd32f10x_fmc.o(i.fmc_bank1_state_get), (48 bytes).
    Removing gd32f10x_fmc.o(i.fmc_bank1_unlock), (36 bytes).
    Removing gd32f10x_fmc.o(i.fmc_flag_clear), (32 bytes).
    Removing gd32f10x_fmc.o(i.fmc_flag_get), (36 bytes).
    Removing gd32f10x_fmc.o(i.fmc_halfword_program), (192 bytes).
    Removing gd32f10x_fmc.o(i.fmc_interrupt_disable), (32 bytes).
    Removing gd32f10x_fmc.o(i.fmc_interrupt_enable), (32 bytes).
    Removing gd32f10x_fmc.o(i.fmc_interrupt_flag_clear), (32 bytes).
    Removing gd32f10x_fmc.o(i.fmc_interrupt_flag_get), (108 bytes).
    Removing gd32f10x_fmc.o(i.fmc_lock), (44 bytes).
    Removing gd32f10x_fmc.o(i.fmc_mass_erase), (196 bytes).
    Removing gd32f10x_fmc.o(i.fmc_page_erase), (236 bytes).
    Removing gd32f10x_fmc.o(i.fmc_unlock), (68 bytes).
    Removing gd32f10x_fmc.o(i.fmc_word_program), (192 bytes).
    Removing gd32f10x_fmc.o(i.fmc_wscnt_set), (24 bytes).
    Removing gd32f10x_fmc.o(i.ob_data_get), (16 bytes).
    Removing gd32f10x_fmc.o(i.ob_data_program), (68 bytes).
    Removing gd32f10x_fmc.o(i.ob_erase), (140 bytes).
    Removing gd32f10x_fmc.o(i.ob_lock), (20 bytes).
    Removing gd32f10x_fmc.o(i.ob_security_protection_config), (132 bytes).
    Removing gd32f10x_fmc.o(i.ob_spc_get), (24 bytes).
    Removing gd32f10x_fmc.o(i.ob_unlock), (48 bytes).
    Removing gd32f10x_fmc.o(i.ob_user_get), (16 bytes).
    Removing gd32f10x_fmc.o(i.ob_user_write), (96 bytes).
    Removing gd32f10x_fmc.o(i.ob_write_protection_enable), (168 bytes).
    Removing gd32f10x_fmc.o(i.ob_write_protection_get), (12 bytes).
    Removing gd32f10x_fwdgt.o(.rev16_text), (4 bytes).
    Removing gd32f10x_fwdgt.o(.revsh_text), (4 bytes).
    Removing gd32f10x_fwdgt.o(i.fwdgt_config), (104 bytes).
    Removing gd32f10x_fwdgt.o(i.fwdgt_counter_reload), (16 bytes).
    Removing gd32f10x_fwdgt.o(i.fwdgt_enable), (16 bytes).
    Removing gd32f10x_fwdgt.o(i.fwdgt_flag_get), (24 bytes).
    Removing gd32f10x_fwdgt.o(i.fwdgt_write_disable), (12 bytes).
    Removing gd32f10x_fwdgt.o(i.fwdgt_write_enable), (16 bytes).
    Removing gd32f10x_gpio.o(.rev16_text), (4 bytes).
    Removing gd32f10x_gpio.o(.revsh_text), (4 bytes).
    Removing gd32f10x_gpio.o(i.gpio_afio_deinit), (20 bytes).
    Removing gd32f10x_gpio.o(i.gpio_bit_write), (10 bytes).
    Removing gd32f10x_gpio.o(i.gpio_deinit), (196 bytes).
    Removing gd32f10x_gpio.o(i.gpio_event_output_config), (28 bytes).
    Removing gd32f10x_gpio.o(i.gpio_event_output_disable), (20 bytes).
    Removing gd32f10x_gpio.o(i.gpio_event_output_enable), (20 bytes).
    Removing gd32f10x_gpio.o(i.gpio_exti_source_select), (152 bytes).
    Removing gd32f10x_gpio.o(i.gpio_input_port_get), (8 bytes).
    Removing gd32f10x_gpio.o(i.gpio_output_bit_get), (16 bytes).
    Removing gd32f10x_gpio.o(i.gpio_output_port_get), (8 bytes).
    Removing gd32f10x_gpio.o(i.gpio_pin_lock), (18 bytes).
    Removing gd32f10x_gpio.o(i.gpio_pin_remap_config), (144 bytes).
    Removing gd32f10x_gpio.o(i.gpio_port_write), (4 bytes).
    Removing gd32f10x_i2c.o(.rev16_text), (4 bytes).
    Removing gd32f10x_i2c.o(.revsh_text), (4 bytes).
    Removing gd32f10x_i2c.o(i.i2c_ack_config), (24 bytes).
    Removing gd32f10x_i2c.o(i.i2c_ackpos_config), (22 bytes).
    Removing gd32f10x_i2c.o(i.i2c_clock_config), (228 bytes).
    Removing gd32f10x_i2c.o(i.i2c_data_receive), (8 bytes).
    Removing gd32f10x_i2c.o(i.i2c_data_transmit), (6 bytes).
    Removing gd32f10x_i2c.o(i.i2c_deinit), (64 bytes).
    Removing gd32f10x_i2c.o(i.i2c_disable), (10 bytes).
    Removing gd32f10x_i2c.o(i.i2c_dma_enable), (16 bytes).
    Removing gd32f10x_i2c.o(i.i2c_dma_last_transfer_config), (16 bytes).
    Removing gd32f10x_i2c.o(i.i2c_dualaddr_disable), (10 bytes).
    Removing gd32f10x_i2c.o(i.i2c_dualaddr_enable), (12 bytes).
    Removing gd32f10x_i2c.o(i.i2c_enable), (10 bytes).
    Removing gd32f10x_i2c.o(i.i2c_flag_clear), (40 bytes).
    Removing gd32f10x_i2c.o(i.i2c_flag_get), (30 bytes).
    Removing gd32f10x_i2c.o(i.i2c_interrupt_disable), (26 bytes).
    Removing gd32f10x_i2c.o(i.i2c_interrupt_enable), (26 bytes).
    Removing gd32f10x_i2c.o(i.i2c_interrupt_flag_clear), (44 bytes).
    Removing gd32f10x_i2c.o(i.i2c_interrupt_flag_get), (92 bytes).
    Removing gd32f10x_i2c.o(i.i2c_master_addressing), (20 bytes).
    Removing gd32f10x_i2c.o(i.i2c_mode_addr_config), (28 bytes).
    Removing gd32f10x_i2c.o(i.i2c_pec_enable), (16 bytes).
    Removing gd32f10x_i2c.o(i.i2c_pec_transfer_enable), (16 bytes).
    Removing gd32f10x_i2c.o(i.i2c_pec_value_get), (10 bytes).
    Removing gd32f10x_i2c.o(i.i2c_slave_response_to_gcall_config), (16 bytes).
    Removing gd32f10x_i2c.o(i.i2c_smbus_arp_enable), (16 bytes).
    Removing gd32f10x_i2c.o(i.i2c_smbus_issue_alert), (16 bytes).
    Removing gd32f10x_i2c.o(i.i2c_smbus_type_config), (24 bytes).
    Removing gd32f10x_i2c.o(i.i2c_software_reset_config), (16 bytes).
    Removing gd32f10x_i2c.o(i.i2c_start_on_bus), (10 bytes).
    Removing gd32f10x_i2c.o(i.i2c_stop_on_bus), (10 bytes).
    Removing gd32f10x_i2c.o(i.i2c_stretch_scl_low_config), (16 bytes).
    Removing gd32f10x_misc.o(.rev16_text), (4 bytes).
    Removing gd32f10x_misc.o(.revsh_text), (4 bytes).
    Removing gd32f10x_misc.o(i.nvic_irq_disable), (24 bytes).
    Removing gd32f10x_misc.o(i.nvic_vector_table_set), (20 bytes).
    Removing gd32f10x_misc.o(i.system_lowpower_reset), (16 bytes).
    Removing gd32f10x_misc.o(i.system_lowpower_set), (16 bytes).
    Removing gd32f10x_misc.o(i.systick_clksource_set), (40 bytes).
    Removing gd32f10x_pmu.o(.rev16_text), (4 bytes).
    Removing gd32f10x_pmu.o(.revsh_text), (4 bytes).
    Removing gd32f10x_pmu.o(i.pmu_backup_write_disable), (20 bytes).
    Removing gd32f10x_pmu.o(i.pmu_backup_write_enable), (20 bytes).
    Removing gd32f10x_pmu.o(i.pmu_deinit), (20 bytes).
    Removing gd32f10x_pmu.o(i.pmu_flag_clear), (48 bytes).
    Removing gd32f10x_pmu.o(i.pmu_flag_get), (24 bytes).
    Removing gd32f10x_pmu.o(i.pmu_lvd_disable), (20 bytes).
    Removing gd32f10x_pmu.o(i.pmu_lvd_select), (48 bytes).
    Removing gd32f10x_pmu.o(i.pmu_to_deepsleepmode), (196 bytes).
    Removing gd32f10x_pmu.o(i.pmu_to_sleepmode), (28 bytes).
    Removing gd32f10x_pmu.o(i.pmu_to_standbymode), (52 bytes).
    Removing gd32f10x_pmu.o(i.pmu_wakeup_pin_disable), (20 bytes).
    Removing gd32f10x_pmu.o(i.pmu_wakeup_pin_enable), (20 bytes).
    Removing gd32f10x_pmu.o(.bss), (16 bytes).
    Removing gd32f10x_rcu.o(.rev16_text), (4 bytes).
    Removing gd32f10x_rcu.o(.revsh_text), (4 bytes).
    Removing gd32f10x_rcu.o(i.rcu_adc_clock_config), (72 bytes).
    Removing gd32f10x_rcu.o(i.rcu_ahb_clock_config), (24 bytes).
    Removing gd32f10x_rcu.o(i.rcu_all_reset_flag_clear), (20 bytes).
    Removing gd32f10x_rcu.o(i.rcu_bkp_reset_disable), (20 bytes).
    Removing gd32f10x_rcu.o(i.rcu_bkp_reset_enable), (20 bytes).
    Removing gd32f10x_rcu.o(i.rcu_ckout0_config), (24 bytes).
    Removing gd32f10x_rcu.o(i.rcu_clock_freq_get), (292 bytes).
    Removing gd32f10x_rcu.o(i.rcu_deepsleep_voltage_set), (16 bytes).
    Removing gd32f10x_rcu.o(i.rcu_deinit), (76 bytes).
    Removing gd32f10x_rcu.o(i.rcu_flag_get), (36 bytes).
    Removing gd32f10x_rcu.o(i.rcu_hxtal_clock_monitor_disable), (20 bytes).
    Removing gd32f10x_rcu.o(i.rcu_hxtal_clock_monitor_enable), (20 bytes).
    Removing gd32f10x_rcu.o(i.rcu_interrupt_disable), (32 bytes).
    Removing gd32f10x_rcu.o(i.rcu_interrupt_enable), (32 bytes).
    Removing gd32f10x_rcu.o(i.rcu_interrupt_flag_clear), (32 bytes).
    Removing gd32f10x_rcu.o(i.rcu_interrupt_flag_get), (36 bytes).
    Removing gd32f10x_rcu.o(i.rcu_irc8m_adjust_value_set), (28 bytes).
    Removing gd32f10x_rcu.o(i.rcu_osci_bypass_mode_disable), (92 bytes).
    Removing gd32f10x_rcu.o(i.rcu_osci_bypass_mode_enable), (92 bytes).
    Removing gd32f10x_rcu.o(i.rcu_osci_off), (32 bytes).
    Removing gd32f10x_rcu.o(i.rcu_osci_on), (32 bytes).
    Removing gd32f10x_rcu.o(i.rcu_osci_stab_wait), (224 bytes).
    Removing gd32f10x_rcu.o(i.rcu_periph_clock_disable), (32 bytes).
    Removing gd32f10x_rcu.o(i.rcu_periph_clock_sleep_disable), (32 bytes).
    Removing gd32f10x_rcu.o(i.rcu_periph_clock_sleep_enable), (32 bytes).
    Removing gd32f10x_rcu.o(i.rcu_pll_config), (32 bytes).
    Removing gd32f10x_rcu.o(i.rcu_predv0_config), (32 bytes).
    Removing gd32f10x_rcu.o(i.rcu_rtc_clock_config), (24 bytes).
    Removing gd32f10x_rcu.o(i.rcu_system_clock_source_config), (24 bytes).
    Removing gd32f10x_rcu.o(i.rcu_system_clock_source_get), (16 bytes).
    Removing gd32f10x_rcu.o(i.rcu_usb_clock_config), (24 bytes).
    Removing gd32f10x_rtc.o(.rev16_text), (4 bytes).
    Removing gd32f10x_rtc.o(.revsh_text), (4 bytes).
    Removing gd32f10x_rtc.o(i.rtc_alarm_config), (32 bytes).
    Removing gd32f10x_rtc.o(i.rtc_configuration_mode_enter), (20 bytes).
    Removing gd32f10x_rtc.o(i.rtc_configuration_mode_exit), (20 bytes).
    Removing gd32f10x_rtc.o(i.rtc_counter_get), (20 bytes).
    Removing gd32f10x_rtc.o(i.rtc_counter_set), (32 bytes).
    Removing gd32f10x_rtc.o(i.rtc_divider_get), (24 bytes).
    Removing gd32f10x_rtc.o(i.rtc_flag_clear), (16 bytes).
    Removing gd32f10x_rtc.o(i.rtc_flag_get), (24 bytes).
    Removing gd32f10x_rtc.o(i.rtc_interrupt_disable), (16 bytes).
    Removing gd32f10x_rtc.o(i.rtc_interrupt_enable), (16 bytes).
    Removing gd32f10x_rtc.o(i.rtc_interrupt_flag_clear), (16 bytes).
    Removing gd32f10x_rtc.o(i.rtc_interrupt_flag_get), (24 bytes).
    Removing gd32f10x_rtc.o(i.rtc_lwoff_wait), (20 bytes).
    Removing gd32f10x_rtc.o(i.rtc_prescaler_set), (32 bytes).
    Removing gd32f10x_rtc.o(i.rtc_register_sync_wait), (32 bytes).
    Removing gd32f10x_sdio.o(.rev16_text), (4 bytes).
    Removing gd32f10x_sdio.o(.revsh_text), (4 bytes).
    Removing gd32f10x_sdio.o(i.sdio_bus_mode_set), (28 bytes).
    Removing gd32f10x_sdio.o(i.sdio_ceata_command_completion_disable), (20 bytes).
    Removing gd32f10x_sdio.o(i.sdio_ceata_command_completion_enable), (20 bytes).
    Removing gd32f10x_sdio.o(i.sdio_ceata_command_disable), (20 bytes).
    Removing gd32f10x_sdio.o(i.sdio_ceata_command_enable), (20 bytes).
    Removing gd32f10x_sdio.o(i.sdio_ceata_interrupt_disable), (20 bytes).
    Removing gd32f10x_sdio.o(i.sdio_ceata_interrupt_enable), (20 bytes).
    Removing gd32f10x_sdio.o(i.sdio_clock_config), (36 bytes).
    Removing gd32f10x_sdio.o(i.sdio_clock_disable), (20 bytes).
    Removing gd32f10x_sdio.o(i.sdio_clock_enable), (20 bytes).
    Removing gd32f10x_sdio.o(i.sdio_command_index_get), (12 bytes).
    Removing gd32f10x_sdio.o(i.sdio_command_response_config), (44 bytes).
    Removing gd32f10x_sdio.o(i.sdio_csm_disable), (20 bytes).
    Removing gd32f10x_sdio.o(i.sdio_csm_enable), (20 bytes).
    Removing gd32f10x_sdio.o(i.sdio_data_config), (52 bytes).
    Removing gd32f10x_sdio.o(i.sdio_data_counter_get), (12 bytes).
    Removing gd32f10x_sdio.o(i.sdio_data_read), (12 bytes).
    Removing gd32f10x_sdio.o(i.sdio_data_transfer_config), (28 bytes).
    Removing gd32f10x_sdio.o(i.sdio_data_write), (12 bytes).
    Removing gd32f10x_sdio.o(i.sdio_deinit), (28 bytes).
    Removing gd32f10x_sdio.o(i.sdio_dma_disable), (20 bytes).
    Removing gd32f10x_sdio.o(i.sdio_dma_enable), (20 bytes).
    Removing gd32f10x_sdio.o(i.sdio_dsm_disable), (20 bytes).
    Removing gd32f10x_sdio.o(i.sdio_dsm_enable), (20 bytes).
    Removing gd32f10x_sdio.o(i.sdio_fifo_counter_get), (12 bytes).
    Removing gd32f10x_sdio.o(i.sdio_flag_clear), (12 bytes).
    Removing gd32f10x_sdio.o(i.sdio_flag_get), (20 bytes).
    Removing gd32f10x_sdio.o(i.sdio_hardware_clock_disable), (20 bytes).
    Removing gd32f10x_sdio.o(i.sdio_hardware_clock_enable), (20 bytes).
    Removing gd32f10x_sdio.o(i.sdio_interrupt_disable), (16 bytes).
    Removing gd32f10x_sdio.o(i.sdio_interrupt_enable), (16 bytes).
    Removing gd32f10x_sdio.o(i.sdio_interrupt_flag_clear), (12 bytes).
    Removing gd32f10x_sdio.o(i.sdio_interrupt_flag_get), (36 bytes).
    Removing gd32f10x_sdio.o(i.sdio_operation_disable), (20 bytes).
    Removing gd32f10x_sdio.o(i.sdio_operation_enable), (20 bytes).
    Removing gd32f10x_sdio.o(i.sdio_power_state_get), (12 bytes).
    Removing gd32f10x_sdio.o(i.sdio_power_state_set), (12 bytes).
    Removing gd32f10x_sdio.o(i.sdio_readwait_disable), (20 bytes).
    Removing gd32f10x_sdio.o(i.sdio_readwait_enable), (20 bytes).
    Removing gd32f10x_sdio.o(i.sdio_readwait_type_set), (40 bytes).
    Removing gd32f10x_sdio.o(i.sdio_response_get), (56 bytes).
    Removing gd32f10x_sdio.o(i.sdio_stop_readwait_disable), (20 bytes).
    Removing gd32f10x_sdio.o(i.sdio_stop_readwait_enable), (20 bytes).
    Removing gd32f10x_sdio.o(i.sdio_suspend_disable), (20 bytes).
    Removing gd32f10x_sdio.o(i.sdio_suspend_enable), (20 bytes).
    Removing gd32f10x_sdio.o(i.sdio_wait_type_set), (28 bytes).
    Removing gd32f10x_spi.o(.rev16_text), (4 bytes).
    Removing gd32f10x_spi.o(.revsh_text), (4 bytes).
    Removing gd32f10x_spi.o(i.i2s_disable), (10 bytes).
    Removing gd32f10x_spi.o(i.i2s_enable), (10 bytes).
    Removing gd32f10x_spi.o(i.i2s_init), (28 bytes).
    Removing gd32f10x_spi.o(i.i2s_psc_config), (164 bytes).
    Removing gd32f10x_spi.o(i.spi_bidirectional_transfer_config), (26 bytes).
    Removing gd32f10x_spi.o(i.spi_crc_error_clear), (10 bytes).
    Removing gd32f10x_spi.o(i.spi_crc_get), (16 bytes).
    Removing gd32f10x_spi.o(i.spi_crc_next), (10 bytes).
    Removing gd32f10x_spi.o(i.spi_crc_off), (10 bytes).
    Removing gd32f10x_spi.o(i.spi_crc_on), (10 bytes).
    Removing gd32f10x_spi.o(i.spi_crc_polynomial_get), (8 bytes).
    Removing gd32f10x_spi.o(i.spi_crc_polynomial_set), (12 bytes).
    Removing gd32f10x_spi.o(i.spi_disable), (10 bytes).
    Removing gd32f10x_spi.o(i.spi_dma_disable), (22 bytes).
    Removing gd32f10x_spi.o(i.spi_dma_enable), (22 bytes).
    Removing gd32f10x_spi.o(i.spi_enable), (10 bytes).
    Removing gd32f10x_spi.o(i.spi_i2s_data_frame_format_config), (16 bytes).
    Removing gd32f10x_spi.o(i.spi_i2s_data_receive), (8 bytes).
    Removing gd32f10x_spi.o(i.spi_i2s_data_transmit), (4 bytes).
    Removing gd32f10x_spi.o(i.spi_i2s_deinit), (88 bytes).
    Removing gd32f10x_spi.o(i.spi_i2s_flag_get), (16 bytes).
    Removing gd32f10x_spi.o(i.spi_i2s_interrupt_disable), (48 bytes).
    Removing gd32f10x_spi.o(i.spi_i2s_interrupt_enable), (48 bytes).
    Removing gd32f10x_spi.o(i.spi_i2s_interrupt_flag_get), (100 bytes).
    Removing gd32f10x_spi.o(i.spi_init), (50 bytes).
    Removing gd32f10x_spi.o(i.spi_nss_internal_high), (10 bytes).
    Removing gd32f10x_spi.o(i.spi_nss_internal_low), (10 bytes).
    Removing gd32f10x_spi.o(i.spi_nss_output_disable), (10 bytes).
    Removing gd32f10x_spi.o(i.spi_nss_output_enable), (10 bytes).
    Removing gd32f10x_spi.o(i.spi_struct_para_init), (16 bytes).
    Removing gd32f10x_timer.o(.rev16_text), (4 bytes).
    Removing gd32f10x_timer.o(.revsh_text), (4 bytes).
    Removing gd32f10x_timer.o(i.timer_automatic_output_disable), (10 bytes).
    Removing gd32f10x_timer.o(i.timer_automatic_output_enable), (10 bytes).
    Removing gd32f10x_timer.o(i.timer_autoreload_value_config), (4 bytes).
    Removing gd32f10x_timer.o(i.timer_break_config), (30 bytes).
    Removing gd32f10x_timer.o(i.timer_break_disable), (10 bytes).
    Removing gd32f10x_timer.o(i.timer_break_enable), (10 bytes).
    Removing gd32f10x_timer.o(i.timer_break_struct_para_init), (18 bytes).
    Removing gd32f10x_timer.o(i.timer_channel_capture_value_register_read), (42 bytes).
    Removing gd32f10x_timer.o(i.timer_channel_complementary_output_polarity_config), (70 bytes).
    Removing gd32f10x_timer.o(i.timer_channel_complementary_output_state_config), (70 bytes).
    Removing gd32f10x_timer.o(i.timer_channel_control_shadow_config), (24 bytes).
    Removing gd32f10x_timer.o(i.timer_channel_control_shadow_update_config), (26 bytes).
    Removing gd32f10x_timer.o(i.timer_channel_dma_request_source_select), (26 bytes).
    Removing gd32f10x_timer.o(i.timer_channel_input_capture_prescaler_config), (90 bytes).
    Removing gd32f10x_timer.o(i.timer_channel_input_struct_para_init), (16 bytes).
    Removing gd32f10x_timer.o(i.timer_channel_output_clear_config), (90 bytes).
    Removing gd32f10x_timer.o(i.timer_channel_output_fast_config), (90 bytes).
    Removing gd32f10x_timer.o(i.timer_channel_output_polarity_config), (92 bytes).
    Removing gd32f10x_timer.o(i.timer_channel_output_state_config), (92 bytes).
    Removing gd32f10x_timer.o(i.timer_channel_output_struct_para_init), (16 bytes).
    Removing gd32f10x_timer.o(i.timer_counter_alignment), (16 bytes).
    Removing gd32f10x_timer.o(i.timer_counter_down_direction), (10 bytes).
    Removing gd32f10x_timer.o(i.timer_counter_read), (8 bytes).
    Removing gd32f10x_timer.o(i.timer_counter_up_direction), (10 bytes).
    Removing gd32f10x_timer.o(i.timer_counter_value_config), (4 bytes).
    Removing gd32f10x_timer.o(i.timer_dma_disable), (8 bytes).
    Removing gd32f10x_timer.o(i.timer_dma_enable), (8 bytes).
    Removing gd32f10x_timer.o(i.timer_dma_transfer_config), (24 bytes).
    Removing gd32f10x_timer.o(i.timer_event_software_generate), (8 bytes).
    Removing gd32f10x_timer.o(i.timer_external_clock_mode0_config), (40 bytes).
    Removing gd32f10x_timer.o(i.timer_external_clock_mode1_config), (32 bytes).
    Removing gd32f10x_timer.o(i.timer_external_clock_mode1_disable), (10 bytes).
    Removing gd32f10x_timer.o(i.timer_external_trigger_as_external_clock_config), (166 bytes).
    Removing gd32f10x_timer.o(i.timer_external_trigger_config), (30 bytes).
    Removing gd32f10x_timer.o(i.timer_flag_clear), (6 bytes).
    Removing gd32f10x_timer.o(i.timer_flag_get), (16 bytes).
    Removing gd32f10x_timer.o(i.timer_hall_mode_config), (26 bytes).
    Removing gd32f10x_timer.o(i.timer_input_capture_config), (326 bytes).
    Removing gd32f10x_timer.o(i.timer_input_pwm_capture_config), (356 bytes).
    Removing gd32f10x_timer.o(i.timer_input_trigger_source_select), (16 bytes).
    Removing gd32f10x_timer.o(i.timer_internal_clock_config), (10 bytes).
    Removing gd32f10x_timer.o(i.timer_internal_trigger_as_external_clock_config), (32 bytes).
    Removing gd32f10x_timer.o(i.timer_interrupt_disable), (8 bytes).
    Removing gd32f10x_timer.o(i.timer_master_output_trigger_source_select), (16 bytes).
    Removing gd32f10x_timer.o(i.timer_master_slave_mode_config), (26 bytes).
    Removing gd32f10x_timer.o(i.timer_prescaler_config), (16 bytes).
    Removing gd32f10x_timer.o(i.timer_prescaler_read), (10 bytes).
    Removing gd32f10x_timer.o(i.timer_primary_output_config), (24 bytes).
    Removing gd32f10x_timer.o(i.timer_quadrature_decoder_mode_config), (64 bytes).
    Removing gd32f10x_timer.o(i.timer_repetition_value_config), (4 bytes).
    Removing gd32f10x_timer.o(i.timer_single_pulse_mode_config), (26 bytes).
    Removing gd32f10x_timer.o(i.timer_slave_mode_select), (16 bytes).
    Removing gd32f10x_timer.o(i.timer_update_event_disable), (10 bytes).
    Removing gd32f10x_timer.o(i.timer_update_event_enable), (10 bytes).
    Removing gd32f10x_timer.o(i.timer_update_source_config), (26 bytes).
    Removing gd32f10x_usart.o(.rev16_text), (4 bytes).
    Removing gd32f10x_usart.o(.revsh_text), (4 bytes).
    Removing gd32f10x_usart.o(i.usart_address_config), (20 bytes).
    Removing gd32f10x_usart.o(i.usart_baudrate_set), (144 bytes).
    Removing gd32f10x_usart.o(i.usart_data_receive), (10 bytes).
    Removing gd32f10x_usart.o(i.usart_data_transmit), (8 bytes).
    Removing gd32f10x_usart.o(i.usart_deinit), (144 bytes).
    Removing gd32f10x_usart.o(i.usart_disable), (10 bytes).
    Removing gd32f10x_usart.o(i.usart_dma_receive_config), (16 bytes).
    Removing gd32f10x_usart.o(i.usart_dma_transmit_config), (16 bytes).
    Removing gd32f10x_usart.o(i.usart_enable), (10 bytes).
    Removing gd32f10x_usart.o(i.usart_flag_clear), (26 bytes).
    Removing gd32f10x_usart.o(i.usart_flag_get), (30 bytes).
    Removing gd32f10x_usart.o(i.usart_guard_time_config), (24 bytes).
    Removing gd32f10x_usart.o(i.usart_halfduplex_disable), (10 bytes).
    Removing gd32f10x_usart.o(i.usart_halfduplex_enable), (10 bytes).
    Removing gd32f10x_usart.o(i.usart_hardware_flow_cts_config), (16 bytes).
    Removing gd32f10x_usart.o(i.usart_hardware_flow_rts_config), (16 bytes).
    Removing gd32f10x_usart.o(i.usart_interrupt_disable), (26 bytes).
    Removing gd32f10x_usart.o(i.usart_interrupt_enable), (26 bytes).
    Removing gd32f10x_usart.o(i.usart_interrupt_flag_clear), (26 bytes).
    Removing gd32f10x_usart.o(i.usart_interrupt_flag_get), (56 bytes).
    Removing gd32f10x_usart.o(i.usart_irda_lowpower_config), (20 bytes).
    Removing gd32f10x_usart.o(i.usart_irda_mode_disable), (10 bytes).
    Removing gd32f10x_usart.o(i.usart_irda_mode_enable), (10 bytes).
    Removing gd32f10x_usart.o(i.usart_lin_break_detection_length_config), (20 bytes).
    Removing gd32f10x_usart.o(i.usart_lin_mode_disable), (10 bytes).
    Removing gd32f10x_usart.o(i.usart_lin_mode_enable), (10 bytes).
    Removing gd32f10x_usart.o(i.usart_mute_mode_disable), (10 bytes).
    Removing gd32f10x_usart.o(i.usart_mute_mode_enable), (10 bytes).
    Removing gd32f10x_usart.o(i.usart_mute_mode_wakeup_config), (16 bytes).
    Removing gd32f10x_usart.o(i.usart_parity_config), (16 bytes).
    Removing gd32f10x_usart.o(i.usart_prescaler_config), (16 bytes).
    Removing gd32f10x_usart.o(i.usart_receive_config), (16 bytes).
    Removing gd32f10x_usart.o(i.usart_send_break), (10 bytes).
    Removing gd32f10x_usart.o(i.usart_smartcard_mode_disable), (10 bytes).
    Removing gd32f10x_usart.o(i.usart_smartcard_mode_enable), (10 bytes).
    Removing gd32f10x_usart.o(i.usart_smartcard_mode_nack_disable), (10 bytes).
    Removing gd32f10x_usart.o(i.usart_smartcard_mode_nack_enable), (10 bytes).
    Removing gd32f10x_usart.o(i.usart_stop_bit_set), (16 bytes).
    Removing gd32f10x_usart.o(i.usart_synchronous_clock_config), (34 bytes).
    Removing gd32f10x_usart.o(i.usart_synchronous_clock_disable), (10 bytes).
    Removing gd32f10x_usart.o(i.usart_synchronous_clock_enable), (10 bytes).
    Removing gd32f10x_usart.o(i.usart_transmit_config), (16 bytes).
    Removing gd32f10x_usart.o(i.usart_word_length_set), (16 bytes).
    Removing gd32f10x_wwdgt.o(.rev16_text), (4 bytes).
    Removing gd32f10x_wwdgt.o(.revsh_text), (4 bytes).
    Removing gd32f10x_wwdgt.o(i.wwdgt_config), (56 bytes).
    Removing gd32f10x_wwdgt.o(i.wwdgt_counter_update), (28 bytes).
    Removing gd32f10x_wwdgt.o(i.wwdgt_deinit), (20 bytes).
    Removing gd32f10x_wwdgt.o(i.wwdgt_enable), (20 bytes).
    Removing gd32f10x_wwdgt.o(i.wwdgt_flag_clear), (20 bytes).
    Removing gd32f10x_wwdgt.o(i.wwdgt_flag_get), (24 bytes).
    Removing gd32f10x_wwdgt.o(i.wwdgt_interrupt_enable), (20 bytes).
    Removing main.o(.rev16_text), (4 bytes).
    Removing main.o(.revsh_text), (4 bytes).
    Removing include.o(.rev16_text), (4 bytes).
    Removing include.o(.revsh_text), (4 bytes).
    Removing key.o(.rev16_text), (4 bytes).
    Removing key.o(.revsh_text), (4 bytes).
    Removing gd32f10x_it.o(.rev16_text), (4 bytes).
    Removing gd32f10x_it.o(.revsh_text), (4 bytes).
    Removing systick.o(.rev16_text), (4 bytes).
    Removing systick.o(.revsh_text), (4 bytes).
    Removing system_gd32f10x.o(.rev16_text), (4 bytes).
    Removing system_gd32f10x.o(.revsh_text), (4 bytes).
    Removing system_gd32f10x.o(i.SystemCoreClockUpdate), (140 bytes).

569 unused section(s) (total 20998 bytes) removed from the image.

==============================================================================

Image Symbol Table

    Local Symbols

    Symbol Name                              Value     Ov Type        Size  Object(Section)

    ../clib/angel/boardlib.s                 0x00000000   Number         0  boardshut.o ABSOLUTE
    ../clib/angel/boardlib.s                 0x00000000   Number         0  boardinit1.o ABSOLUTE
    ../clib/angel/boardlib.s                 0x00000000   Number         0  boardinit3.o ABSOLUTE
    ../clib/angel/boardlib.s                 0x00000000   Number         0  boardinit2.o ABSOLUTE
    ../clib/angel/handlers.s                 0x00000000   Number         0  __scatter_zi.o ABSOLUTE
    ../clib/angel/handlers.s                 0x00000000   Number         0  __scatter_copy.o ABSOLUTE
    ../clib/angel/kernel.s                   0x00000000   Number         0  __rtentry.o ABSOLUTE
    ../clib/angel/kernel.s                   0x00000000   Number         0  __rtentry2.o ABSOLUTE
    ../clib/angel/kernel.s                   0x00000000   Number         0  __rtentry4.o ABSOLUTE
    ../clib/angel/kernel.s                   0x00000000   Number         0  rtexit.o ABSOLUTE
    ../clib/angel/kernel.s                   0x00000000   Number         0  rtexit2.o ABSOLUTE
    ../clib/angel/rt.s                       0x00000000   Number         0  rt_raise.o ABSOLUTE
    ../clib/angel/scatter.s                  0x00000000   Number         0  __scatter.o ABSOLUTE
    ../clib/angel/startup.s                  0x00000000   Number         0  __main.o ABSOLUTE
    ../clib/angel/sys.s                      0x00000000   Number         0  sys_stackheap_outer.o ABSOLUTE
    ../clib/angel/sys.s                      0x00000000   Number         0  libspace.o ABSOLUTE
    ../clib/angel/sys.s                      0x00000000   Number         0  use_no_semi.o ABSOLUTE
    ../clib/angel/sys.s                      0x00000000   Number         0  indicate_semi.o ABSOLUTE
    ../clib/angel/sysapp.c                   0x00000000   Number         0  sys_command.o ABSOLUTE
    ../clib/angel/sysapp.c                   0x00000000   Number         0  sys_wrch.o ABSOLUTE
    ../clib/angel/sysapp.c                   0x00000000   Number         0  sys_exit.o ABSOLUTE
    ../clib/armsys.c                         0x00000000   Number         0  _get_argv_nomalloc.o ABSOLUTE
    ../clib/armsys.c                         0x00000000   Number         0  no_argv.o ABSOLUTE
    ../clib/armsys.c                         0x00000000   Number         0  argv_veneer.o ABSOLUTE
    ../clib/armsys.c                         0x00000000   Number         0  argv_veneer.o ABSOLUTE
    ../clib/heapalloc.c                      0x00000000   Number         0  hrguard.o ABSOLUTE
    ../clib/heapaux.c                        0x00000000   Number         0  heapauxi.o ABSOLUTE
    ../clib/libinit.s                        0x00000000   Number         0  libinit.o ABSOLUTE
    ../clib/libinit.s                        0x00000000   Number         0  libshutdown.o ABSOLUTE
    ../clib/libinit.s                        0x00000000   Number         0  libinit2.o ABSOLUTE
    ../clib/libinit.s                        0x00000000   Number         0  libshutdown2.o ABSOLUTE
    ../clib/signal.c                         0x00000000   Number         0  defsig_abrt_inner.o ABSOLUTE
    ../clib/signal.c                         0x00000000   Number         0  defsig_rtmem_outer.o ABSOLUTE
    ../clib/signal.c                         0x00000000   Number         0  defsig_segv_inner.o ABSOLUTE
    ../clib/signal.c                         0x00000000   Number         0  defsig_rtmem_formal.o ABSOLUTE
    ../clib/signal.c                         0x00000000   Number         0  defsig_exit.o ABSOLUTE
    ../clib/signal.c                         0x00000000   Number         0  defsig_rtmem_inner.o ABSOLUTE
    ../clib/signal.c                         0x00000000   Number         0  defsig_other.o ABSOLUTE
    ../clib/signal.c                         0x00000000   Number         0  __raise.o ABSOLUTE
    ../clib/signal.c                         0x00000000   Number         0  defsig_general.o ABSOLUTE
    ../clib/signal.c                         0x00000000   Number         0  defsig_cppl_inner.o ABSOLUTE
    ../clib/signal.c                         0x00000000   Number         0  defsig_pvfn_inner.o ABSOLUTE
    ../clib/signal.c                         0x00000000   Number         0  defsig_stak_inner.o ABSOLUTE
    ../clib/signal.c                         0x00000000   Number         0  defsig_rtred_inner.o ABSOLUTE
    ../clib/signal.c                         0x00000000   Number         0  defsig_fpe_inner.o ABSOLUTE
    ../clib/signal.s                         0x00000000   Number         0  defsig.o ABSOLUTE
    ../clib/stdlib.c                         0x00000000   Number         0  exit.o ABSOLUTE
    ../fplib/fpinit.s                        0x00000000   Number         0  fpinit.o ABSOLUTE
    ..\CMSIS\system_gd32f10x.c               0x00000000   Number         0  system_gd32f10x.o ABSOLUTE
    ..\Library\Source\gd32f10x_adc.c         0x00000000   Number         0  gd32f10x_adc.o ABSOLUTE
    ..\Library\Source\gd32f10x_bkp.c         0x00000000   Number         0  gd32f10x_bkp.o ABSOLUTE
    ..\Library\Source\gd32f10x_can.c         0x00000000   Number         0  gd32f10x_can.o ABSOLUTE
    ..\Library\Source\gd32f10x_crc.c         0x00000000   Number         0  gd32f10x_crc.o ABSOLUTE
    ..\Library\Source\gd32f10x_dac.c         0x00000000   Number         0  gd32f10x_dac.o ABSOLUTE
    ..\Library\Source\gd32f10x_dbg.c         0x00000000   Number         0  gd32f10x_dbg.o ABSOLUTE
    ..\Library\Source\gd32f10x_dma.c         0x00000000   Number         0  gd32f10x_dma.o ABSOLUTE
    ..\Library\Source\gd32f10x_enet.c        0x00000000   Number         0  gd32f10x_enet.o ABSOLUTE
    ..\Library\Source\gd32f10x_exmc.c        0x00000000   Number         0  gd32f10x_exmc.o ABSOLUTE
    ..\Library\Source\gd32f10x_exti.c        0x00000000   Number         0  gd32f10x_exti.o ABSOLUTE
    ..\Library\Source\gd32f10x_fmc.c         0x00000000   Number         0  gd32f10x_fmc.o ABSOLUTE
    ..\Library\Source\gd32f10x_fwdgt.c       0x00000000   Number         0  gd32f10x_fwdgt.o ABSOLUTE
    ..\Library\Source\gd32f10x_gpio.c        0x00000000   Number         0  gd32f10x_gpio.o ABSOLUTE
    ..\Library\Source\gd32f10x_i2c.c         0x00000000   Number         0  gd32f10x_i2c.o ABSOLUTE
    ..\Library\Source\gd32f10x_misc.c        0x00000000   Number         0  gd32f10x_misc.o ABSOLUTE
    ..\Library\Source\gd32f10x_pmu.c         0x00000000   Number         0  gd32f10x_pmu.o ABSOLUTE
    ..\Library\Source\gd32f10x_rcu.c         0x00000000   Number         0  gd32f10x_rcu.o ABSOLUTE
    ..\Library\Source\gd32f10x_rtc.c         0x00000000   Number         0  gd32f10x_rtc.o ABSOLUTE
    ..\Library\Source\gd32f10x_sdio.c        0x00000000   Number         0  gd32f10x_sdio.o ABSOLUTE
    ..\Library\Source\gd32f10x_spi.c         0x00000000   Number         0  gd32f10x_spi.o ABSOLUTE
    ..\Library\Source\gd32f10x_timer.c       0x00000000   Number         0  gd32f10x_timer.o ABSOLUTE
    ..\Library\Source\gd32f10x_usart.c       0x00000000   Number         0  gd32f10x_usart.o ABSOLUTE
    ..\Library\Source\gd32f10x_wwdgt.c       0x00000000   Number         0  gd32f10x_wwdgt.o ABSOLUTE
    ..\Startup\startup_gd32f10x_md.s         0x00000000   Number         0  startup_gd32f10x_md.o ABSOLUTE
    ..\User\gd32f10x_it.c                    0x00000000   Number         0  gd32f10x_it.o ABSOLUTE
    ..\User\include.c                        0x00000000   Number         0  include.o ABSOLUTE
    ..\User\key.c                            0x00000000   Number         0  key.o ABSOLUTE
    ..\User\main.c                           0x00000000   Number         0  main.o ABSOLUTE
    ..\User\systick.c                        0x00000000   Number         0  systick.o ABSOLUTE
    ..\\CMSIS\\system_gd32f10x.c             0x00000000   Number         0  system_gd32f10x.o ABSOLUTE
    ..\\Library\\Source\\gd32f10x_adc.c      0x00000000   Number         0  gd32f10x_adc.o ABSOLUTE
    ..\\Library\\Source\\gd32f10x_bkp.c      0x00000000   Number         0  gd32f10x_bkp.o ABSOLUTE
    ..\\Library\\Source\\gd32f10x_can.c      0x00000000   Number         0  gd32f10x_can.o ABSOLUTE
    ..\\Library\\Source\\gd32f10x_crc.c      0x00000000   Number         0  gd32f10x_crc.o ABSOLUTE
    ..\\Library\\Source\\gd32f10x_dac.c      0x00000000   Number         0  gd32f10x_dac.o ABSOLUTE
    ..\\Library\\Source\\gd32f10x_dbg.c      0x00000000   Number         0  gd32f10x_dbg.o ABSOLUTE
    ..\\Library\\Source\\gd32f10x_dma.c      0x00000000   Number         0  gd32f10x_dma.o ABSOLUTE
    ..\\Library\\Source\\gd32f10x_enet.c     0x00000000   Number         0  gd32f10x_enet.o ABSOLUTE
    ..\\Library\\Source\\gd32f10x_exmc.c     0x00000000   Number         0  gd32f10x_exmc.o ABSOLUTE
    ..\\Library\\Source\\gd32f10x_exti.c     0x00000000   Number         0  gd32f10x_exti.o ABSOLUTE
    ..\\Library\\Source\\gd32f10x_fmc.c      0x00000000   Number         0  gd32f10x_fmc.o ABSOLUTE
    ..\\Library\\Source\\gd32f10x_fwdgt.c    0x00000000   Number         0  gd32f10x_fwdgt.o ABSOLUTE
    ..\\Library\\Source\\gd32f10x_gpio.c     0x00000000   Number         0  gd32f10x_gpio.o ABSOLUTE
    ..\\Library\\Source\\gd32f10x_i2c.c      0x00000000   Number         0  gd32f10x_i2c.o ABSOLUTE
    ..\\Library\\Source\\gd32f10x_misc.c     0x00000000   Number         0  gd32f10x_misc.o ABSOLUTE
    ..\\Library\\Source\\gd32f10x_pmu.c      0x00000000   Number         0  gd32f10x_pmu.o ABSOLUTE
    ..\\Library\\Source\\gd32f10x_rcu.c      0x00000000   Number         0  gd32f10x_rcu.o ABSOLUTE
    ..\\Library\\Source\\gd32f10x_rtc.c      0x00000000   Number         0  gd32f10x_rtc.o ABSOLUTE
    ..\\Library\\Source\\gd32f10x_sdio.c     0x00000000   Number         0  gd32f10x_sdio.o ABSOLUTE
    ..\\Library\\Source\\gd32f10x_spi.c      0x00000000   Number         0  gd32f10x_spi.o ABSOLUTE
    ..\\Library\\Source\\gd32f10x_timer.c    0x00000000   Number         0  gd32f10x_timer.o ABSOLUTE
    ..\\Library\\Source\\gd32f10x_usart.c    0x00000000   Number         0  gd32f10x_usart.o ABSOLUTE
    ..\\Library\\Source\\gd32f10x_wwdgt.c    0x00000000   Number         0  gd32f10x_wwdgt.o ABSOLUTE
    ..\\User\\gd32f10x_it.c                  0x00000000   Number         0  gd32f10x_it.o ABSOLUTE
    ..\\User\\include.c                      0x00000000   Number         0  include.o ABSOLUTE
    ..\\User\\key.c                          0x00000000   Number         0  key.o ABSOLUTE
    ..\\User\\main.c                         0x00000000   Number         0  main.o ABSOLUTE
    ..\\User\\systick.c                      0x00000000   Number         0  systick.o ABSOLUTE
    dc.s                                     0x00000000   Number         0  dc.o ABSOLUTE
    RESET                                    0x08000000   Section      260  startup_gd32f10x_md.o(RESET)
    !!!main                                  0x08000104   Section        8  __main.o(!!!main)
    !!!scatter                               0x0800010c   Section       52  __scatter.o(!!!scatter)
    !!handler_copy                           0x08000140   Section       26  __scatter_copy.o(!!handler_copy)
    !!handler_zi                             0x0800015c   Section       28  __scatter_zi.o(!!handler_zi)
    .ARM.Collect$$libinit$$00000000          0x08000178   Section        2  libinit.o(.ARM.Collect$$libinit$$00000000)
    .ARM.Collect$$libinit$$00000002          0x0800017a   Section        0  libinit2.o(.ARM.Collect$$libinit$$00000002)
    .ARM.Collect$$libinit$$00000004          0x0800017a   Section        0  libinit2.o(.ARM.Collect$$libinit$$00000004)
    .ARM.Collect$$libinit$$0000000A          0x0800017a   Section        0  libinit2.o(.ARM.Collect$$libinit$$0000000A)
    .ARM.Collect$$libinit$$0000000C          0x0800017a   Section        0  libinit2.o(.ARM.Collect$$libinit$$0000000C)
    .ARM.Collect$$libinit$$0000000E          0x0800017a   Section        0  libinit2.o(.ARM.Collect$$libinit$$0000000E)
    .ARM.Collect$$libinit$$00000011          0x0800017a   Section        0  libinit2.o(.ARM.Collect$$libinit$$00000011)
    .ARM.Collect$$libinit$$00000013          0x0800017a   Section        0  libinit2.o(.ARM.Collect$$libinit$$00000013)
    .ARM.Collect$$libinit$$00000015          0x0800017a   Section        0  libinit2.o(.ARM.Collect$$libinit$$00000015)
    .ARM.Collect$$libinit$$00000017          0x0800017a   Section        0  libinit2.o(.ARM.Collect$$libinit$$00000017)
    .ARM.Collect$$libinit$$00000019          0x0800017a   Section        0  libinit2.o(.ARM.Collect$$libinit$$00000019)
    .ARM.Collect$$libinit$$0000001B          0x0800017a   Section        0  libinit2.o(.ARM.Collect$$libinit$$0000001B)
    .ARM.Collect$$libinit$$0000001D          0x0800017a   Section        0  libinit2.o(.ARM.Collect$$libinit$$0000001D)
    .ARM.Collect$$libinit$$0000001F          0x0800017a   Section        0  libinit2.o(.ARM.Collect$$libinit$$0000001F)
    .ARM.Collect$$libinit$$00000021          0x0800017a   Section        0  libinit2.o(.ARM.Collect$$libinit$$00000021)
    .ARM.Collect$$libinit$$00000023          0x0800017a   Section        0  libinit2.o(.ARM.Collect$$libinit$$00000023)
    .ARM.Collect$$libinit$$00000025          0x0800017a   Section        0  libinit2.o(.ARM.Collect$$libinit$$00000025)
    .ARM.Collect$$libinit$$0000002C          0x0800017a   Section        0  libinit2.o(.ARM.Collect$$libinit$$0000002C)
    .ARM.Collect$$libinit$$0000002E          0x0800017a   Section        0  libinit2.o(.ARM.Collect$$libinit$$0000002E)
    .ARM.Collect$$libinit$$00000030          0x0800017a   Section        0  libinit2.o(.ARM.Collect$$libinit$$00000030)
    .ARM.Collect$$libinit$$00000032          0x0800017a   Section        0  libinit2.o(.ARM.Collect$$libinit$$00000032)
    .ARM.Collect$$libinit$$00000033          0x0800017a   Section        2  libinit2.o(.ARM.Collect$$libinit$$00000033)
    .ARM.Collect$$libshutdown$$00000000      0x0800017c   Section        2  libshutdown.o(.ARM.Collect$$libshutdown$$00000000)
    .ARM.Collect$$libshutdown$$00000003      0x0800017e   Section        0  libshutdown2.o(.ARM.Collect$$libshutdown$$00000003)
    .ARM.Collect$$libshutdown$$00000006      0x0800017e   Section        0  libshutdown2.o(.ARM.Collect$$libshutdown$$00000006)
    .ARM.Collect$$libshutdown$$00000009      0x0800017e   Section        0  libshutdown2.o(.ARM.Collect$$libshutdown$$00000009)
    .ARM.Collect$$libshutdown$$0000000B      0x0800017e   Section        0  libshutdown2.o(.ARM.Collect$$libshutdown$$0000000B)
    .ARM.Collect$$libshutdown$$0000000E      0x0800017e   Section        0  libshutdown2.o(.ARM.Collect$$libshutdown$$0000000E)
    .ARM.Collect$$libshutdown$$0000000F      0x0800017e   Section        2  libshutdown2.o(.ARM.Collect$$libshutdown$$0000000F)
    .ARM.Collect$$rtentry$$00000000          0x08000180   Section        0  __rtentry.o(.ARM.Collect$$rtentry$$00000000)
    .ARM.Collect$$rtentry$$00000002          0x08000180   Section        0  __rtentry2.o(.ARM.Collect$$rtentry$$00000002)
    .ARM.Collect$$rtentry$$00000004          0x08000180   Section        6  __rtentry4.o(.ARM.Collect$$rtentry$$00000004)
    .ARM.Collect$$rtentry$$00000009          0x08000186   Section        0  __rtentry2.o(.ARM.Collect$$rtentry$$00000009)
    .ARM.Collect$$rtentry$$0000000A          0x08000186   Section        4  __rtentry2.o(.ARM.Collect$$rtentry$$0000000A)
    .ARM.Collect$$rtentry$$0000000C          0x0800018a   Section        0  __rtentry2.o(.ARM.Collect$$rtentry$$0000000C)
    .ARM.Collect$$rtentry$$0000000D          0x0800018a   Section        8  __rtentry2.o(.ARM.Collect$$rtentry$$0000000D)
    .ARM.Collect$$rtexit$$00000000           0x08000192   Section        2  rtexit.o(.ARM.Collect$$rtexit$$00000000)
    .ARM.Collect$$rtexit$$00000002           0x08000194   Section        0  rtexit2.o(.ARM.Collect$$rtexit$$00000002)
    .ARM.Collect$$rtexit$$00000003           0x08000194   Section        4  rtexit2.o(.ARM.Collect$$rtexit$$00000003)
    .ARM.Collect$$rtexit$$00000004           0x08000198   Section        6  rtexit2.o(.ARM.Collect$$rtexit$$00000004)
    .text                                    0x080001a0   Section       64  startup_gd32f10x_md.o(.text)
    .text                                    0x080001e0   Section        0  heapauxi.o(.text)
    .text                                    0x080001e6   Section       74  sys_stackheap_outer.o(.text)
    .text                                    0x08000230   Section        0  exit.o(.text)
    .text                                    0x0800023c   Section        8  libspace.o(.text)
    .text                                    0x08000244   Section        0  sys_exit.o(.text)
    .text                                    0x08000250   Section        2  use_no_semi.o(.text)
    .text                                    0x08000252   Section        0  indicate_semi.o(.text)
    i.BusFault_Handler                       0x08000252   Section        0  gd32f10x_it.o(i.BusFault_Handler)
    i.Clock_config                           0x08000256   Section        0  include.o(i.Clock_config)
    i.DebugMon_Handler                       0x08000296   Section        0  gd32f10x_it.o(i.DebugMon_Handler)
    i.GetKeyNum                              0x08000298   Section        0  key.o(i.GetKeyNum)
    i.HardFault_Handler                      0x080002d8   Section        0  gd32f10x_it.o(i.HardFault_Handler)
    i.Key_Init                               0x080002dc   Section        0  include.o(i.Key_Init)
    i.Led_Init                               0x0800030c   Section        0  include.o(i.Led_Init)
    i.MemManage_Handler                      0x0800035c   Section        0  gd32f10x_it.o(i.MemManage_Handler)
    i.Motor_Init                             0x08000360   Section        0  include.o(i.Motor_Init)
    i.NMI_Handler                            0x08000424   Section        0  gd32f10x_it.o(i.NMI_Handler)
    i.NVIC_SetPriority                       0x08000428   Section        0  systick.o(i.NVIC_SetPriority)
    NVIC_SetPriority                         0x08000429   Thumb Code    32  systick.o(i.NVIC_SetPriority)
    i.PendSV_Handler                         0x08000450   Section        0  gd32f10x_it.o(i.PendSV_Handler)
    i.SVC_Handler                            0x08000452   Section        0  gd32f10x_it.o(i.SVC_Handler)
    i.ScanKeyDealwith                        0x08000454   Section        0  key.o(i.ScanKeyDealwith)
    i.SysTick_Handler                        0x0800052c   Section        0  gd32f10x_it.o(i.SysTick_Handler)
    i.SystemInit                             0x08000534   Section        0  system_gd32f10x.o(i.SystemInit)
    i.System_Init                            0x08000598   Section        0  include.o(i.System_Init)
    i.TIMER2_IRQHandler                      0x080005c0   Section        0  gd32f10x_it.o(i.TIMER2_IRQHandler)
    i.Time2_Init                             0x080005e8   Section        0  include.o(i.Time2_Init)
    i.UsageFault_Handler                     0x08000634   Section        0  gd32f10x_it.o(i.UsageFault_Handler)
    i.delay_1ms                              0x08000638   Section        0  systick.o(i.delay_1ms)
    i.delay_decrement                        0x0800064c   Section        0  systick.o(i.delay_decrement)
    i.gpio_bit_reset                         0x08000664   Section        0  gd32f10x_gpio.o(i.gpio_bit_reset)
    i.gpio_bit_set                           0x08000668   Section        0  gd32f10x_gpio.o(i.gpio_bit_set)
    i.gpio_init                              0x0800066c   Section        0  gd32f10x_gpio.o(i.gpio_init)
    i.gpio_input_bit_get                     0x08000718   Section        0  gd32f10x_gpio.o(i.gpio_input_bit_get)
    i.gpio_toggle_bits                       0x08000728   Section        0  key.o(i.gpio_toggle_bits)
    i.main                                   0x08000738   Section        0  main.o(i.main)
    i.motor_frequencyAdj                     0x08000750   Section        0  key.o(i.motor_frequencyAdj)
    i.nvic_config                            0x08000850   Section        0  include.o(i.nvic_config)
    i.nvic_irq_enable                        0x08000868   Section        0  gd32f10x_misc.o(i.nvic_irq_enable)
    i.nvic_priority_group_set                0x08000914   Section        0  gd32f10x_misc.o(i.nvic_priority_group_set)
    i.rcu_apb1_clock_config                  0x08000928   Section        0  gd32f10x_rcu.o(i.rcu_apb1_clock_config)
    i.rcu_apb2_clock_config                  0x08000940   Section        0  gd32f10x_rcu.o(i.rcu_apb2_clock_config)
    i.rcu_periph_clock_enable                0x08000958   Section        0  gd32f10x_rcu.o(i.rcu_periph_clock_enable)
    i.rcu_periph_reset_disable               0x08000978   Section        0  gd32f10x_rcu.o(i.rcu_periph_reset_disable)
    i.rcu_periph_reset_enable                0x08000998   Section        0  gd32f10x_rcu.o(i.rcu_periph_reset_enable)
    i.system_clock_108m_hxtal                0x080009b8   Section        0  system_gd32f10x.o(i.system_clock_108m_hxtal)
    system_clock_108m_hxtal                  0x080009b9   Thumb Code   182  system_gd32f10x.o(i.system_clock_108m_hxtal)
    i.system_clock_config                    0x08000a7c   Section        0  system_gd32f10x.o(i.system_clock_config)
    system_clock_config                      0x08000a7d   Thumb Code     8  system_gd32f10x.o(i.system_clock_config)
    i.systick_config                         0x08000a84   Section        0  systick.o(i.systick_config)
    i.timer_auto_reload_shadow_disable       0x08000ad4   Section        0  gd32f10x_timer.o(i.timer_auto_reload_shadow_disable)
    i.timer_auto_reload_shadow_enable        0x08000ade   Section        0  gd32f10x_timer.o(i.timer_auto_reload_shadow_enable)
    i.timer_channel_output_config            0x08000ae8   Section        0  gd32f10x_timer.o(i.timer_channel_output_config)
    i.timer_channel_output_mode_config       0x08000cd4   Section        0  gd32f10x_timer.o(i.timer_channel_output_mode_config)
    i.timer_channel_output_pulse_value_config 0x08000d2e   Section        0  gd32f10x_timer.o(i.timer_channel_output_pulse_value_config)
    i.timer_channel_output_shadow_config     0x08000d54   Section        0  gd32f10x_timer.o(i.timer_channel_output_shadow_config)
    i.timer_deinit                           0x08000db0   Section        0  gd32f10x_timer.o(i.timer_deinit)
    i.timer_disable                          0x08000e8c   Section        0  gd32f10x_timer.o(i.timer_disable)
    i.timer_enable                           0x08000e96   Section        0  gd32f10x_timer.o(i.timer_enable)
    i.timer_init                             0x08000ea0   Section        0  gd32f10x_timer.o(i.timer_init)
    i.timer_interrupt_enable                 0x08000f80   Section        0  gd32f10x_timer.o(i.timer_interrupt_enable)
    i.timer_interrupt_flag_clear             0x08000f88   Section        0  gd32f10x_timer.o(i.timer_interrupt_flag_clear)
    i.timer_interrupt_flag_get               0x08000f8e   Section        0  gd32f10x_timer.o(i.timer_interrupt_flag_get)
    i.timer_struct_para_init                 0x08000fa6   Section        0  gd32f10x_timer.o(i.timer_struct_para_init)
    .data                                    0x20000000   Section        4  include.o(.data)
    .data                                    0x20000004   Section        2  key.o(.data)
    SaveKey                                  0x20000004   Data           1  key.o(.data)
    num                                      0x20000005   Data           1  key.o(.data)
    .data                                    0x20000008   Section        4  systick.o(.data)
    delay                                    0x20000008   Data           4  systick.o(.data)
    .data                                    0x2000000c   Section        4  system_gd32f10x.o(.data)
    .bss                                     0x20000010   Section       28  include.o(.bss)
    .bss                                     0x2000002c   Section       96  libspace.o(.bss)
    HEAP                                     0x20000090   Section     8192  startup_gd32f10x_md.o(HEAP)
    Heap_Mem                                 0x20000090   Data        8192  startup_gd32f10x_md.o(HEAP)
    STACK                                    0x20002090   Section     8192  startup_gd32f10x_md.o(STACK)
    Stack_Mem                                0x20002090   Data        8192  startup_gd32f10x_md.o(STACK)
    __initial_sp                             0x20004090   Data           0  startup_gd32f10x_md.o(STACK)

    Global Symbols

    Symbol Name                              Value     Ov Type        Size  Object(Section)

    BuildAttributes$$THM_ISAv4$P$D$K$B$S$PE$A:L22UL41UL21$X:L11$S22US41US21$IEEE1$IW$USESV6$~STKCKD$USESV7$~SHL$OSPACE$ROPI$EBA8$UX$STANDARDLIB$REQ8$PRES8$EABIv2 0x00000000   Number         0  anon$$obj.o ABSOLUTE
    __ARM_use_no_argv                        0x00000000   Number         0  main.o ABSOLUTE
    __ARM_exceptions_init                     - Undefined Weak Reference
    __alloca_initialize                       - Undefined Weak Reference
    __arm_preinit_                            - Undefined Weak Reference
    __cpp_initialize__aeabi_                  - Undefined Weak Reference
    __cxa_finalize                            - Undefined Weak Reference
    __rt_locale                               - Undefined Weak Reference
    __sigvec_lookup                           - Undefined Weak Reference
    _atexit_init                              - Undefined Weak Reference
    _call_atexit_fns                          - Undefined Weak Reference
    _clock_init                               - Undefined Weak Reference
    _fp_trap_init                             - Undefined Weak Reference
    _fp_trap_shutdown                         - Undefined Weak Reference
    _get_lc_collate                           - Undefined Weak Reference
    _get_lc_ctype                             - Undefined Weak Reference
    _get_lc_monetary                          - Undefined Weak Reference
    _get_lc_numeric                           - Undefined Weak Reference
    _get_lc_time                              - Undefined Weak Reference
    _getenv_init                              - Undefined Weak Reference
    _handle_redirection                       - Undefined Weak Reference
    _init_alloc                               - Undefined Weak Reference
    _init_user_alloc                          - Undefined Weak Reference
    _initio                                   - Undefined Weak Reference
    _rand_init                                - Undefined Weak Reference
    _signal_finish                            - Undefined Weak Reference
    _signal_init                              - Undefined Weak Reference
    _terminate_alloc                          - Undefined Weak Reference
    _terminate_user_alloc                     - Undefined Weak Reference
    _terminateio                              - Undefined Weak Reference
    __Vectors_Size                           0x00000104   Number         0  startup_gd32f10x_md.o ABSOLUTE
    __Vectors                                0x08000000   Data           4  startup_gd32f10x_md.o(RESET)
    __Vectors_End                            0x08000104   Data           0  startup_gd32f10x_md.o(RESET)
    __main                                   0x08000105   Thumb Code     8  __main.o(!!!main)
    __scatterload                            0x0800010d   Thumb Code     0  __scatter.o(!!!scatter)
    __scatterload_rt2                        0x0800010d   Thumb Code    44  __scatter.o(!!!scatter)
    __scatterload_rt2_thumb_only             0x0800010d   Thumb Code     0  __scatter.o(!!!scatter)
    __scatterload_null                       0x0800011b   Thumb Code     0  __scatter.o(!!!scatter)
    __scatterload_copy                       0x08000141   Thumb Code    26  __scatter_copy.o(!!handler_copy)
    __scatterload_zeroinit                   0x0800015d   Thumb Code    28  __scatter_zi.o(!!handler_zi)
    __rt_lib_init                            0x08000179   Thumb Code     0  libinit.o(.ARM.Collect$$libinit$$00000000)
    __rt_lib_init_alloca_1                   0x0800017b   Thumb Code     0  libinit2.o(.ARM.Collect$$libinit$$0000002E)
    __rt_lib_init_argv_1                     0x0800017b   Thumb Code     0  libinit2.o(.ARM.Collect$$libinit$$0000002C)
    __rt_lib_init_atexit_1                   0x0800017b   Thumb Code     0  libinit2.o(.ARM.Collect$$libinit$$0000001B)
    __rt_lib_init_clock_1                    0x0800017b   Thumb Code     0  libinit2.o(.ARM.Collect$$libinit$$00000021)
    __rt_lib_init_cpp_1                      0x0800017b   Thumb Code     0  libinit2.o(.ARM.Collect$$libinit$$00000032)
    __rt_lib_init_exceptions_1               0x0800017b   Thumb Code     0  libinit2.o(.ARM.Collect$$libinit$$00000030)
    __rt_lib_init_fp_1                       0x0800017b   Thumb Code     0  libinit2.o(.ARM.Collect$$libinit$$00000002)
    __rt_lib_init_fp_trap_1                  0x0800017b   Thumb Code     0  libinit2.o(.ARM.Collect$$libinit$$0000001F)
    __rt_lib_init_getenv_1                   0x0800017b   Thumb Code     0  libinit2.o(.ARM.Collect$$libinit$$00000023)
    __rt_lib_init_heap_1                     0x0800017b   Thumb Code     0  libinit2.o(.ARM.Collect$$libinit$$0000000A)
    __rt_lib_init_lc_collate_1               0x0800017b   Thumb Code     0  libinit2.o(.ARM.Collect$$libinit$$00000011)
    __rt_lib_init_lc_ctype_1                 0x0800017b   Thumb Code     0  libinit2.o(.ARM.Collect$$libinit$$00000013)
    __rt_lib_init_lc_monetary_1              0x0800017b   Thumb Code     0  libinit2.o(.ARM.Collect$$libinit$$00000015)
    __rt_lib_init_lc_numeric_1               0x0800017b   Thumb Code     0  libinit2.o(.ARM.Collect$$libinit$$00000017)
    __rt_lib_init_lc_time_1                  0x0800017b   Thumb Code     0  libinit2.o(.ARM.Collect$$libinit$$00000019)
    __rt_lib_init_preinit_1                  0x0800017b   Thumb Code     0  libinit2.o(.ARM.Collect$$libinit$$00000004)
    __rt_lib_init_rand_1                     0x0800017b   Thumb Code     0  libinit2.o(.ARM.Collect$$libinit$$0000000E)
    __rt_lib_init_return                     0x0800017b   Thumb Code     0  libinit2.o(.ARM.Collect$$libinit$$00000033)
    __rt_lib_init_signal_1                   0x0800017b   Thumb Code     0  libinit2.o(.ARM.Collect$$libinit$$0000001D)
    __rt_lib_init_stdio_1                    0x0800017b   Thumb Code     0  libinit2.o(.ARM.Collect$$libinit$$00000025)
    __rt_lib_init_user_alloc_1               0x0800017b   Thumb Code     0  libinit2.o(.ARM.Collect$$libinit$$0000000C)
    __rt_lib_shutdown                        0x0800017d   Thumb Code     0  libshutdown.o(.ARM.Collect$$libshutdown$$00000000)
    __rt_lib_shutdown_fp_trap_1              0x0800017f   Thumb Code     0  libshutdown2.o(.ARM.Collect$$libshutdown$$00000006)
    __rt_lib_shutdown_heap_1                 0x0800017f   Thumb Code     0  libshutdown2.o(.ARM.Collect$$libshutdown$$0000000E)
    __rt_lib_shutdown_return                 0x0800017f   Thumb Code     0  libshutdown2.o(.ARM.Collect$$libshutdown$$0000000F)
    __rt_lib_shutdown_signal_1               0x0800017f   Thumb Code     0  libshutdown2.o(.ARM.Collect$$libshutdown$$00000009)
    __rt_lib_shutdown_stdio_1                0x0800017f   Thumb Code     0  libshutdown2.o(.ARM.Collect$$libshutdown$$00000003)
    __rt_lib_shutdown_user_alloc_1           0x0800017f   Thumb Code     0  libshutdown2.o(.ARM.Collect$$libshutdown$$0000000B)
    __rt_entry                               0x08000181   Thumb Code     0  __rtentry.o(.ARM.Collect$$rtentry$$00000000)
    __rt_entry_presh_1                       0x08000181   Thumb Code     0  __rtentry2.o(.ARM.Collect$$rtentry$$00000002)
    __rt_entry_sh                            0x08000181   Thumb Code     0  __rtentry4.o(.ARM.Collect$$rtentry$$00000004)
    __rt_entry_li                            0x08000187   Thumb Code     0  __rtentry2.o(.ARM.Collect$$rtentry$$0000000A)
    __rt_entry_postsh_1                      0x08000187   Thumb Code     0  __rtentry2.o(.ARM.Collect$$rtentry$$00000009)
    __rt_entry_main                          0x0800018b   Thumb Code     0  __rtentry2.o(.ARM.Collect$$rtentry$$0000000D)
    __rt_entry_postli_1                      0x0800018b   Thumb Code     0  __rtentry2.o(.ARM.Collect$$rtentry$$0000000C)
    __rt_exit                                0x08000193   Thumb Code     0  rtexit.o(.ARM.Collect$$rtexit$$00000000)
    __rt_exit_ls                             0x08000195   Thumb Code     0  rtexit2.o(.ARM.Collect$$rtexit$$00000003)
    __rt_exit_prels_1                        0x08000195   Thumb Code     0  rtexit2.o(.ARM.Collect$$rtexit$$00000002)
    __rt_exit_exit                           0x08000199   Thumb Code     0  rtexit2.o(.ARM.Collect$$rtexit$$00000004)
    Reset_Handler                            0x080001a1   Thumb Code     8  startup_gd32f10x_md.o(.text)
    ADC0_1_IRQHandler                        0x080001bb   Thumb Code     0  startup_gd32f10x_md.o(.text)
    CAN0_EWMC_IRQHandler                     0x080001bb   Thumb Code     0  startup_gd32f10x_md.o(.text)
    CAN0_RX1_IRQHandler                      0x080001bb   Thumb Code     0  startup_gd32f10x_md.o(.text)
    DMA0_Channel0_IRQHandler                 0x080001bb   Thumb Code     0  startup_gd32f10x_md.o(.text)
    DMA0_Channel1_IRQHandler                 0x080001bb   Thumb Code     0  startup_gd32f10x_md.o(.text)
    DMA0_Channel2_IRQHandler                 0x080001bb   Thumb Code     0  startup_gd32f10x_md.o(.text)
    DMA0_Channel3_IRQHandler                 0x080001bb   Thumb Code     0  startup_gd32f10x_md.o(.text)
    DMA0_Channel4_IRQHandler                 0x080001bb   Thumb Code     0  startup_gd32f10x_md.o(.text)
    DMA0_Channel5_IRQHandler                 0x080001bb   Thumb Code     0  startup_gd32f10x_md.o(.text)
    DMA0_Channel6_IRQHandler                 0x080001bb   Thumb Code     0  startup_gd32f10x_md.o(.text)
    EXMC_IRQHandler                          0x080001bb   Thumb Code     0  startup_gd32f10x_md.o(.text)
    EXTI0_IRQHandler                         0x080001bb   Thumb Code     0  startup_gd32f10x_md.o(.text)
    EXTI10_15_IRQHandler                     0x080001bb   Thumb Code     0  startup_gd32f10x_md.o(.text)
    EXTI1_IRQHandler                         0x080001bb   Thumb Code     0  startup_gd32f10x_md.o(.text)
    EXTI2_IRQHandler                         0x080001bb   Thumb Code     0  startup_gd32f10x_md.o(.text)
    EXTI3_IRQHandler                         0x080001bb   Thumb Code     0  startup_gd32f10x_md.o(.text)
    EXTI4_IRQHandler                         0x080001bb   Thumb Code     0  startup_gd32f10x_md.o(.text)
    EXTI5_9_IRQHandler                       0x080001bb   Thumb Code     0  startup_gd32f10x_md.o(.text)
    FMC_IRQHandler                           0x080001bb   Thumb Code     0  startup_gd32f10x_md.o(.text)
    I2C0_ER_IRQHandler                       0x080001bb   Thumb Code     0  startup_gd32f10x_md.o(.text)
    I2C0_EV_IRQHandler                       0x080001bb   Thumb Code     0  startup_gd32f10x_md.o(.text)
    I2C1_ER_IRQHandler                       0x080001bb   Thumb Code     0  startup_gd32f10x_md.o(.text)
    I2C1_EV_IRQHandler                       0x080001bb   Thumb Code     0  startup_gd32f10x_md.o(.text)
    LVD_IRQHandler                           0x080001bb   Thumb Code     0  startup_gd32f10x_md.o(.text)
    RCU_IRQHandler                           0x080001bb   Thumb Code     0  startup_gd32f10x_md.o(.text)
    RTC_Alarm_IRQHandler                     0x080001bb   Thumb Code     0  startup_gd32f10x_md.o(.text)
    RTC_IRQHandler                           0x080001bb   Thumb Code     0  startup_gd32f10x_md.o(.text)
    SPI0_IRQHandler                          0x080001bb   Thumb Code     0  startup_gd32f10x_md.o(.text)
    SPI1_IRQHandler                          0x080001bb   Thumb Code     0  startup_gd32f10x_md.o(.text)
    TAMPER_IRQHandler                        0x080001bb   Thumb Code     0  startup_gd32f10x_md.o(.text)
    TIMER0_BRK_IRQHandler                    0x080001bb   Thumb Code     0  startup_gd32f10x_md.o(.text)
    TIMER0_Channel_IRQHandler                0x080001bb   Thumb Code     0  startup_gd32f10x_md.o(.text)
    TIMER0_TRG_CMT_IRQHandler                0x080001bb   Thumb Code     0  startup_gd32f10x_md.o(.text)
    TIMER0_UP_IRQHandler                     0x080001bb   Thumb Code     0  startup_gd32f10x_md.o(.text)
    TIMER1_IRQHandler                        0x080001bb   Thumb Code     0  startup_gd32f10x_md.o(.text)
    TIMER3_IRQHandler                        0x080001bb   Thumb Code     0  startup_gd32f10x_md.o(.text)
    USART0_IRQHandler                        0x080001bb   Thumb Code     0  startup_gd32f10x_md.o(.text)
    USART1_IRQHandler                        0x080001bb   Thumb Code     0  startup_gd32f10x_md.o(.text)
    USART2_IRQHandler                        0x080001bb   Thumb Code     0  startup_gd32f10x_md.o(.text)
    USBD_HP_CAN0_TX_IRQHandler               0x080001bb   Thumb Code     0  startup_gd32f10x_md.o(.text)
    USBD_LP_CAN0_RX0_IRQHandler              0x080001bb   Thumb Code     0  startup_gd32f10x_md.o(.text)
    USBD_WKUP_IRQHandler                     0x080001bb   Thumb Code     0  startup_gd32f10x_md.o(.text)
    WWDGT_IRQHandler                         0x080001bb   Thumb Code     0  startup_gd32f10x_md.o(.text)
    __user_initial_stackheap                 0x080001bd   Thumb Code    10  startup_gd32f10x_md.o(.text)
    __use_two_region_memory                  0x080001e1   Thumb Code     2  heapauxi.o(.text)
    __rt_heap_escrow$2region                 0x080001e3   Thumb Code     2  heapauxi.o(.text)
    __rt_heap_expand$2region                 0x080001e5   Thumb Code     2  heapauxi.o(.text)
    __user_setup_stackheap                   0x080001e7   Thumb Code    74  sys_stackheap_outer.o(.text)
    exit                                     0x08000231   Thumb Code    12  exit.o(.text)
    __user_libspace                          0x0800023d   Thumb Code     8  libspace.o(.text)
    __user_perproc_libspace                  0x0800023d   Thumb Code     0  libspace.o(.text)
    __user_perthread_libspace                0x0800023d   Thumb Code     0  libspace.o(.text)
    _sys_exit                                0x08000245   Thumb Code     8  sys_exit.o(.text)
    __I$use$semihosting                      0x08000251   Thumb Code     0  use_no_semi.o(.text)
    __use_no_semihosting_swi                 0x08000251   Thumb Code     2  use_no_semi.o(.text)
    BusFault_Handler                         0x08000253   Thumb Code     4  gd32f10x_it.o(i.BusFault_Handler)
    __semihosting_library_function           0x08000253   Thumb Code     0  indicate_semi.o(.text)
    Clock_config                             0x08000257   Thumb Code    64  include.o(i.Clock_config)
    DebugMon_Handler                         0x08000297   Thumb Code     2  gd32f10x_it.o(i.DebugMon_Handler)
    GetKeyNum                                0x08000299   Thumb Code    50  key.o(i.GetKeyNum)
    HardFault_Handler                        0x080002d9   Thumb Code     4  gd32f10x_it.o(i.HardFault_Handler)
    Key_Init                                 0x080002dd   Thumb Code    40  include.o(i.Key_Init)
    Led_Init                                 0x0800030d   Thumb Code    76  include.o(i.Led_Init)
    MemManage_Handler                        0x0800035d   Thumb Code     4  gd32f10x_it.o(i.MemManage_Handler)
    Motor_Init                               0x08000361   Thumb Code   180  include.o(i.Motor_Init)
    NMI_Handler                              0x08000425   Thumb Code     2  gd32f10x_it.o(i.NMI_Handler)
    PendSV_Handler                           0x08000451   Thumb Code     2  gd32f10x_it.o(i.PendSV_Handler)
    SVC_Handler                              0x08000453   Thumb Code     2  gd32f10x_it.o(i.SVC_Handler)
    ScanKeyDealwith                          0x08000455   Thumb Code   200  key.o(i.ScanKeyDealwith)
    SysTick_Handler                          0x0800052d   Thumb Code     8  gd32f10x_it.o(i.SysTick_Handler)
    SystemInit                               0x08000535   Thumb Code    84  system_gd32f10x.o(i.SystemInit)
    System_Init                              0x08000599   Thumb Code    34  include.o(i.System_Init)
    TIMER2_IRQHandler                        0x080005c1   Thumb Code    32  gd32f10x_it.o(i.TIMER2_IRQHandler)
    Time2_Init                               0x080005e9   Thumb Code    66  include.o(i.Time2_Init)
    UsageFault_Handler                       0x08000635   Thumb Code     4  gd32f10x_it.o(i.UsageFault_Handler)
    delay_1ms                                0x08000639   Thumb Code    16  systick.o(i.delay_1ms)
    delay_decrement                          0x0800064d   Thumb Code    18  systick.o(i.delay_decrement)
    gpio_bit_reset                           0x08000665   Thumb Code     4  gd32f10x_gpio.o(i.gpio_bit_reset)
    gpio_bit_set                             0x08000669   Thumb Code     4  gd32f10x_gpio.o(i.gpio_bit_set)
    gpio_init                                0x0800066d   Thumb Code   172  gd32f10x_gpio.o(i.gpio_init)
    gpio_input_bit_get                       0x08000719   Thumb Code    16  gd32f10x_gpio.o(i.gpio_input_bit_get)
    gpio_toggle_bits                         0x08000729   Thumb Code    14  key.o(i.gpio_toggle_bits)
    main                                     0x08000739   Thumb Code    20  main.o(i.main)
    motor_frequencyAdj                       0x08000751   Thumb Code   256  key.o(i.motor_frequencyAdj)
    nvic_config                              0x08000851   Thumb Code    22  include.o(i.nvic_config)
    nvic_irq_enable                          0x08000869   Thumb Code   162  gd32f10x_misc.o(i.nvic_irq_enable)
    nvic_priority_group_set                  0x08000915   Thumb Code    10  gd32f10x_misc.o(i.nvic_priority_group_set)
    rcu_apb1_clock_config                    0x08000929   Thumb Code    18  gd32f10x_rcu.o(i.rcu_apb1_clock_config)
    rcu_apb2_clock_config                    0x08000941   Thumb Code    18  gd32f10x_rcu.o(i.rcu_apb2_clock_config)
    rcu_periph_clock_enable                  0x08000959   Thumb Code    28  gd32f10x_rcu.o(i.rcu_periph_clock_enable)
    rcu_periph_reset_disable                 0x08000979   Thumb Code    28  gd32f10x_rcu.o(i.rcu_periph_reset_disable)
    rcu_periph_reset_enable                  0x08000999   Thumb Code    28  gd32f10x_rcu.o(i.rcu_periph_reset_enable)
    systick_config                           0x08000a85   Thumb Code    74  systick.o(i.systick_config)
    timer_auto_reload_shadow_disable         0x08000ad5   Thumb Code    10  gd32f10x_timer.o(i.timer_auto_reload_shadow_disable)
    timer_auto_reload_shadow_enable          0x08000adf   Thumb Code    10  gd32f10x_timer.o(i.timer_auto_reload_shadow_enable)
    timer_channel_output_config              0x08000ae9   Thumb Code   484  gd32f10x_timer.o(i.timer_channel_output_config)
    timer_channel_output_mode_config         0x08000cd5   Thumb Code    90  gd32f10x_timer.o(i.timer_channel_output_mode_config)
    timer_channel_output_pulse_value_config  0x08000d2f   Thumb Code    38  gd32f10x_timer.o(i.timer_channel_output_pulse_value_config)
    timer_channel_output_shadow_config       0x08000d55   Thumb Code    90  gd32f10x_timer.o(i.timer_channel_output_shadow_config)
    timer_deinit                             0x08000db1   Thumb Code   210  gd32f10x_timer.o(i.timer_deinit)
    timer_disable                            0x08000e8d   Thumb Code    10  gd32f10x_timer.o(i.timer_disable)
    timer_enable                             0x08000e97   Thumb Code    10  gd32f10x_timer.o(i.timer_enable)
    timer_init                               0x08000ea1   Thumb Code   170  gd32f10x_timer.o(i.timer_init)
    timer_interrupt_enable                   0x08000f81   Thumb Code     8  gd32f10x_timer.o(i.timer_interrupt_enable)
    timer_interrupt_flag_clear               0x08000f89   Thumb Code     6  gd32f10x_timer.o(i.timer_interrupt_flag_clear)
    timer_interrupt_flag_get                 0x08000f8f   Thumb Code    24  gd32f10x_timer.o(i.timer_interrupt_flag_get)
    timer_struct_para_init                   0x08000fa7   Thumb Code    22  gd32f10x_timer.o(i.timer_struct_para_init)
    Region$$Table$$Base                      0x08000fbc   Number         0  anon$$obj.o(Region$$Table)
    Region$$Table$$Limit                     0x08000fdc   Number         0  anon$$obj.o(Region$$Table)
    device                                   0x20000000   Data           4  include.o(.data)
    SystemCoreClock                          0x2000000c   Data           4  system_gd32f10x.o(.data)
    timer_ocintpara                          0x20000010   Data          12  include.o(.bss)
    timer_initpara                           0x2000001c   Data          16  include.o(.bss)
    __libspace_start                         0x2000002c   Data          96  libspace.o(.bss)
    __temporary_stack_top$libspace           0x2000008c   Data           0  libspace.o(.bss)



==============================================================================

Memory Map of the image

  Image Entry point : 0x08000105

  Load Region LR_IROM1 (Base: 0x08000000, Size: 0x00000fec, Max: 0x00040000, ABSOLUTE)

    Execution Region ER_IROM1 (Base: 0x08000000, Size: 0x00000fdc, Max: 0x00040000, ABSOLUTE)

    Base Addr    Size         Type   Attr      Idx    E Section Name        Object

    0x08000000   0x00000104   Data   RO            3    RESET               startup_gd32f10x_md.o
    0x08000104   0x00000008   Code   RO         3940  * !!!main             c_w.l(__main.o)
    0x0800010c   0x00000034   Code   RO         4096    !!!scatter          c_w.l(__scatter.o)
    0x08000140   0x0000001a   Code   RO         4098    !!handler_copy      c_w.l(__scatter_copy.o)
    0x0800015a   0x00000002   PAD
    0x0800015c   0x0000001c   Code   RO         4100    !!handler_zi        c_w.l(__scatter_zi.o)
    0x08000178   0x00000002   Code   RO         3967    .ARM.Collect$$libinit$$00000000  c_w.l(libinit.o)
    0x0800017a   0x00000000   Code   RO         3974    .ARM.Collect$$libinit$$00000002  c_w.l(libinit2.o)
    0x0800017a   0x00000000   Code   RO         3976    .ARM.Collect$$libinit$$00000004  c_w.l(libinit2.o)
    0x0800017a   0x00000000   Code   RO         3979    .ARM.Collect$$libinit$$0000000A  c_w.l(libinit2.o)
    0x0800017a   0x00000000   Code   RO         3981    .ARM.Collect$$libinit$$0000000C  c_w.l(libinit2.o)
    0x0800017a   0x00000000   Code   RO         3983    .ARM.Collect$$libinit$$0000000E  c_w.l(libinit2.o)
    0x0800017a   0x00000000   Code   RO         3986    .ARM.Collect$$libinit$$00000011  c_w.l(libinit2.o)
    0x0800017a   0x00000000   Code   RO         3988    .ARM.Collect$$libinit$$00000013  c_w.l(libinit2.o)
    0x0800017a   0x00000000   Code   RO         3990    .ARM.Collect$$libinit$$00000015  c_w.l(libinit2.o)
    0x0800017a   0x00000000   Code   RO         3992    .ARM.Collect$$libinit$$00000017  c_w.l(libinit2.o)
    0x0800017a   0x00000000   Code   RO         3994    .ARM.Collect$$libinit$$00000019  c_w.l(libinit2.o)
    0x0800017a   0x00000000   Code   RO         3996    .ARM.Collect$$libinit$$0000001B  c_w.l(libinit2.o)
    0x0800017a   0x00000000   Code   RO         3998    .ARM.Collect$$libinit$$0000001D  c_w.l(libinit2.o)
    0x0800017a   0x00000000   Code   RO         4000    .ARM.Collect$$libinit$$0000001F  c_w.l(libinit2.o)
    0x0800017a   0x00000000   Code   RO         4002    .ARM.Collect$$libinit$$00000021  c_w.l(libinit2.o)
    0x0800017a   0x00000000   Code   RO         4004    .ARM.Collect$$libinit$$00000023  c_w.l(libinit2.o)
    0x0800017a   0x00000000   Code   RO         4006    .ARM.Collect$$libinit$$00000025  c_w.l(libinit2.o)
    0x0800017a   0x00000000   Code   RO         4010    .ARM.Collect$$libinit$$0000002C  c_w.l(libinit2.o)
    0x0800017a   0x00000000   Code   RO         4012    .ARM.Collect$$libinit$$0000002E  c_w.l(libinit2.o)
    0x0800017a   0x00000000   Code   RO         4014    .ARM.Collect$$libinit$$00000030  c_w.l(libinit2.o)
    0x0800017a   0x00000000   Code   RO         4016    .ARM.Collect$$libinit$$00000032  c_w.l(libinit2.o)
    0x0800017a   0x00000002   Code   RO         4017    .ARM.Collect$$libinit$$00000033  c_w.l(libinit2.o)
    0x0800017c   0x00000002   Code   RO         4037    .ARM.Collect$$libshutdown$$00000000  c_w.l(libshutdown.o)
    0x0800017e   0x00000000   Code   RO         4051    .ARM.Collect$$libshutdown$$00000003  c_w.l(libshutdown2.o)
    0x0800017e   0x00000000   Code   RO         4054    .ARM.Collect$$libshutdown$$00000006  c_w.l(libshutdown2.o)
    0x0800017e   0x00000000   Code   RO         4057    .ARM.Collect$$libshutdown$$00000009  c_w.l(libshutdown2.o)
    0x0800017e   0x00000000   Code   RO         4059    .ARM.Collect$$libshutdown$$0000000B  c_w.l(libshutdown2.o)
    0x0800017e   0x00000000   Code   RO         4062    .ARM.Collect$$libshutdown$$0000000E  c_w.l(libshutdown2.o)
    0x0800017e   0x00000002   Code   RO         4063    .ARM.Collect$$libshutdown$$0000000F  c_w.l(libshutdown2.o)
    0x08000180   0x00000000   Code   RO         3942    .ARM.Collect$$rtentry$$00000000  c_w.l(__rtentry.o)
    0x08000180   0x00000000   Code   RO         3944    .ARM.Collect$$rtentry$$00000002  c_w.l(__rtentry2.o)
    0x08000180   0x00000006   Code   RO         3956    .ARM.Collect$$rtentry$$00000004  c_w.l(__rtentry4.o)
    0x08000186   0x00000000   Code   RO         3946    .ARM.Collect$$rtentry$$00000009  c_w.l(__rtentry2.o)
    0x08000186   0x00000004   Code   RO         3947    .ARM.Collect$$rtentry$$0000000A  c_w.l(__rtentry2.o)
    0x0800018a   0x00000000   Code   RO         3949    .ARM.Collect$$rtentry$$0000000C  c_w.l(__rtentry2.o)
    0x0800018a   0x00000008   Code   RO         3950    .ARM.Collect$$rtentry$$0000000D  c_w.l(__rtentry2.o)
    0x08000192   0x00000002   Code   RO         3971    .ARM.Collect$$rtexit$$00000000  c_w.l(rtexit.o)
    0x08000194   0x00000000   Code   RO         4019    .ARM.Collect$$rtexit$$00000002  c_w.l(rtexit2.o)
    0x08000194   0x00000004   Code   RO         4020    .ARM.Collect$$rtexit$$00000003  c_w.l(rtexit2.o)
    0x08000198   0x00000006   Code   RO         4021    .ARM.Collect$$rtexit$$00000004  c_w.l(rtexit2.o)
    0x0800019e   0x00000002   PAD
    0x080001a0   0x00000040   Code   RO            4    .text               startup_gd32f10x_md.o
    0x080001e0   0x00000006   Code   RO         3938    .text               c_w.l(heapauxi.o)
    0x080001e6   0x0000004a   Code   RO         3958    .text               c_w.l(sys_stackheap_outer.o)
    0x08000230   0x0000000c   Code   RO         3960    .text               c_w.l(exit.o)
    0x0800023c   0x00000008   Code   RO         3968    .text               c_w.l(libspace.o)
    0x08000244   0x0000000c   Code   RO         4029    .text               c_w.l(sys_exit.o)
    0x08000250   0x00000002   Code   RO         4040    .text               c_w.l(use_no_semi.o)
    0x08000252   0x00000000   Code   RO         4042    .text               c_w.l(indicate_semi.o)
    0x08000252   0x00000004   Code   RO         3776    i.BusFault_Handler  gd32f10x_it.o
    0x08000256   0x00000040   Code   RO         3674    i.Clock_config      include.o
    0x08000296   0x00000002   Code   RO         3777    i.DebugMon_Handler  gd32f10x_it.o
    0x08000298   0x00000040   Code   RO         3737    i.GetKeyNum         key.o
    0x080002d8   0x00000004   Code   RO         3778    i.HardFault_Handler  gd32f10x_it.o
    0x080002dc   0x00000030   Code   RO         3675    i.Key_Init          include.o
    0x0800030c   0x00000050   Code   RO         3676    i.Led_Init          include.o
    0x0800035c   0x00000004   Code   RO         3779    i.MemManage_Handler  gd32f10x_it.o
    0x08000360   0x000000c4   Code   RO         3677    i.Motor_Init        include.o
    0x08000424   0x00000002   Code   RO         3780    i.NMI_Handler       gd32f10x_it.o
    0x08000426   0x00000002   PAD
    0x08000428   0x00000028   Code   RO         3853    i.NVIC_SetPriority  systick.o
    0x08000450   0x00000002   Code   RO         3781    i.PendSV_Handler    gd32f10x_it.o
    0x08000452   0x00000002   Code   RO         3782    i.SVC_Handler       gd32f10x_it.o
    0x08000454   0x000000d8   Code   RO         3738    i.ScanKeyDealwith   key.o
    0x0800052c   0x00000008   Code   RO         3783    i.SysTick_Handler   gd32f10x_it.o
    0x08000534   0x00000064   Code   RO         3897    i.SystemInit        system_gd32f10x.o
    0x08000598   0x00000028   Code   RO         3678    i.System_Init       include.o
    0x080005c0   0x00000028   Code   RO         3784    i.TIMER2_IRQHandler  gd32f10x_it.o
    0x080005e8   0x0000004c   Code   RO         3679    i.Time2_Init        include.o
    0x08000634   0x00000004   Code   RO         3785    i.UsageFault_Handler  gd32f10x_it.o
    0x08000638   0x00000014   Code   RO         3854    i.delay_1ms         systick.o
    0x0800064c   0x00000018   Code   RO         3855    i.delay_decrement   systick.o
    0x08000664   0x00000004   Code   RO         1602    i.gpio_bit_reset    gd32f10x_gpio.o
    0x08000668   0x00000004   Code   RO         1603    i.gpio_bit_set      gd32f10x_gpio.o
    0x0800066c   0x000000ac   Code   RO         1610    i.gpio_init         gd32f10x_gpio.o
    0x08000718   0x00000010   Code   RO         1611    i.gpio_input_bit_get  gd32f10x_gpio.o
    0x08000728   0x0000000e   Code   RO         3739    i.gpio_toggle_bits  key.o
    0x08000736   0x00000002   PAD
    0x08000738   0x00000018   Code   RO         3634    i.main              main.o
    0x08000750   0x00000100   Code   RO         3740    i.motor_frequencyAdj  key.o
    0x08000850   0x00000016   Code   RO         3680    i.nvic_config       include.o
    0x08000866   0x00000002   PAD
    0x08000868   0x000000ac   Code   RO         1918    i.nvic_irq_enable   gd32f10x_misc.o
    0x08000914   0x00000014   Code   RO         1919    i.nvic_priority_group_set  gd32f10x_misc.o
    0x08000928   0x00000018   Code   RO         2063    i.rcu_apb1_clock_config  gd32f10x_rcu.o
    0x08000940   0x00000018   Code   RO         2064    i.rcu_apb2_clock_config  gd32f10x_rcu.o
    0x08000958   0x00000020   Code   RO         2085    i.rcu_periph_clock_enable  gd32f10x_rcu.o
    0x08000978   0x00000020   Code   RO         2088    i.rcu_periph_reset_disable  gd32f10x_rcu.o
    0x08000998   0x00000020   Code   RO         2089    i.rcu_periph_reset_enable  gd32f10x_rcu.o
    0x080009b8   0x000000c4   Code   RO         3898    i.system_clock_108m_hxtal  system_gd32f10x.o
    0x08000a7c   0x00000008   Code   RO         3899    i.system_clock_config  system_gd32f10x.o
    0x08000a84   0x00000050   Code   RO         3856    i.systick_config    systick.o
    0x08000ad4   0x0000000a   Code   RO         2878    i.timer_auto_reload_shadow_disable  gd32f10x_timer.o
    0x08000ade   0x0000000a   Code   RO         2879    i.timer_auto_reload_shadow_enable  gd32f10x_timer.o
    0x08000ae8   0x000001ec   Code   RO         2896    i.timer_channel_output_config  gd32f10x_timer.o
    0x08000cd4   0x0000005a   Code   RO         2898    i.timer_channel_output_mode_config  gd32f10x_timer.o
    0x08000d2e   0x00000026   Code   RO         2900    i.timer_channel_output_pulse_value_config  gd32f10x_timer.o
    0x08000d54   0x0000005a   Code   RO         2901    i.timer_channel_output_shadow_config  gd32f10x_timer.o
    0x08000dae   0x00000002   PAD
    0x08000db0   0x000000dc   Code   RO         2909    i.timer_deinit      gd32f10x_timer.o
    0x08000e8c   0x0000000a   Code   RO         2910    i.timer_disable     gd32f10x_timer.o
    0x08000e96   0x0000000a   Code   RO         2914    i.timer_enable      gd32f10x_timer.o
    0x08000ea0   0x000000e0   Code   RO         2924    i.timer_init        gd32f10x_timer.o
    0x08000f80   0x00000008   Code   RO         2931    i.timer_interrupt_enable  gd32f10x_timer.o
    0x08000f88   0x00000006   Code   RO         2932    i.timer_interrupt_flag_clear  gd32f10x_timer.o
    0x08000f8e   0x00000018   Code   RO         2933    i.timer_interrupt_flag_get  gd32f10x_timer.o
    0x08000fa6   0x00000016   Code   RO         2943    i.timer_struct_para_init  gd32f10x_timer.o
    0x08000fbc   0x00000020   Data   RO         4094    Region$$Table       anon$$obj.o


    Execution Region RW_IRAM1 (Base: 0x20000000, Size: 0x00004090, Max: 0x0000c000, ABSOLUTE)

    Base Addr    Size         Type   Attr      Idx    E Section Name        Object

    0x20000000   0x00000004   Data   RW         3682    .data               include.o
    0x20000004   0x00000002   Data   RW         3741    .data               key.o
    0x20000006   0x00000002   PAD
    0x20000008   0x00000004   Data   RW         3857    .data               systick.o
    0x2000000c   0x00000004   Data   RW         3900    .data               system_gd32f10x.o
    0x20000010   0x0000001c   Zero   RW         3681    .bss                include.o
    0x2000002c   0x00000060   Zero   RW         3969    .bss                c_w.l(libspace.o)
    0x2000008c   0x00000004   PAD
    0x20000090   0x00002000   Zero   RW            2    HEAP                startup_gd32f10x_md.o
    0x20002090   0x00002000   Zero   RW            1    STACK               startup_gd32f10x_md.o


==============================================================================

Image component sizes


      Code (inc. data)   RO Data    RW Data    ZI Data      Debug   Object Name

         0          0          0          0          0      36508   gd32f10x_adc.o
       196          0          0          0          0       2293   gd32f10x_gpio.o
        72          8          0          0          0       3982   gd32f10x_it.o
       192         20          0          0          0       1200   gd32f10x_misc.o
       144         24          0          0          0       2403   gd32f10x_rcu.o
      1254         72          0          0          0       8370   gd32f10x_timer.o
       526         44          0          4         28       5007   include.o
       550         42          0          2          0       2234   key.o
        24          4          0          0          0        407   main.o
        64         26        260          0      16384        852   startup_gd32f10x_md.o
       304         30          0          4          0       1563   system_gd32f10x.o
       164         24          0          4          0      24110   systick.o

    ----------------------------------------------------------------------
      3498        294        292         16      16412      88929   Object Totals
         0          0         32          0          0          0   (incl. Generated)
         8          0          0          2          0          0   (incl. Padding)

    ----------------------------------------------------------------------

      Code (inc. data)   RO Data    RW Data    ZI Data      Debug   Library Member Name

         8          0          0          0          0         68   __main.o
         0          0          0          0          0          0   __rtentry.o
        12          0          0          0          0          0   __rtentry2.o
         6          0          0          0          0          0   __rtentry4.o
        52          8          0          0          0          0   __scatter.o
        26          0          0          0          0          0   __scatter_copy.o
        28          0          0          0          0          0   __scatter_zi.o
        12          0          0          0          0         72   exit.o
         6          0          0          0          0        152   heapauxi.o
         0          0          0          0          0          0   indicate_semi.o
         2          0          0          0          0          0   libinit.o
         2          0          0          0          0          0   libinit2.o
         2          0          0          0          0          0   libshutdown.o
         2          0          0          0          0          0   libshutdown2.o
         8          4          0          0         96         68   libspace.o
         2          0          0          0          0          0   rtexit.o
        10          0          0          0          0          0   rtexit2.o
        12          4          0          0          0         68   sys_exit.o
        74          0          0          0          0         80   sys_stackheap_outer.o
         2          0          0          0          0         68   use_no_semi.o

    ----------------------------------------------------------------------
       270         16          0          0        100        576   Library Totals
         4          0          0          0          4          0   (incl. Padding)

    ----------------------------------------------------------------------

      Code (inc. data)   RO Data    RW Data    ZI Data      Debug   Library Name

       266         16          0          0         96        576   c_w.l

    ----------------------------------------------------------------------
       270         16          0          0        100        576   Library Totals

    ----------------------------------------------------------------------

==============================================================================


      Code (inc. data)   RO Data    RW Data    ZI Data      Debug   

      3768        310        292         16      16512      86745   Grand Totals
      3768        310        292         16      16512      86745   ELF Image Totals
      3768        310        292         16          0          0   ROM Totals

==============================================================================

    Total RO  Size (Code + RO Data)                 4060 (   3.96kB)
    Total RW  Size (RW Data + ZI Data)             16528 (  16.14kB)
    Total ROM Size (Code + RO Data + RW Data)       4076 (   3.98kB)

==============================================================================

