Component: ARM Compiler 5.06 update 7 (build 960) Tool: armlink [4d3601]

==============================================================================

Section Cross References

    system_stm32f10x.o(i.SetSysClock) refers to system_stm32f10x.o(i.SetSysClockTo72) for SetSysClockTo72
    system_stm32f10x.o(i.SystemCoreClockUpdate) refers to system_stm32f10x.o(.data) for SystemCoreClock
    system_stm32f10x.o(i.SystemInit) refers to system_stm32f10x.o(i.SetSysClock) for SetSysClock
    startup_stm32f10x_md.o(RESET) refers to startup_stm32f10x_md.o(STACK) for __initial_sp
    startup_stm32f10x_md.o(RESET) refers to startup_stm32f10x_md.o(.text) for Reset_Handler
    startup_stm32f10x_md.o(RESET) refers to delay.o(i.SysTick_Handler) for SysTick_Handler
    startup_stm32f10x_md.o(RESET) refers to encoder.o(i.EXTI9_5_IRQHandler) for EXTI9_5_IRQHandler
    startup_stm32f10x_md.o(RESET) refers to usart.o(i.USART1_IRQHandler) for USART1_IRQHandler
    startup_stm32f10x_md.o(RESET) refers to encoder.o(i.EXTI15_10_IRQHandler) for EXTI15_10_IRQHandler
    startup_stm32f10x_md.o(.text) refers to system_stm32f10x.o(i.SystemInit) for SystemInit
    startup_stm32f10x_md.o(.text) refers to entry.o(.ARM.Collect$$$$00000000) for __main
    stm32f10x_adc.o(i.ADC_DeInit) refers to stm32f10x_rcc.o(i.RCC_APB2PeriphResetCmd) for RCC_APB2PeriphResetCmd
    stm32f10x_bkp.o(i.BKP_DeInit) refers to stm32f10x_rcc.o(i.RCC_BackupResetCmd) for RCC_BackupResetCmd
    stm32f10x_can.o(i.CAN_DeInit) refers to stm32f10x_rcc.o(i.RCC_APB1PeriphResetCmd) for RCC_APB1PeriphResetCmd
    stm32f10x_can.o(i.CAN_GetITStatus) refers to stm32f10x_can.o(i.CheckITStatus) for CheckITStatus
    stm32f10x_cec.o(i.CEC_DeInit) refers to stm32f10x_rcc.o(i.RCC_APB1PeriphResetCmd) for RCC_APB1PeriphResetCmd
    stm32f10x_dac.o(i.DAC_DeInit) refers to stm32f10x_rcc.o(i.RCC_APB1PeriphResetCmd) for RCC_APB1PeriphResetCmd
    stm32f10x_flash.o(i.FLASH_EnableWriteProtection) refers to stm32f10x_flash.o(i.FLASH_WaitForLastOperation) for FLASH_WaitForLastOperation
    stm32f10x_flash.o(i.FLASH_EraseAllBank1Pages) refers to stm32f10x_flash.o(i.FLASH_WaitForLastBank1Operation) for FLASH_WaitForLastBank1Operation
    stm32f10x_flash.o(i.FLASH_EraseAllPages) refers to stm32f10x_flash.o(i.FLASH_WaitForLastOperation) for FLASH_WaitForLastOperation
    stm32f10x_flash.o(i.FLASH_EraseOptionBytes) refers to stm32f10x_flash.o(i.FLASH_GetReadOutProtectionStatus) for FLASH_GetReadOutProtectionStatus
    stm32f10x_flash.o(i.FLASH_EraseOptionBytes) refers to stm32f10x_flash.o(i.FLASH_WaitForLastOperation) for FLASH_WaitForLastOperation
    stm32f10x_flash.o(i.FLASH_ErasePage) refers to stm32f10x_flash.o(i.FLASH_WaitForLastOperation) for FLASH_WaitForLastOperation
    stm32f10x_flash.o(i.FLASH_ProgramHalfWord) refers to stm32f10x_flash.o(i.FLASH_WaitForLastOperation) for FLASH_WaitForLastOperation
    stm32f10x_flash.o(i.FLASH_ProgramOptionByteData) refers to stm32f10x_flash.o(i.FLASH_WaitForLastOperation) for FLASH_WaitForLastOperation
    stm32f10x_flash.o(i.FLASH_ProgramWord) refers to stm32f10x_flash.o(i.FLASH_WaitForLastOperation) for FLASH_WaitForLastOperation
    stm32f10x_flash.o(i.FLASH_ReadOutProtection) refers to stm32f10x_flash.o(i.FLASH_WaitForLastOperation) for FLASH_WaitForLastOperation
    stm32f10x_flash.o(i.FLASH_UserOptionByteConfig) refers to stm32f10x_flash.o(i.FLASH_WaitForLastOperation) for FLASH_WaitForLastOperation
    stm32f10x_flash.o(i.FLASH_WaitForLastBank1Operation) refers to stm32f10x_flash.o(i.FLASH_GetBank1Status) for FLASH_GetBank1Status
    stm32f10x_flash.o(i.FLASH_WaitForLastOperation) refers to stm32f10x_flash.o(i.FLASH_GetBank1Status) for FLASH_GetBank1Status
    stm32f10x_gpio.o(i.GPIO_AFIODeInit) refers to stm32f10x_rcc.o(i.RCC_APB2PeriphResetCmd) for RCC_APB2PeriphResetCmd
    stm32f10x_gpio.o(i.GPIO_DeInit) refers to stm32f10x_rcc.o(i.RCC_APB2PeriphResetCmd) for RCC_APB2PeriphResetCmd
    stm32f10x_i2c.o(i.I2C_DeInit) refers to stm32f10x_rcc.o(i.RCC_APB1PeriphResetCmd) for RCC_APB1PeriphResetCmd
    stm32f10x_i2c.o(i.I2C_Init) refers to stm32f10x_rcc.o(i.RCC_GetClocksFreq) for RCC_GetClocksFreq
    stm32f10x_pwr.o(i.PWR_DeInit) refers to stm32f10x_rcc.o(i.RCC_APB1PeriphResetCmd) for RCC_APB1PeriphResetCmd
    stm32f10x_rcc.o(i.RCC_GetClocksFreq) refers to stm32f10x_rcc.o(.data) for APBAHBPrescTable
    stm32f10x_rcc.o(i.RCC_WaitForHSEStartUp) refers to stm32f10x_rcc.o(i.RCC_GetFlagStatus) for RCC_GetFlagStatus
    stm32f10x_rtc.o(i.RTC_SetAlarm) refers to stm32f10x_rtc.o(i.RTC_EnterConfigMode) for RTC_EnterConfigMode
    stm32f10x_rtc.o(i.RTC_SetAlarm) refers to stm32f10x_rtc.o(i.RTC_ExitConfigMode) for RTC_ExitConfigMode
    stm32f10x_rtc.o(i.RTC_SetCounter) refers to stm32f10x_rtc.o(i.RTC_EnterConfigMode) for RTC_EnterConfigMode
    stm32f10x_rtc.o(i.RTC_SetCounter) refers to stm32f10x_rtc.o(i.RTC_ExitConfigMode) for RTC_ExitConfigMode
[...]
    ../clib/scanf.c                          0x00000000   Number         0  scanf_fp.o ABSOLUTE
    ../clib/scanf.c                          0x00000000   Number         0  _sgetc.o ABSOLUTE
    ../fplib/microlib/d2f.c                  0x00000000   Number         0  d2f.o ABSOLUTE
    ../fplib/microlib/f2d.c                  0x00000000   Number         0  f2d.o ABSOLUTE
    ../fplib/microlib/fpadd.c                0x00000000   Number         0  dadd.o ABSOLUTE
    ../fplib/microlib/fpadd.c                0x00000000   Number         0  fadd.o ABSOLUTE
    ../fplib/microlib/fpdiv.c                0x00000000   Number         0  fdiv.o ABSOLUTE
    ../fplib/microlib/fpdiv.c                0x00000000   Number         0  ddiv.o ABSOLUTE
    ../fplib/microlib/fpepilogue.c           0x00000000   Number         0  fepilogue.o ABSOLUTE
    ../fplib/microlib/fpepilogue.c           0x00000000   Number         0  depilogue.o ABSOLUTE
    ../fplib/microlib/fpfix.c                0x00000000   Number         0  ffixui.o ABSOLUTE
    ../fplib/microlib/fpfix.c                0x00000000   Number         0  dfixi.o ABSOLUTE
    ../fplib/microlib/fpfix.c                0x00000000   Number         0  dfixui.o ABSOLUTE
    ../fplib/microlib/fpfix.c                0x00000000   Number         0  dfixul.o ABSOLUTE
    ../fplib/microlib/fpflt.c                0x00000000   Number         0  dflti.o ABSOLUTE
    ../fplib/microlib/fpflt.c                0x00000000   Number         0  ffltui.o ABSOLUTE
    ../fplib/microlib/fpflt.c                0x00000000   Number         0  dfltui.o ABSOLUTE
    ../fplib/microlib/fpflt.c                0x00000000   Number         0  fflti.o ABSOLUTE
    ../fplib/microlib/fpflt.c                0x00000000   Number         0  dfltul.o ABSOLUTE
    ../fplib/microlib/fpmul.c                0x00000000   Number         0  fmul.o ABSOLUTE
    ../fplib/microlib/fpmul.c                0x00000000   Number         0  dmul.o ABSOLUTE
    ../fplib/microlib/fprem.c                0x00000000   Number         0  drem.o ABSOLUTE
    ../fplib/microlib/fpscalb.c              0x00000000   Number         0  dscalb.o ABSOLUTE
    ../mathlib/atan.c                        0x00000000   Number         0  atan.o ABSOLUTE
    ../mathlib/atan.c                        0x00000000   Number         0  atan_x.o ABSOLUTE
    ../mathlib/atan2.c                       0x00000000   Number         0  atan2.o ABSOLUTE
    ../mathlib/atan2.c                       0x00000000   Number         0  atan2_x.o ABSOLUTE
    ../mathlib/atof.c                        0x00000000   Number         0  atof.o ABSOLUTE
    ../mathlib/dunder.c                      0x00000000   Number         0  dunder.o ABSOLUTE
    ../mathlib/fmod.c                        0x00000000   Number         0  fmod.o ABSOLUTE
    ../mathlib/fmod.c                        0x00000000   Number         0  fmod_x.o ABSOLUTE
    ../mathlib/fpclassify.c                  0x00000000   Number         0  fpclassify.o ABSOLUTE
    ../mathlib/poly.c                        0x00000000   Number         0  poly.o ABSOLUTE
    ../mathlib/qnan.c                        0x00000000   Number         0  qnan.o ABSOLUTE
    Hardware\adc.c                           0x00000000   Number         0  adc.o ABSOLUTE
    Hardware\delay.c                         0x00000000   Number         0  delay.o ABSOLUTE
    Hardware\iic.c                           0x00000000   Number         0  iic.o ABSOLUTE
    Hardware\spi2.c                          0x00000000   Number         0  spi2.o ABSOLUTE
    Hardware\timer.c                         0x00000000   Number         0  timer.o ABSOLUTE
    Hardware\usart.c                         0x00000000   Number         0  usart.o ABSOLUTE
    SimpleFOC\BLDCMotor.c                    0x00000000   Number         0  bldcmotor.o ABSOLUTE
    SimpleFOC\CurrentSense.c                 0x00000000   Number         0  currentsense.o ABSOLUTE
    SimpleFOC\Encoder.c                      0x00000000   Number         0  encoder.o ABSOLUTE
    SimpleFOC\FOCMotor.c                     0x00000000   Number         0  focmotor.o ABSOLUTE
    SimpleFOC\IC_MU_SPI.c                    0x00000000   Number         0  ic_mu_spi.o ABSOLUTE
    SimpleFOC\InlineCurrentSense.c           0x00000000   Number         0  inlinecurrentsense.o ABSOLUTE
    SimpleFOC\MagneticSensorI2C.c            0x00000000   Number         0  magneticsensori2c.o ABSOLUTE
    SimpleFOC\MagneticSensorSPI.c            0x00000000   Number         0  magneticsensorspi.o ABSOLUTE
    SimpleFOC\PID.c                          0x00000000   Number         0  pid.o ABSOLUTE
    SimpleFOC\Sensor.c                       0x00000000   Number         0  sensor.o ABSOLUTE
    SimpleFOC\foc_utils.c                    0x00000000   Number         0  foc_utils.o ABSOLUTE
    SimpleFOC\lowpass_filter.c               0x00000000   Number         0  lowpass_filter.o ABSOLUTE
    cdcmple.s                                0x00000000   Number         0  cdcmple.o ABSOLUTE
    cdrcmple.s                               0x00000000   Number         0  cdrcmple.o ABSOLUTE
    cfcmple.s                                0x00000000   Number         0  cfcmple.o ABSOLUTE
    cfrcmple.s                               0x00000000   Number         0  cfrcmple.o ABSOLUTE
    dc.s                                     0x00000000   Number         0  dc.o ABSOLUTE
    handlers.s                               0x00000000   Number         0  handlers.o ABSOLUTE
    init.s                                   0x00000000   Number         0  init.o ABSOLUTE
    lib\src\misc.c                           0x00000000   Number         0  misc.o ABSOLUTE
    lib\src\stm32f10x_adc.c                  0x00000000   Number         0  stm32f10x_adc.o ABSOLUTE
    lib\src\stm32f10x_bkp.c                  0x00000000   Number         0  stm32f10x_bkp.o ABSOLUTE
    lib\src\stm32f10x_can.c                  0x00000000   Number         0  stm32f10x_can.o ABSOLUTE
    lib\src\stm32f10x_cec.c                  0x00000000   Number         0  stm32f10x_cec.o ABSOLUTE
    lib\src\stm32f10x_crc.c                  0x00000000   Number         0  stm32f10x_crc.o ABSOLUTE
    lib\src\stm32f10x_dac.c                  0x00000000   Number         0  stm32f10x_dac.o ABSOLUTE
    lib\src\stm32f10x_dbgmcu.c               0x00000000   Number         0  stm32f10x_dbgmcu.o ABSOLUTE
    lib\src\stm32f10x_dma.c                  0x00000000   Number         0  stm32f10x_dma.o ABSOLUTE
    lib\src\stm32f10x_exti.c                 0x00000000   Number         0  stm32f10x_exti.o ABSOLUTE
    lib\src\stm32f10x_flash.c                0x00000000   Number         0  stm32f10x_flash.o ABSOLUTE
    lib\src\stm32f10x_fsmc.c                 0x00000000   Number         0  stm32f10x_fsmc.o ABSOLUTE
    lib\src\stm32f10x_gpio.c                 0x00000000   Number         0  stm32f10x_gpio.o ABSOLUTE
    lib\src\stm32f10x_i2c.c                  0x00000000   Number         0  stm32f10x_i2c.o ABSOLUTE
    lib\src\stm32f10x_iwdg.c                 0x00000000   Number         0  stm32f10x_iwdg.o ABSOLUTE
    lib\src\stm32f10x_pwr.c                  0x00000000   Number         0  stm32f10x_pwr.o ABSOLUTE
    lib\src\stm32f10x_rcc.c                  0x00000000   Number         0  stm32f10x_rcc.o ABSOLUTE
    lib\src\stm32f10x_rtc.c                  0x00000000   Number         0  stm32f10x_rtc.o ABSOLUTE
    lib\src\stm32f10x_sdio.c                 0x00000000   Number         0  stm32f10x_sdio.o ABSOLUTE
    lib\src\stm32f10x_spi.c                  0x00000000   Number         0  stm32f10x_spi.o ABSOLUTE
    lib\src\stm32f10x_tim.c                  0x00000000   Number         0  stm32f10x_tim.o ABSOLUTE
    lib\src\stm32f10x_usart.c                0x00000000   Number         0  stm32f10x_usart.o ABSOLUTE
    lib\src\stm32f10x_wwdg.c                 0x00000000   Number         0  stm32f10x_wwdg.o ABSOLUTE
    startup\\core_cm3.c                      0x00000000   Number         0  core_cm3.o ABSOLUTE
    startup\core_cm3.c                       0x00000000   Number         0  core_cm3.o ABSOLUTE
    startup\startup_stm32f10x_md.s           0x00000000   Number         0  startup_stm32f10x_md.o ABSOLUTE
    startup\system_stm32f10x.c               0x00000000   Number         0  system_stm32f10x.o ABSOLUTE
    user\main.c                              0x00000000   Number         0  main.o ABSOLUTE
    RESET                                    0x08000000   Section      236  startup_stm32f10x_md.o(RESET)
    .ARM.Collect$$$$00000000                 0x080000ec   Section        0  entry.o(.ARM.Collect$$$$00000000)
    .ARM.Collect$$$$00000001                 0x080000ec   Section        4  entry2.o(.ARM.Collect$$$$00000001)
    .ARM.Collect$$$$00000004                 0x080000f0   Section        4  entry5.o(.ARM.Collect$$$$00000004)
    .ARM.Collect$$$$00000008                 0x080000f4   Section        0  entry7b.o(.ARM.Collect$$$$00000008)
    .ARM.Collect$$$$0000000A                 0x080000f4   Section        0  entry8b.o(.ARM.Collect$$$$0000000A)
    .ARM.Collect$$$$0000000B                 0x080000f4   Section        8  entry9a.o(.ARM.Collect$$$$0000000B)
    .ARM.Collect$$$$0000000E                 0x080000fc   Section        4  entry12b.o(.ARM.Collect$$$$0000000E)
    .ARM.Collect$$$$0000000F                 0x08000100   Section        0  entry10a.o(.ARM.Collect$$$$0000000F)
    .ARM.Collect$$$$00000011                 0x08000100   Section        0  entry11a.o(.ARM.Collect$$$$00000011)
    .ARM.Collect$$$$00002712                 0x08000100   Section        4  entry2.o(.ARM.Collect$$$$00002712)
    __lit__00000000                          0x08000100   Data           4  entry2.o(.ARM.Collect$$$$00002712)
    .text                                    0x08000104   Section       36  startup_stm32f10x_md.o(.text)
    .text                                    0x08000128   Section        0  fadd.o(.text)
    .text                                    0x080001d8   Section        0  fmul.o(.text)
    .text                                    0x0800023c   Section        0  fdiv.o(.text)
    .text                                    0x080002b8   Section        0  dadd.o(.text)
    .text                                    0x08000406   Section        0  dmul.o(.text)
    .text                                    0x080004ea   Section        0  ddiv.o(.text)
    .text                                    0x080005c8   Section        0  fflti.o(.text)
    .text                                    0x080005da   Section        0  ffltui.o(.text)
    .text                                    0x080005e4   Section        0  dflti.o(.text)
    .text                                    0x08000606   Section        0  dfltui.o(.text)
    .text                                    0x08000620   Section        0  ffixui.o(.text)
    .text                                    0x08000648   Section        0  dfixi.o(.text)
    .text                                    0x08000686   Section        0  dfixui.o(.text)
    .text                                    0x080006b8   Section        0  f2d.o(.text)
    .text                                    0x080006e0   Section       48  cdcmple.o(.text)
    .text                                    0x08000710   Section       48  cdrcmple.o(.text)
    .text                                    0x08000740   Section        0  d2f.o(.text)
    .text                                    0x08000778   Section       20  cfcmple.o(.text)
    .text                                    0x0800078c   Section       20  cfrcmple.o(.text)
    .text                                    0x080007a0   Section        0  uidiv.o(.text)
    .text                                    0x080007cc   Section        0  uldiv.o(.text)
    .text                                    0x0800082e   Section        0  llshl.o(.text)
    .text                                    0x0800084c   Section        0  llushr.o(.text)
    .text                                    0x0800086c   Section        0  llsshr.o(.text)
    .text                                    0x08000890   Section        0  strtod.o(.text)
    _local_sscanf                            0x08000891   Thumb Code    54  strtod.o(.text)
    .text                                    0x0800092c   Section        0  fepilogue.o(.text)
    .text                                    0x0800092c   Section        0  iusefp.o(.text)
    .text                                    0x0800099a   Section        0  depilogue.o(.text)
    .text                                    0x08000a54   Section        0  drem.o(.text)
    .text                                    0x08000ada   Section        0  dfixul.o(.text)
    .text                                    0x08000b0c   Section       36  init.o(.text)
    .text                                    0x08000b30   Section        0  isspace_c.o(.text)
    .text                                    0x08000b3c   Section        0  scanf_fp.o(.text)
    _fp_value                                0x08000b3d   Thumb Code   296  scanf_fp.o(.text)
    .text                                    0x08000e9c   Section        0  _sgetc.o(.text)
    .text                                    0x08000edc   Section        0  dscalb.o(.text)
    .text                                    0x08000f0c   Section        0  ctype_c.o(.text)
    .text                                    0x08000f34   Section        0  dfltul.o(.text)
    i.ADC_Cmd                                0x08000f4c   Section        0  stm32f10x_adc.o(i.ADC_Cmd)
    i.ADC_DeInit                             0x08000f64   Section        0  stm32f10x_adc.o(i.ADC_DeInit)
    i.ADC_GetCalibrationStatus               0x08000fc0   Section        0  stm32f10x_adc.o(i.ADC_GetCalibrationStatus)
    i.ADC_GetConversionValue                 0x08000fd4   Section        0  stm32f10x_adc.o(i.ADC_GetConversionValue)
    i.ADC_GetFlagStatus                      0x08000fdc   Section        0  stm32f10x_adc.o(i.ADC_GetFlagStatus)
    i.ADC_GetResetCalibrationStatus          0x08000fee   Section        0  stm32f10x_adc.o(i.ADC_GetResetCalibrationStatus)
    i.ADC_Init                               0x08001004   Section        0  stm32f10x_adc.o(i.ADC_Init)
    i.ADC_RegularChannelConfig               0x08001054   Section        0  stm32f10x_adc.o(i.ADC_RegularChannelConfig)
    i.ADC_ResetCalibration                   0x0800110c   Section        0  stm32f10x_adc.o(i.ADC_ResetCalibration)
    i.ADC_SoftwareStartConvCmd               0x08001116   Section        0  stm32f10x_adc.o(i.ADC_SoftwareStartConvCmd)
    i.ADC_StartCalibration                   0x0800112c   Section        0  stm32f10x_adc.o(i.ADC_StartCalibration)
    i.Current_calibrateOffsets               0x08001138   Section        0  inlinecurrentsense.o(i.Current_calibrateOffsets)
    i.EXTI15_10_IRQHandler                   0x0800126c   Section        0  encoder.o(i.EXTI15_10_IRQHandler)
    i.EXTI9_5_IRQHandler                     0x0800136c   Section        0  encoder.o(i.EXTI9_5_IRQHandler)
    i.EXTI_ClearITPendingBit                 0x0800141c   Section        0  stm32f10x_exti.o(i.EXTI_ClearITPendingBit)
    i.EXTI_GetITStatus                       0x08001428   Section        0  stm32f10x_exti.o(i.EXTI_GetITStatus)
    i.EXTI_Init                              0x08001450   Section        0  stm32f10x_exti.o(i.EXTI_Init)
    i.Encoder_Index_init                     0x080014e4   Section        0  encoder.o(i.Encoder_Index_init)
    i.Encoder_init                           0x08001548   Section        0  encoder.o(i.Encoder_init)
    i.GPIO_Config                            0x080015ec   Section        0  main.o(i.GPIO_Config)
    i.GPIO_EXTILineConfig                    0x08001658   Section        0  stm32f10x_gpio.o(i.GPIO_EXTILineConfig)
    i.GPIO_Init                              0x08001698   Section        0  stm32f10x_gpio.o(i.GPIO_Init)
    i.GPIO_PinRemapConfig                    0x080017b0   Section        0  stm32f10x_gpio.o(i.GPIO_PinRemapConfig)
    i.GPIO_ReadInputDataBit                  0x08001840   Section        0  stm32f10x_gpio.o(i.GPIO_ReadInputDataBit)
    i.GPIO_ResetBits                         0x08001852   Section        0  stm32f10x_gpio.o(i.GPIO_ResetBits)
    i.GPIO_SetBits                           0x08001856   Section        0  stm32f10x_gpio.o(i.GPIO_SetBits)
    i.InlineCurrentSense                     0x0800185c   Section        0  inlinecurrentsense.o(i.InlineCurrentSense)
    i.InlineCurrentSense_Init                0x08001970   Section        0  inlinecurrentsense.o(i.InlineCurrentSense_Init)
    i.LPF_init                               0x08001994   Section        0  lowpass_filter.o(i.LPF_init)
    i.LPFoperator                            0x080019e0   Section        0  lowpass_filter.o(i.LPFoperator)
    i.MagneticSensor_Init                    0x08001a74   Section        0  sensor.o(i.MagneticSensor_Init)
    i.Motor_init                             0x08001b30   Section        0  bldcmotor.o(i.Motor_init)
    i.Motor_initFOC                          0x08001bdc   Section        0  bldcmotor.o(i.Motor_initFOC)
    i.NVIC_Init                              0x08001c50   Section        0  misc.o(i.NVIC_Init)
    i.PID_init                               0x08001cc0   Section        0  pid.o(i.PID_init)
    i.PIDoperator                            0x08001d50   Section        0  pid.o(i.PIDoperator)
    i.RCC_ADCCLKConfig                       0x08001ec8   Section        0  stm32f10x_rcc.o(i.RCC_ADCCLKConfig)
    i.RCC_APB1PeriphClockCmd                 0x08001ee0   Section        0  stm32f10x_rcc.o(i.RCC_APB1PeriphClockCmd)
    i.RCC_APB1PeriphResetCmd                 0x08001f00   Section        0  stm32f10x_rcc.o(i.RCC_APB1PeriphResetCmd)
    i.RCC_APB2PeriphClockCmd                 0x08001f20   Section        0  stm32f10x_rcc.o(i.RCC_APB2PeriphClockCmd)
    i.RCC_APB2PeriphResetCmd                 0x08001f40   Section        0  stm32f10x_rcc.o(i.RCC_APB2PeriphResetCmd)
    i.RCC_GetClocksFreq                      0x08001f60   Section        0  stm32f10x_rcc.o(i.RCC_GetClocksFreq)
    i.SetSysClock                            0x08002034   Section        0  system_stm32f10x.o(i.SetSysClock)
    SetSysClock                              0x08002035   Thumb Code     8  system_stm32f10x.o(i.SetSysClock)
    i.SetSysClockTo72                        0x0800203c   Section        0  system_stm32f10x.o(i.SetSysClockTo72)
    SetSysClockTo72                          0x0800203d   Thumb Code   214  system_stm32f10x.o(i.SetSysClockTo72)
    i.SysTick_Handler                        0x0800211c   Section        0  delay.o(i.SysTick_Handler)
    i.SystemInit                             0x0800212c   Section        0  system_stm32f10x.o(i.SystemInit)
    i.TIM2_PWM_Init                          0x0800218c   Section        0  timer.o(i.TIM2_PWM_Init)
    i.TIM_ARRPreloadConfig                   0x0800224c   Section        0  stm32f10x_tim.o(i.TIM_ARRPreloadConfig)
    i.TIM_Cmd                                0x08002264   Section        0  stm32f10x_tim.o(i.TIM_Cmd)
    i.TIM_DeInit                             0x0800227c   Section        0  stm32f10x_tim.o(i.TIM_DeInit)
    i.TIM_OC1Init                            0x08002464   Section        0  stm32f10x_tim.o(i.TIM_OC1Init)
    i.TIM_OC1PreloadConfig                   0x080024fc   Section        0  stm32f10x_tim.o(i.TIM_OC1PreloadConfig)
    i.TIM_OC2Init                            0x08002510   Section        0  stm32f10x_tim.o(i.TIM_OC2Init)
    i.TIM_OC2PreloadConfig                   0x080025b4   Section        0  stm32f10x_tim.o(i.TIM_OC2PreloadConfig)
    i.TIM_OC3Init                            0x080025d0   Section        0  stm32f10x_tim.o(i.TIM_OC3Init)
    i.TIM_OC3PreloadConfig                   0x08002670   Section        0  stm32f10x_tim.o(i.TIM_OC3PreloadConfig)
    i.TIM_SetCompare1                        0x08002682   Section        0  stm32f10x_tim.o(i.TIM_SetCompare1)
    i.TIM_SetCompare2                        0x08002686   Section        0  stm32f10x_tim.o(i.TIM_SetCompare2)
    i.TIM_SetCompare3                        0x0800268a   Section        0  stm32f10x_tim.o(i.TIM_SetCompare3)
    i.TIM_TimeBaseInit                       0x08002690   Section        0  stm32f10x_tim.o(i.TIM_TimeBaseInit)
    i.USART1_IRQHandler                      0x08002734   Section        0  usart.o(i.USART1_IRQHandler)
    i.USART_Cmd                              0x080027c8   Section        0  stm32f10x_usart.o(i.USART_Cmd)
    i.USART_GetITStatus                      0x080027e0   Section        0  stm32f10x_usart.o(i.USART_GetITStatus)
    i.USART_ITConfig                         0x08002834   Section        0  stm32f10x_usart.o(i.USART_ITConfig)
    i.USART_Init                             0x08002880   Section        0  stm32f10x_usart.o(i.USART_Init)
    i.USART_ReceiveData                      0x08002958   Section        0  stm32f10x_usart.o(i.USART_ReceiveData)
    i.__0printf                              0x08002964   Section        0  printfa.o(i.__0printf)
    i.__ARM_fpclassify                       0x08002984   Section        0  fpclassify.o(i.__ARM_fpclassify)
    i.__kernel_poly                          0x080029ac   Section        0  poly.o(i.__kernel_poly)
    i.__mathlib_dbl_infnan                   0x08002a56   Section        0  dunder.o(i.__mathlib_dbl_infnan)
    i.__mathlib_dbl_infnan2                  0x08002a5c   Section        0  dunder.o(i.__mathlib_dbl_infnan2)
    i.__mathlib_dbl_invalid                  0x08002a60   Section        0  dunder.o(i.__mathlib_dbl_invalid)
    i.__mathlib_dbl_underflow                0x08002a6c   Section        0  dunder.o(i.__mathlib_dbl_underflow)
    i.__read_errno                           0x08002a7c   Section        0  errno.o(i.__read_errno)
    i.__scatterload_copy                     0x08002a88   Section       14  handlers.o(i.__scatterload_copy)
    i.__scatterload_null                     0x08002a96   Section        2  handlers.o(i.__scatterload_null)
    i.__scatterload_zeroinit                 0x08002a98   Section       14  handlers.o(i.__scatterload_zeroinit)
    i.__set_errno                            0x08002aa8   Section        0  errno.o(i.__set_errno)
    i._cos                                   0x08002ab4   Section        0  foc_utils.o(i._cos)
    i._electricalAngle                       0x08002b20   Section        0  foc_utils.o(i._electricalAngle)
    i._fp_digits                             0x08002b38   Section        0  printfa.o(i._fp_digits)
    _fp_digits                               0x08002b39   Thumb Code   366  printfa.o(i._fp_digits)
    i._is_digit                              0x08002cbc   Section        0  scanf_fp.o(i._is_digit)
    i._micros                                0x08002ccc   Section        0  delay.o(i._micros)
    i._normalizeAngle                        0x08002d00   Section        0  foc_utils.o(i._normalizeAngle)
    i._printf_core                           0x08002d54   Section        0  printfa.o(i._printf_core)
    _printf_core                             0x08002d55   Thumb Code  1704  printfa.o(i._printf_core)
    i._printf_post_padding                   0x08003408   Section        0  printfa.o(i._printf_post_padding)
    _printf_post_padding                     0x08003409   Thumb Code    36  printfa.o(i._printf_post_padding)
    i._printf_pre_padding                    0x0800342c   Section        0  printfa.o(i._printf_pre_padding)
    _printf_pre_padding                      0x0800342d   Thumb Code    46  printfa.o(i._printf_pre_padding)
    i._readADCVoltageInline                  0x0800345c   Section        0  adc.o(i._readADCVoltageInline)
    i._sin                                   0x080034a0   Section        0  foc_utils.o(i._sin)
    i._sqrtApprox                            0x08003738   Section        0  foc_utils.o(i._sqrtApprox)
    i.alignSensor                            0x08003758   Section        0  bldcmotor.o(i.alignSensor)
    i.analogRead                             0x08003b34   Section        0  adc.o(i.analogRead)
    i.angleOpenloop                          0x08003b68   Section        0  bldcmotor.o(i.angleOpenloop)
    i.atan                                   0x08003c94   Section        0  atan.o(i.atan)
    i.atan2                                  0x08003eb4   Section        0  atan2.o(i.atan2)
    i.atof                                   0x08004050   Section        0  atof.o(i.atof)
    i.commander_run                          0x0800407c   Section        0  main.o(i.commander_run)
    i.configureADCInline                     0x080041c4   Section        0  adc.o(i.configureADCInline)
    i.delay_ms                               0x08004300   Section        0  delay.o(i.delay_ms)
    i.electricalAngle                        0x08004330   Section        0  focmotor.o(i.electricalAngle)
    i.fmod                                   0x08004378   Section        0  fmod.o(i.fmod)
    i.fputc                                  0x0800440c   Section        0  usart.o(i.fputc)
    i.getAngle_ABZ                           0x08004428   Section        0  encoder.o(i.getAngle_ABZ)
    i.getDCCurrent                           0x08004474   Section        0  currentsense.o(i.getDCCurrent)
    i.getFOCCurrents                         0x080045c8   Section        0  currentsense.o(i.getFOCCurrents)
    i.getPhaseCurrents                       0x080046f8   Section        0  inlinecurrentsense.o(i.getPhaseCurrents)
    i.getRawCount                            0x080047a4   Section        0  sensor.o(i.getRawCount)
    i.getVelocity_ABZ                        0x080047b0   Section        0  encoder.o(i.getVelocity_ABZ)
    i.loopFOC                                0x080048d0   Section        0  bldcmotor.o(i.loopFOC)
    i.main                                   0x08004a0c   Section        0  main.o(i.main)
    i.move                                   0x08004bcc   Section        0  bldcmotor.o(i.move)
    i.setPhaseVoltage                        0x08004cd0   Section        0  bldcmotor.o(i.setPhaseVoltage)
    i.shaftAngle                             0x080050b8   Section        0  focmotor.o(i.shaftAngle)
    i.shaftVelocity                          0x080050e8   Section        0  focmotor.o(i.shaftVelocity)
    i.systick_CountInit                      0x08005114   Section        0  delay.o(i.systick_CountInit)
    i.timecount                              0x0800512c   Section        0  main.o(i.timecount)
    i.uart_init                              0x0800515c   Section        0  usart.o(i.uart_init)
    i.velocityOpenloop                       0x080051fc   Section        0  bldcmotor.o(i.velocityOpenloop)
    .constdata                               0x08005298   Section      800  foc_utils.o(.constdata)
    .constdata                               0x080055b8   Section      152  atan.o(.constdata)
    atanhi                                   0x080055b8   Data          32  atan.o(.constdata)
    atanlo                                   0x080055d8   Data          32  atan.o(.constdata)
    aTodd                                    0x080055f8   Data          40  atan.o(.constdata)
    aTeven                                   0x08005620   Data          48  atan.o(.constdata)
    .constdata                               0x08005650   Section        8  qnan.o(.constdata)
    .constdata                               0x08005658   Section       64  ctype_c.o(.constdata)
    .data                                    0x20000000   Section       20  stm32f10x_rcc.o(.data)
    APBAHBPrescTable                         0x20000000   Data          16  stm32f10x_rcc.o(.data)
    ADCPrescTable                            0x20000010   Data           4  stm32f10x_rcc.o(.data)
    .data                                    0x20000014   Section        4  delay.o(.data)
    .data                                    0x20000018   Section        6  usart.o(.data)
    .data                                    0x20000020   Section       44  sensor.o(.data)
    .data                                    0x2000004c   Section       52  focmotor.o(.data)
    .data                                    0x20000080   Section       32  bldcmotor.o(.data)
    .data                                    0x200000a0   Section       36  inlinecurrentsense.o(.data)
    .data                                    0x200000c4   Section       12  main.o(.data)
    .data                                    0x200000d0   Section       36  encoder.o(.data)
    .data                                    0x200000f4   Section        4  errno.o(.data)
    _errno                                   0x200000f4   Data           4  errno.o(.data)
    .bss                                     0x200000f8   Section      256  usart.o(.bss)
    .bss                                     0x200001f8   Section      144  pid.o(.bss)
    .bss                                     0x20000288   Section       36  lowpass_filter.o(.bss)
    STACK                                    0x200002b0   Section     1024  startup_stm32f10x_md.o(STACK)

    Global Symbols

    Symbol Name                              Value     Ov Type        Size  Object(Section)

    BuildAttributes$$THM_ISAv4$P$D$K$B$S$PE$A:L22UL41UL21$X:L11$S22US41US21$IEEE1$IW$USESV6$~STKCKD$USESV7$~SHL$OTIME$ROPI$IEEEX$EBA8$MICROLIB$REQ8$PRES8$EABIv2 0x00000000   Number         0  anon$$obj.o ABSOLUTE
    __ARM_use_no_argv                        0x00000000   Number         0  main.o ABSOLUTE
    __use_no_errno                           0x00000000   Number         0  useno.o ABSOLUTE
    __use_no_exception_handling              0x00000000   Number         0  useno.o ABSOLUTE
    __use_no_fp                              0x00000000   Number         0  useno.o ABSOLUTE
    __use_no_heap                            0x00000000   Number         0  useno.o ABSOLUTE
    __use_no_heap_region                     0x00000000   Number         0  useno.o ABSOLUTE
    __use_no_semihosting                     0x00000000   Number         0  useno.o ABSOLUTE
    __use_no_semihosting_swi                 0x00000000   Number         0  useno.o ABSOLUTE
    __use_no_signal_handling                 0x00000000   Number         0  useno.o ABSOLUTE
    _printf_a                                0x00000000   Number         0  stubs.o ABSOLUTE
    _printf_c                                0x00000000   Number         0  stubs.o ABSOLUTE
    _printf_charcount                        0x00000000   Number         0  stubs.o ABSOLUTE
    _printf_d                                0x00000000   Number         0  stubs.o ABSOLUTE
    _printf_e                                0x00000000   Number         0  stubs.o ABSOLUTE
    _printf_f                                0x00000000   Number         0  stubs.o ABSOLUTE
    _printf_flags                            0x00000000   Number         0  stubs.o ABSOLUTE
    _printf_fp_dec                           0x00000000   Number         0  stubs.o ABSOLUTE
    _printf_fp_hex                           0x00000000   Number         0  stubs.o ABSOLUTE
    _printf_g                                0x00000000   Number         0  stubs.o ABSOLUTE
    _printf_i                                0x00000000   Number         0  stubs.o ABSOLUTE
    _printf_int_dec                          0x00000000   Number         0  stubs.o ABSOLUTE
    _printf_l                                0x00000000   Number         0  stubs.o ABSOLUTE
    _printf_lc                               0x00000000   Number         0  stubs.o ABSOLUTE
    _printf_ll                               0x00000000   Number         0  stubs.o ABSOLUTE
    _printf_lld                              0x00000000   Number         0  stubs.o ABSOLUTE
    _printf_lli                              0x00000000   Number         0  stubs.o ABSOLUTE
    _printf_llo                              0x00000000   Number         0  stubs.o ABSOLUTE
    _printf_llu                              0x00000000   Number         0  stubs.o ABSOLUTE
    _printf_llx                              0x00000000   Number         0  stubs.o ABSOLUTE
    _printf_longlong_dec                     0x00000000   Number         0  stubs.o ABSOLUTE
    _printf_longlong_hex                     0x00000000   Number         0  stubs.o ABSOLUTE
    _printf_longlong_oct                     0x00000000   Number         0  stubs.o ABSOLUTE
    _printf_ls                               0x00000000   Number         0  stubs.o ABSOLUTE
    _printf_mbtowc                           0x00000000   Number         0  stubs.o ABSOLUTE
    _printf_n                                0x00000000   Number         0  stubs.o ABSOLUTE
    _printf_o                                0x00000000   Number         0  stubs.o ABSOLUTE
    _printf_p                                0x00000000   Number         0  stubs.o ABSOLUTE
    _printf_percent                          0x00000000   Number         0  stubs.o ABSOLUTE
    _printf_pre_padding                      0x00000000   Number         0  stubs.o ABSOLUTE
    _printf_return_value                     0x00000000   Number         0  stubs.o ABSOLUTE
    _printf_s                                0x00000000   Number         0  stubs.o ABSOLUTE
    _printf_sizespec                         0x00000000   Number         0  stubs.o ABSOLUTE
    _printf_str                              0x00000000   Number         0  stubs.o ABSOLUTE
    _printf_truncate_signed                  0x00000000   Number         0  stubs.o ABSOLUTE
    _printf_truncate_unsigned                0x00000000   Number         0  stubs.o ABSOLUTE
    _printf_u                                0x00000000   Number         0  stubs.o ABSOLUTE
    _printf_wc                               0x00000000   Number         0  stubs.o ABSOLUTE
    _printf_wctomb                           0x00000000   Number         0  stubs.o ABSOLUTE
    _printf_widthprec                        0x00000000   Number         0  stubs.o ABSOLUTE
    _printf_x                                0x00000000   Number         0  stubs.o ABSOLUTE
    __arm_fini_                               - Undefined Weak Reference
    __cpp_initialize__aeabi_                  - Undefined Weak Reference
    __cxa_finalize                            - Undefined Weak Reference
    __decompress                              - Undefined Weak Reference
    _clock_init                               - Undefined Weak Reference
    _microlib_exit                            - Undefined Weak Reference
    __Vectors_Size                           0x000000ec   Number         0  startup_stm32f10x_md.o ABSOLUTE
    __Vectors                                0x08000000   Data           4  startup_stm32f10x_md.o(RESET)
    __Vectors_End                            0x080000ec   Data           0  startup_stm32f10x_md.o(RESET)
    __main                                   0x080000ed   Thumb Code     0  entry.o(.ARM.Collect$$$$00000000)
    _main_stk                                0x080000ed   Thumb Code     0  entry2.o(.ARM.Collect$$$$00000001)
    _main_scatterload                        0x080000f1   Thumb Code     0  entry5.o(.ARM.Collect$$$$00000004)
    __main_after_scatterload                 0x080000f5   Thumb Code     0  entry5.o(.ARM.Collect$$$$00000004)
    _main_clock                              0x080000f5   Thumb Code     0  entry7b.o(.ARM.Collect$$$$00000008)
    _main_cpp_init                           0x080000f5   Thumb Code     0  entry8b.o(.ARM.Collect$$$$0000000A)
    _main_init                               0x080000f5   Thumb Code     0  entry9a.o(.ARM.Collect$$$$0000000B)
    __rt_lib_shutdown_fini                   0x080000fd   Thumb Code     0  entry12b.o(.ARM.Collect$$$$0000000E)
    __rt_final_cpp                           0x08000101   Thumb Code     0  entry10a.o(.ARM.Collect$$$$0000000F)
    __rt_final_exit                          0x08000101   Thumb Code     0  entry11a.o(.ARM.Collect$$$$00000011)
    Reset_Handler                            0x08000105   Thumb Code     8  startup_stm32f10x_md.o(.text)
    NMI_Handler                              0x0800010d   Thumb Code     2  startup_stm32f10x_md.o(.text)
    HardFault_Handler                        0x0800010f   Thumb Code     2  startup_stm32f10x_md.o(.text)
    MemManage_Handler                        0x08000111   Thumb Code     2  startup_stm32f10x_md.o(.text)
    BusFault_Handler                         0x08000113   Thumb Code     2  startup_stm32f10x_md.o(.text)
    UsageFault_Handler                       0x08000115   Thumb Code     2  startup_stm32f10x_md.o(.text)
    SVC_Handler                              0x08000117   Thumb Code     2  startup_stm32f10x_md.o(.text)
    DebugMon_Handler                         0x08000119   Thumb Code     2  startup_stm32f10x_md.o(.text)
    PendSV_Handler                           0x0800011b   Thumb Code     2  startup_stm32f10x_md.o(.text)
    ADC1_2_IRQHandler                        0x0800011f   Thumb Code     0  startup_stm32f10x_md.o(.text)
    CAN1_RX1_IRQHandler                      0x0800011f   Thumb Code     0  startup_stm32f10x_md.o(.text)
    CAN1_SCE_IRQHandler                      0x0800011f   Thumb Code     0  startup_stm32f10x_md.o(.text)
    DMA1_Channel1_IRQHandler                 0x0800011f   Thumb Code     0  startup_stm32f10x_md.o(.text)
    DMA1_Channel2_IRQHandler                 0x0800011f   Thumb Code     0  startup_stm32f10x_md.o(.text)
    DMA1_Channel3_IRQHandler                 0x0800011f   Thumb Code     0  startup_stm32f10x_md.o(.text)
    DMA1_Channel4_IRQHandler                 0x0800011f   Thumb Code     0  startup_stm32f10x_md.o(.text)
    DMA1_Channel5_IRQHandler                 0x0800011f   Thumb Code     0  startup_stm32f10x_md.o(.text)
    DMA1_Channel6_IRQHandler                 0x0800011f   Thumb Code     0  startup_stm32f10x_md.o(.text)
    DMA1_Channel7_IRQHandler                 0x0800011f   Thumb Code     0  startup_stm32f10x_md.o(.text)
    EXTI0_IRQHandler                         0x0800011f   Thumb Code     0  startup_stm32f10x_md.o(.text)
    EXTI1_IRQHandler                         0x0800011f   Thumb Code     0  startup_stm32f10x_md.o(.text)
    EXTI2_IRQHandler                         0x0800011f   Thumb Code     0  startup_stm32f10x_md.o(.text)
    EXTI3_IRQHandler                         0x0800011f   Thumb Code     0  startup_stm32f10x_md.o(.text)
    EXTI4_IRQHandler                         0x0800011f   Thumb Code     0  startup_stm32f10x_md.o(.text)
    FLASH_IRQHandler                         0x0800011f   Thumb Code     0  startup_stm32f10x_md.o(.text)
    I2C1_ER_IRQHandler                       0x0800011f   Thumb Code     0  startup_stm32f10x_md.o(.text)
    I2C1_EV_IRQHandler                       0x0800011f   Thumb Code     0  startup_stm32f10x_md.o(.text)
    I2C2_ER_IRQHandler                       0x0800011f   Thumb Code     0  startup_stm32f10x_md.o(.text)
    I2C2_EV_IRQHandler                       0x0800011f   Thumb Code     0  startup_stm32f10x_md.o(.text)
    PVD_IRQHandler                           0x0800011f   Thumb Code     0  startup_stm32f10x_md.o(.text)
    RCC_IRQHandler                           0x0800011f   Thumb Code     0  startup_stm32f10x_md.o(.text)
    RTCAlarm_IRQHandler                      0x0800011f   Thumb Code     0  startup_stm32f10x_md.o(.text)
    RTC_IRQHandler                           0x0800011f   Thumb Code     0  startup_stm32f10x_md.o(.text)
    SPI1_IRQHandler                          0x0800011f   Thumb Code     0  startup_stm32f10x_md.o(.text)
    SPI2_IRQHandler                          0x0800011f   Thumb Code     0  startup_stm32f10x_md.o(.text)
    TAMPER_IRQHandler                        0x0800011f   Thumb Code     0  startup_stm32f10x_md.o(.text)
    TIM1_BRK_IRQHandler                      0x0800011f   Thumb Code     0  startup_stm32f10x_md.o(.text)
    TIM1_CC_IRQHandler                       0x0800011f   Thumb Code     0  startup_stm32f10x_md.o(.text)
    TIM1_TRG_COM_IRQHandler                  0x0800011f   Thumb Code     0  startup_stm32f10x_md.o(.text)
    TIM1_UP_IRQHandler                       0x0800011f   Thumb Code     0  startup_stm32f10x_md.o(.text)
    TIM2_IRQHandler                          0x0800011f   Thumb Code     0  startup_stm32f10x_md.o(.text)
    TIM3_IRQHandler                          0x0800011f   Thumb Code     0  startup_stm32f10x_md.o(.text)
    TIM4_IRQHandler                          0x0800011f   Thumb Code     0  startup_stm32f10x_md.o(.text)
    USART2_IRQHandler                        0x0800011f   Thumb Code     0  startup_stm32f10x_md.o(.text)
    USART3_IRQHandler                        0x0800011f   Thumb Code     0  startup_stm32f10x_md.o(.text)
    USBWakeUp_IRQHandler                     0x0800011f   Thumb Code     0  startup_stm32f10x_md.o(.text)
    USB_HP_CAN1_TX_IRQHandler                0x0800011f   Thumb Code     0  startup_stm32f10x_md.o(.text)
    USB_LP_CAN1_RX0_IRQHandler               0x0800011f   Thumb Code     0  startup_stm32f10x_md.o(.text)
    WWDG_IRQHandler                          0x0800011f   Thumb Code     0  startup_stm32f10x_md.o(.text)
    __aeabi_fadd                             0x08000129   Thumb Code   164  fadd.o(.text)
    __aeabi_fsub                             0x080001cd   Thumb Code     6  fadd.o(.text)
    __aeabi_frsub                            0x080001d3   Thumb Code     6  fadd.o(.text)
    __aeabi_fmul                             0x080001d9   Thumb Code   100  fmul.o(.text)
    __aeabi_fdiv                             0x0800023d   Thumb Code   124  fdiv.o(.text)
    __aeabi_dadd                             0x080002b9   Thumb Code   322  dadd.o(.text)
    __aeabi_dsub                             0x080003fb   Thumb Code     6  dadd.o(.text)
    __aeabi_drsub                            0x08000401   Thumb Code     6  dadd.o(.text)
    __aeabi_dmul                             0x08000407   Thumb Code   228  dmul.o(.text)
    __aeabi_ddiv                             0x080004eb   Thumb Code   222  ddiv.o(.text)
    __aeabi_i2f                              0x080005c9   Thumb Code    18  fflti.o(.text)
    __aeabi_ui2f                             0x080005db   Thumb Code    10  ffltui.o(.text)
    __aeabi_i2d                              0x080005e5   Thumb Code    34  dflti.o(.text)
    __aeabi_ui2d                             0x08000607   Thumb Code    26  dfltui.o(.text)
    __aeabi_f2uiz                            0x08000621   Thumb Code    40  ffixui.o(.text)
    __aeabi_d2iz                             0x08000649   Thumb Code    62  dfixi.o(.text)
    __aeabi_d2uiz                            0x08000687   Thumb Code    50  dfixui.o(.text)
    __aeabi_f2d                              0x080006b9   Thumb Code    38  f2d.o(.text)
    __aeabi_cdcmpeq                          0x080006e1   Thumb Code     0  cdcmple.o(.text)
    __aeabi_cdcmple                          0x080006e1   Thumb Code    48  cdcmple.o(.text)
    __aeabi_cdrcmple                         0x08000711   Thumb Code    48  cdrcmple.o(.text)
    __aeabi_d2f                              0x08000741   Thumb Code    56  d2f.o(.text)
    __aeabi_cfcmpeq                          0x08000779   Thumb Code     0  cfcmple.o(.text)
    __aeabi_cfcmple                          0x08000779   Thumb Code    20  cfcmple.o(.text)
    __aeabi_cfrcmple                         0x0800078d   Thumb Code    20  cfrcmple.o(.text)
    __aeabi_uidiv                            0x080007a1   Thumb Code     0  uidiv.o(.text)
    __aeabi_uidivmod                         0x080007a1   Thumb Code    44  uidiv.o(.text)
    __aeabi_uldivmod                         0x080007cd   Thumb Code    98  uldiv.o(.text)
    __aeabi_llsl                             0x0800082f   Thumb Code    30  llshl.o(.text)
    _ll_shift_l                              0x0800082f   Thumb Code     0  llshl.o(.text)
    __aeabi_llsr                             0x0800084d   Thumb Code    32  llushr.o(.text)
    _ll_ushift_r                             0x0800084d   Thumb Code     0  llushr.o(.text)
    __aeabi_lasr                             0x0800086d   Thumb Code    36  llsshr.o(.text)
    _ll_sshift_r                             0x0800086d   Thumb Code     0  llsshr.o(.text)
    __strtod_int                             0x080008c7   Thumb Code    90  strtod.o(.text)
    __I$use$fp                               0x0800092d   Thumb Code     0  iusefp.o(.text)
    _float_round                             0x0800092d   Thumb Code    18  fepilogue.o(.text)
    _float_epilogue                          0x0800093f   Thumb Code    92  fepilogue.o(.text)
    _double_round                            0x0800099b   Thumb Code    30  depilogue.o(.text)
    _double_epilogue                         0x080009b9   Thumb Code   156  depilogue.o(.text)
    _drem                                    0x08000a55   Thumb Code   134  drem.o(.text)
    __aeabi_d2ulz                            0x08000adb   Thumb Code    48  dfixul.o(.text)
    __scatterload                            0x08000b0d   Thumb Code    28  init.o(.text)
    __scatterload_rt2                        0x08000b0d   Thumb Code     0  init.o(.text)
    isspace                                  0x08000b31   Thumb Code    10  isspace_c.o(.text)
    _scanf_real                              0x08000c65   Thumb Code     0  scanf_fp.o(.text)
    _scanf_really_real                       0x08000c65   Thumb Code   556  scanf_fp.o(.text)
    _sgetc                                   0x08000e9d   Thumb Code    30  _sgetc.o(.text)
    _sbackspace                              0x08000ebb   Thumb Code    34  _sgetc.o(.text)
    __ARM_scalbn                             0x08000edd   Thumb Code    46  dscalb.o(.text)
    scalbn                                   0x08000edd   Thumb Code     0  dscalb.o(.text)
    __ctype_lookup                           0x08000f0d   Thumb Code    34  ctype_c.o(.text)
    __aeabi_ul2d                             0x08000f35   Thumb Code    24  dfltul.o(.text)
    ADC_Cmd                                  0x08000f4d   Thumb Code    22  stm32f10x_adc.o(i.ADC_Cmd)
    ADC_DeInit                               0x08000f65   Thumb Code    78  stm32f10x_adc.o(i.ADC_DeInit)
    ADC_GetCalibrationStatus                 0x08000fc1   Thumb Code    20  stm32f10x_adc.o(i.ADC_GetCalibrationStatus)
    ADC_GetConversionValue                   0x08000fd5   Thumb Code     8  stm32f10x_adc.o(i.ADC_GetConversionValue)
    ADC_GetFlagStatus                        0x08000fdd   Thumb Code    18  stm32f10x_adc.o(i.ADC_GetFlagStatus)
    ADC_GetResetCalibrationStatus            0x08000fef   Thumb Code    20  stm32f10x_adc.o(i.ADC_GetResetCalibrationStatus)
    ADC_Init                                 0x08001005   Thumb Code    70  stm32f10x_adc.o(i.ADC_Init)
    ADC_RegularChannelConfig                 0x08001055   Thumb Code   184  stm32f10x_adc.o(i.ADC_RegularChannelConfig)
    ADC_ResetCalibration                     0x0800110d   Thumb Code    10  stm32f10x_adc.o(i.ADC_ResetCalibration)
    ADC_SoftwareStartConvCmd                 0x08001117   Thumb Code    22  stm32f10x_adc.o(i.ADC_SoftwareStartConvCmd)
    ADC_StartCalibration                     0x0800112d   Thumb Code    10  stm32f10x_adc.o(i.ADC_StartCalibration)
    Current_calibrateOffsets                 0x08001139   Thumb Code   228  inlinecurrentsense.o(i.Current_calibrateOffsets)
    EXTI15_10_IRQHandler                     0x0800126d   Thumb Code   228  encoder.o(i.EXTI15_10_IRQHandler)
    EXTI9_5_IRQHandler                       0x0800136d   Thumb Code   156  encoder.o(i.EXTI9_5_IRQHandler)
    EXTI_ClearITPendingBit                   0x0800141d   Thumb Code     6  stm32f10x_exti.o(i.EXTI_ClearITPendingBit)
    EXTI_GetITStatus                         0x08001429   Thumb Code    34  stm32f10x_exti.o(i.EXTI_GetITStatus)
    EXTI_Init                                0x08001451   Thumb Code   142  stm32f10x_exti.o(i.EXTI_Init)
    Encoder_Index_init                       0x080014e5   Thumb Code    96  encoder.o(i.Encoder_Index_init)
    Encoder_init                             0x08001549   Thumb Code   136  encoder.o(i.Encoder_init)
    GPIO_Config                              0x080015ed   Thumb Code    96  main.o(i.GPIO_Config)
    GPIO_EXTILineConfig                      0x08001659   Thumb Code    60  stm32f10x_gpio.o(i.GPIO_EXTILineConfig)
    GPIO_Init                                0x08001699   Thumb Code   278  stm32f10x_gpio.o(i.GPIO_Init)
    GPIO_PinRemapConfig                      0x080017b1   Thumb Code   138  stm32f10x_gpio.o(i.GPIO_PinRemapConfig)
    GPIO_ReadInputDataBit                    0x08001841   Thumb Code    18  stm32f10x_gpio.o(i.GPIO_ReadInputDataBit)
    GPIO_ResetBits                           0x08001853   Thumb Code     4  stm32f10x_gpio.o(i.GPIO_ResetBits)
    GPIO_SetBits                             0x08001857   Thumb Code     4  stm32f10x_gpio.o(i.GPIO_SetBits)
    InlineCurrentSense                       0x0800185d   Thumb Code   176  inlinecurrentsense.o(i.InlineCurrentSense)
    InlineCurrentSense_Init                  0x08001971   Thumb Code    24  inlinecurrentsense.o(i.InlineCurrentSense_Init)
    LPF_init                                 0x08001995   Thumb Code    58  lowpass_filter.o(i.LPF_init)
    LPFoperator                              0x080019e1   Thumb Code   136  lowpass_filter.o(i.LPFoperator)
    MagneticSensor_Init                      0x08001a75   Thumb Code   134  sensor.o(i.MagneticSensor_Init)
    Motor_init                               0x08001b31   Thumb Code    96  bldcmotor.o(i.Motor_init)
    Motor_initFOC                            0x08001bdd   Thumb Code    88  bldcmotor.o(i.Motor_initFOC)
    NVIC_Init                                0x08001c51   Thumb Code   100  misc.o(i.NVIC_Init)
    PID_init                                 0x08001cc1   Thumb Code   122  pid.o(i.PID_init)
    PIDoperator                              0x08001d51   Thumb Code   364  pid.o(i.PIDoperator)
    RCC_ADCCLKConfig                         0x08001ec9   Thumb Code    18  stm32f10x_rcc.o(i.RCC_ADCCLKConfig)
    RCC_APB1PeriphClockCmd                   0x08001ee1   Thumb Code    26  stm32f10x_rcc.o(i.RCC_APB1PeriphClockCmd)
    RCC_APB1PeriphResetCmd                   0x08001f01   Thumb Code    26  stm32f10x_rcc.o(i.RCC_APB1PeriphResetCmd)
    RCC_APB2PeriphClockCmd                   0x08001f21   Thumb Code    26  stm32f10x_rcc.o(i.RCC_APB2PeriphClockCmd)
    RCC_APB2PeriphResetCmd                   0x08001f41   Thumb Code    26  stm32f10x_rcc.o(i.RCC_APB2PeriphResetCmd)
    RCC_GetClocksFreq                        0x08001f61   Thumb Code   192  stm32f10x_rcc.o(i.RCC_GetClocksFreq)
    SysTick_Handler                          0x0800211d   Thumb Code    12  delay.o(i.SysTick_Handler)
    SystemInit                               0x0800212d   Thumb Code    78  system_stm32f10x.o(i.SystemInit)
    TIM2_PWM_Init                            0x0800218d   Thumb Code   186  timer.o(i.TIM2_PWM_Init)
    TIM_ARRPreloadConfig                     0x0800224d   Thumb Code    24  stm32f10x_tim.o(i.TIM_ARRPreloadConfig)
    TIM_Cmd                                  0x08002265   Thumb Code    24  stm32f10x_tim.o(i.TIM_Cmd)
    TIM_DeInit                               0x0800227d   Thumb Code   424  stm32f10x_tim.o(i.TIM_DeInit)
    TIM_OC1Init                              0x08002465   Thumb Code   132  stm32f10x_tim.o(i.TIM_OC1Init)
    TIM_OC1PreloadConfig                     0x080024fd   Thumb Code    18  stm32f10x_tim.o(i.TIM_OC1PreloadConfig)
    TIM_OC2Init                              0x08002511   Thumb Code   154  stm32f10x_tim.o(i.TIM_OC2Init)
    TIM_OC2PreloadConfig                     0x080025b5   Thumb Code    26  stm32f10x_tim.o(i.TIM_OC2PreloadConfig)
    TIM_OC3Init                              0x080025d1   Thumb Code   150  stm32f10x_tim.o(i.TIM_OC3Init)
    TIM_OC3PreloadConfig                     0x08002671   Thumb Code    18  stm32f10x_tim.o(i.TIM_OC3PreloadConfig)
    TIM_SetCompare1                          0x08002683   Thumb Code     4  stm32f10x_tim.o(i.TIM_SetCompare1)
    TIM_SetCompare2                          0x08002687   Thumb Code     4  stm32f10x_tim.o(i.TIM_SetCompare2)
    TIM_SetCompare3                          0x0800268b   Thumb Code     4  stm32f10x_tim.o(i.TIM_SetCompare3)
    TIM_TimeBaseInit                         0x08002691   Thumb Code   122  stm32f10x_tim.o(i.TIM_TimeBaseInit)
    USART1_IRQHandler                        0x08002735   Thumb Code   136  usart.o(i.USART1_IRQHandler)
    USART_Cmd                                0x080027c9   Thumb Code    24  stm32f10x_usart.o(i.USART_Cmd)
    USART_GetITStatus                        0x080027e1   Thumb Code    84  stm32f10x_usart.o(i.USART_GetITStatus)
    USART_ITConfig                           0x08002835   Thumb Code    74  stm32f10x_usart.o(i.USART_ITConfig)
    USART_Init                               0x08002881   Thumb Code   210  stm32f10x_usart.o(i.USART_Init)
    USART_ReceiveData                        0x08002959   Thumb Code    10  stm32f10x_usart.o(i.USART_ReceiveData)
    __0printf                                0x08002965   Thumb Code    22  printfa.o(i.__0printf)
    __1printf                                0x08002965   Thumb Code     0  printfa.o(i.__0printf)
    __2printf                                0x08002965   Thumb Code     0  printfa.o(i.__0printf)
    __c89printf                              0x08002965   Thumb Code     0  printfa.o(i.__0printf)
    printf                                   0x08002965   Thumb Code     0  printfa.o(i.__0printf)
    __ARM_fpclassify                         0x08002985   Thumb Code    40  fpclassify.o(i.__ARM_fpclassify)
    __kernel_poly                            0x080029ad   Thumb Code   170  poly.o(i.__kernel_poly)
    __mathlib_dbl_infnan                     0x08002a57   Thumb Code     6  dunder.o(i.__mathlib_dbl_infnan)
    __mathlib_dbl_infnan2                    0x08002a5d   Thumb Code     4  dunder.o(i.__mathlib_dbl_infnan2)
    __mathlib_dbl_invalid                    0x08002a61   Thumb Code    12  dunder.o(i.__mathlib_dbl_invalid)
    __mathlib_dbl_underflow                  0x08002a6d   Thumb Code    10  dunder.o(i.__mathlib_dbl_underflow)
    __read_errno                             0x08002a7d   Thumb Code     6  errno.o(i.__read_errno)
    __scatterload_copy                       0x08002a89   Thumb Code    14  handlers.o(i.__scatterload_copy)
    __scatterload_null                       0x08002a97   Thumb Code     2  handlers.o(i.__scatterload_null)
    __scatterload_zeroinit                   0x08002a99   Thumb Code    14  handlers.o(i.__scatterload_zeroinit)
    __set_errno                              0x08002aa9   Thumb Code     6  errno.o(i.__set_errno)
    _cos                                     0x08002ab5   Thumb Code    90  foc_utils.o(i._cos)
    _electricalAngle                         0x08002b21   Thumb Code    22  foc_utils.o(i._electricalAngle)
    _is_digit                                0x08002cbd   Thumb Code    14  scanf_fp.o(i._is_digit)
    _micros                                  0x08002ccd   Thumb Code    44  delay.o(i._micros)
    _normalizeAngle                          0x08002d01   Thumb Code    74  foc_utils.o(i._normalizeAngle)
    _readADCVoltageInline                    0x0800345d   Thumb Code    58  adc.o(i._readADCVoltageInline)
    _sin                                     0x080034a1   Thumb Code   612  foc_utils.o(i._sin)
    _sqrtApprox                              0x08003739   Thumb Code    26  foc_utils.o(i._sqrtApprox)
    alignSensor                              0x08003759   Thumb Code   624  bldcmotor.o(i.alignSensor)
    analogRead                               0x08003b35   Thumb Code    46  adc.o(i.analogRead)
    angleOpenloop                            0x08003b69   Thumb Code   268  bldcmotor.o(i.angleOpenloop)
    atan                                     0x08003c95   Thumb Code   474  atan.o(i.atan)
    atan2                                    0x08003eb5   Thumb Code   374  atan2.o(i.atan2)
    atof                                     0x08004051   Thumb Code    42  atof.o(i.atof)
    commander_run                            0x0800407d   Thumb Code   226  main.o(i.commander_run)
    configureADCInline                       0x080041c5   Thumb Code   298  adc.o(i.configureADCInline)
    delay_ms                                 0x08004301   Thumb Code    48  delay.o(i.delay_ms)
    electricalAngle                          0x08004331   Thumb Code    56  focmotor.o(i.electricalAngle)
    fmod                                     0x08004379   Thumb Code   144  fmod.o(i.fmod)
    fputc                                    0x0800440d   Thumb Code    24  usart.o(i.fputc)
    getAngle_ABZ                             0x08004429   Thumb Code    60  encoder.o(i.getAngle_ABZ)
    getDCCurrent                             0x08004475   Thumb Code   322  currentsense.o(i.getDCCurrent)
    getFOCCurrents                           0x080045c9   Thumb Code   288  currentsense.o(i.getFOCCurrents)
    getPhaseCurrents                         0x080046f9   Thumb Code   130  inlinecurrentsense.o(i.getPhaseCurrents)
    getRawCount                              0x080047a5   Thumb Code     6  sensor.o(i.getRawCount)
    getVelocity_ABZ                          0x080047b1   Thumb Code   240  encoder.o(i.getVelocity_ABZ)
    loopFOC                                  0x080048d1   Thumb Code   234  bldcmotor.o(i.loopFOC)
    main                                     0x08004a0d   Thumb Code   282  main.o(i.main)
    move                                     0x08004bcd   Thumb Code   218  bldcmotor.o(i.move)
    setPhaseVoltage                          0x08004cd1   Thumb Code   964  bldcmotor.o(i.setPhaseVoltage)
    shaftAngle                               0x080050b9   Thumb Code    38  focmotor.o(i.shaftAngle)
    shaftVelocity                            0x080050e9   Thumb Code    36  focmotor.o(i.shaftVelocity)
    systick_CountInit                        0x08005115   Thumb Code    18  delay.o(i.systick_CountInit)
    timecount                                0x0800512d   Thumb Code    42  main.o(i.timecount)
    uart_init                                0x0800515d   Thumb Code   152  usart.o(i.uart_init)
    velocityOpenloop                         0x080051fd   Thumb Code   128  bldcmotor.o(i.velocityOpenloop)
    sine_array                               0x08005298   Data         800  foc_utils.o(.constdata)
    __mathlib_zero                           0x08005650   Data           8  qnan.o(.constdata)
    __ctype_categories                       0x08005658   Data          64  ctype_c.o(.constdata)
    Region$$Table$$Base                      0x08005698   Number         0  anon$$obj.o(Region$$Table)
    Region$$Table$$Limit                     0x080056b8   Number         0  anon$$obj.o(Region$$Table)
    sysTickUptime                            0x20000014   Data           4  delay.o(.data)
    __stdout                                 0x20000018   Data           4  usart.o(.data)
    USART_RX_STA                             0x2000001c   Data           2  usart.o(.data)
    AS5047P_para                             0x20000020   Data           6  sensor.o(.data)
    TLE5012B_para                            0x20000026   Data           6  sensor.o(.data)
    MA730_para                               0x2000002c   Data           6  sensor.o(.data)
    MT6835_para                              0x20000032   Data           6  sensor.o(.data)
    cpr                                      0x20000038   Data           4  sensor.o(.data)
    full_rotation_offset                     0x2000003c   Data           4  sensor.o(.data)
    angle_data_prev                          0x20000040   Data           4  sensor.o(.data)
    angle_prev                               0x20000044   Data           4  sensor.o(.data)
    velocity_calc_timestamp                  0x20000048   Data           4  sensor.o(.data)
    shaft_angle                              0x2000004c   Data           4  focmotor.o(.data)
    electrical_angle                         0x20000050   Data           4  focmotor.o(.data)
    shaft_velocity                           0x20000054   Data           4  focmotor.o(.data)
    current_sp                               0x20000058   Data           4  focmotor.o(.data)
    shaft_velocity_sp                        0x2000005c   Data           4  focmotor.o(.data)
    shaft_angle_sp                           0x20000060   Data           4  focmotor.o(.data)
    voltage                                  0x20000064   Data           8  focmotor.o(.data)
    current                                  0x2000006c   Data           8  focmotor.o(.data)
    torque_controller                        0x20000074   Data           1  focmotor.o(.data)
    controller                               0x20000075   Data           1  focmotor.o(.data)
    sensor_offset                            0x20000078   Data           4  focmotor.o(.data)
    zero_electric_angle                      0x2000007c   Data           4  focmotor.o(.data)
    sensor_direction                         0x20000080   Data           4  bldcmotor.o(.data)
    voltage_power_supply                     0x20000084   Data           4  bldcmotor.o(.data)
    voltage_limit                            0x20000088   Data           4  bldcmotor.o(.data)
    voltage_sensor_align                     0x2000008c   Data           4  bldcmotor.o(.data)
    pole_pairs                               0x20000090   Data           4  bldcmotor.o(.data)
    open_loop_timestamp                      0x20000094   Data           4  bldcmotor.o(.data)
    velocity_limit                           0x20000098   Data           4  bldcmotor.o(.data)
    current_limit                            0x2000009c   Data           4  bldcmotor.o(.data)
    pinA                                     0x200000a0   Data           4  inlinecurrentsense.o(.data)
    pinB                                     0x200000a4   Data           4  inlinecurrentsense.o(.data)
    pinC                                     0x200000a8   Data           4  inlinecurrentsense.o(.data)
    gain_a                                   0x200000ac   Data           4  inlinecurrentsense.o(.data)
    gain_b                                   0x200000b0   Data           4  inlinecurrentsense.o(.data)
    gain_c                                   0x200000b4   Data           4  inlinecurrentsense.o(.data)
    offset_ia                                0x200000b8   Data           4  inlinecurrentsense.o(.data)
    offset_ib                                0x200000bc   Data           4  inlinecurrentsense.o(.data)
    offset_ic                                0x200000c0   Data           4  inlinecurrentsense.o(.data)
    timecntr_pre                             0x200000c4   Data           4  main.o(.data)
    time_cntr                                0x200000c8   Data           4  main.o(.data)
    target                                   0x200000cc   Data           4  main.o(.data)
    pulse_counter                            0x200000d0   Data           4  encoder.o(.data)
    pulse_timestamp                          0x200000d4   Data           4  encoder.o(.data)
    A_active                                 0x200000d8   Data           1  encoder.o(.data)
    B_active                                 0x200000d9   Data           1  encoder.o(.data)
    I_active                                 0x200000da   Data           1  encoder.o(.data)
    index_found                              0x200000db   Data           1  encoder.o(.data)
    index_needsSearch                        0x200000dc   Data           1  encoder.o(.data)
    velocity_index_search                    0x200000e0   Data           4  encoder.o(.data)
    prev_Th                                  0x200000e4   Data           4  encoder.o(.data)
    pulse_per_second                         0x200000e8   Data           4  encoder.o(.data)
    prev_pulse_counter                       0x200000ec   Data           4  encoder.o(.data)
    prev_timestamp_us                        0x200000f0   Data           4  encoder.o(.data)
    USART_RX_BUF                             0x200000f8   Data         256  usart.o(.bss)
    PID_current_q                            0x200001f8   Data          36  pid.o(.bss)
    PID_current_d                            0x2000021c   Data          36  pid.o(.bss)
    PID_velocity                             0x20000240   Data          36  pid.o(.bss)
    P_angle                                  0x20000264   Data          36  pid.o(.bss)
    LPF_current_q                            0x20000288   Data          12  lowpass_filter.o(.bss)
    LPF_current_d                            0x20000294   Data          12  lowpass_filter.o(.bss)
    LPF_velocity                             0x200002a0   Data          12  lowpass_filter.o(.bss)
    __initial_sp                             0x200006b0   Data           0  startup_stm32f10x_md.o(STACK)



==============================================================================

Memory Map of the image

  Image Entry point : 0x080000ed

  Load Region LR_IROM1 (Base: 0x08000000, Size: 0x000057b0, Max: 0x00010000, ABSOLUTE)

    Execution Region ER_IROM1 (Exec base: 0x08000000, Load base: 0x08000000, Size: 0x000056b8, Max: 0x00010000, ABSOLUTE)

    Exec Addr    Load Addr    Size         Type   Attr      Idx    E Section Name        Object

    0x08000000   0x08000000   0x000000ec   Data   RO          132    RESET               startup_stm32f10x_md.o
    0x080000ec   0x080000ec   0x00000000   Code   RO         3906  * .ARM.Collect$$$$00000000  mc_w.l(entry.o)
    0x080000ec   0x080000ec   0x00000004   Code   RO         4233    .ARM.Collect$$$$00000001  mc_w.l(entry2.o)
    0x080000f0   0x080000f0   0x00000004   Code   RO         4236    .ARM.Collect$$$$00000004  mc_w.l(entry5.o)
    0x080000f4   0x080000f4   0x00000000   Code   RO         4238    .ARM.Collect$$$$00000008  mc_w.l(entry7b.o)
    0x080000f4   0x080000f4   0x00000000   Code   RO         4240    .ARM.Collect$$$$0000000A  mc_w.l(entry8b.o)
    0x080000f4   0x080000f4   0x00000008   Code   RO         4241    .ARM.Collect$$$$0000000B  mc_w.l(entry9a.o)
    0x080000fc   0x080000fc   0x00000004   Code   RO         4248    .ARM.Collect$$$$0000000E  mc_w.l(entry12b.o)
    0x08000100   0x08000100   0x00000000   Code   RO         4243    .ARM.Collect$$$$0000000F  mc_w.l(entry10a.o)
    0x08000100   0x08000100   0x00000000   Code   RO         4245    .ARM.Collect$$$$00000011  mc_w.l(entry11a.o)
    0x08000100   0x08000100   0x00000004   Code   RO         4234    .ARM.Collect$$$$00002712  mc_w.l(entry2.o)
    0x08000104   0x08000104   0x00000024   Code   RO          133    .text               startup_stm32f10x_md.o
    0x08000128   0x08000128   0x000000b0   Code   RO         4170    .text               mf_w.l(fadd.o)
    0x080001d8   0x080001d8   0x00000064   Code   RO         4172    .text               mf_w.l(fmul.o)
    0x0800023c   0x0800023c   0x0000007c   Code   RO         4174    .text               mf_w.l(fdiv.o)
    0x080002b8   0x080002b8   0x0000014e   Code   RO         4176    .text               mf_w.l(dadd.o)
    0x08000406   0x08000406   0x000000e4   Code   RO         4178    .text               mf_w.l(dmul.o)
    0x080004ea   0x080004ea   0x000000de   Code   RO         4180    .text               mf_w.l(ddiv.o)
    0x080005c8   0x080005c8   0x00000012   Code   RO         4182    .text               mf_w.l(fflti.o)
    0x080005da   0x080005da   0x0000000a   Code   RO         4184    .text               mf_w.l(ffltui.o)
    0x080005e4   0x080005e4   0x00000022   Code   RO         4186    .text               mf_w.l(dflti.o)
    0x08000606   0x08000606   0x0000001a   Code   RO         4188    .text               mf_w.l(dfltui.o)
    0x08000620   0x08000620   0x00000028   Code   RO         4190    .text               mf_w.l(ffixui.o)
    0x08000648   0x08000648   0x0000003e   Code   RO         4192    .text               mf_w.l(dfixi.o)
    0x08000686   0x08000686   0x00000032   Code   RO         4194    .text               mf_w.l(dfixui.o)
    0x080006b8   0x080006b8   0x00000026   Code   RO         4196    .text               mf_w.l(f2d.o)
    0x080006de   0x080006de   0x00000002   PAD
    0x080006e0   0x080006e0   0x00000030   Code   RO         4198    .text               mf_w.l(cdcmple.o)
    0x08000710   0x08000710   0x00000030   Code   RO         4200    .text               mf_w.l(cdrcmple.o)
    0x08000740   0x08000740   0x00000038   Code   RO         4202    .text               mf_w.l(d2f.o)
    0x08000778   0x08000778   0x00000014   Code   RO         4204    .text               mf_w.l(cfcmple.o)
    0x0800078c   0x0800078c   0x00000014   Code   RO         4206    .text               mf_w.l(cfrcmple.o)
    0x080007a0   0x080007a0   0x0000002c   Code   RO         4249    .text               mc_w.l(uidiv.o)
    0x080007cc   0x080007cc   0x00000062   Code   RO         4251    .text               mc_w.l(uldiv.o)
    0x0800082e   0x0800082e   0x0000001e   Code   RO         4253    .text               mc_w.l(llshl.o)
    0x0800084c   0x0800084c   0x00000020   Code   RO         4255    .text               mc_w.l(llushr.o)
    0x0800086c   0x0800086c   0x00000024   Code   RO         4257    .text               mc_w.l(llsshr.o)
    0x08000890   0x08000890   0x0000009c   Code   RO         4266    .text               mc_w.l(strtod.o)
    0x0800092c   0x0800092c   0x00000000   Code   RO         4268    .text               mc_w.l(iusefp.o)
    0x0800092c   0x0800092c   0x0000006e   Code   RO         4269    .text               mf_w.l(fepilogue.o)
    0x0800099a   0x0800099a   0x000000ba   Code   RO         4271    .text               mf_w.l(depilogue.o)
    0x08000a54   0x08000a54   0x00000086   Code   RO         4273    .text               mf_w.l(drem.o)
    0x08000ada   0x08000ada   0x00000030   Code   RO         4275    .text               mf_w.l(dfixul.o)
    0x08000b0a   0x08000b0a   0x00000002   PAD
    0x08000b0c   0x08000b0c   0x00000024   Code   RO         4281    .text               mc_w.l(init.o)
    0x08000b30   0x08000b30   0x0000000a   Code   RO         4283    .text               mc_w.l(isspace_c.o)
    0x08000b3a   0x08000b3a   0x00000002   PAD
    0x08000b3c   0x08000b3c   0x00000360   Code   RO         4285    .text               mc_w.l(scanf_fp.o)
    0x08000e9c   0x08000e9c   0x00000040   Code   RO         4289    .text               mc_w.l(_sgetc.o)
    0x08000edc   0x08000edc   0x0000002e   Code   RO         4291    .text               mf_w.l(dscalb.o)
    0x08000f0a   0x08000f0a   0x00000002   PAD
    0x08000f0c   0x08000f0c   0x00000028   Code   RO         4293    .text               mc_w.l(ctype_c.o)
    0x08000f34   0x08000f34   0x00000018   Code   RO         4296    .text               mf_w.l(dfltul.o)
    0x08000f4c   0x08000f4c   0x00000016   Code   RO          202    i.ADC_Cmd           stm32f10x_adc.o
    0x08000f62   0x08000f62   0x00000002   PAD
    0x08000f64   0x08000f64   0x0000005c   Code   RO          204    i.ADC_DeInit        stm32f10x_adc.o
    0x08000fc0   0x08000fc0   0x00000014   Code   RO          210    i.ADC_GetCalibrationStatus  stm32f10x_adc.o
    0x08000fd4   0x08000fd4   0x00000008   Code   RO          211    i.ADC_GetConversionValue  stm32f10x_adc.o
    0x08000fdc   0x08000fdc   0x00000012   Code   RO          213    i.ADC_GetFlagStatus  stm32f10x_adc.o
    0x08000fee   0x08000fee   0x00000014   Code   RO          216    i.ADC_GetResetCalibrationStatus  stm32f10x_adc.o
    0x08001002   0x08001002   0x00000002   PAD
    0x08001004   0x08001004   0x00000050   Code   RO          220    i.ADC_Init          stm32f10x_adc.o
    0x08001054   0x08001054   0x000000b8   Code   RO          224    i.ADC_RegularChannelConfig  stm32f10x_adc.o
    0x0800110c   0x0800110c   0x0000000a   Code   RO          225    i.ADC_ResetCalibration  stm32f10x_adc.o
    0x08001116   0x08001116   0x00000016   Code   RO          227    i.ADC_SoftwareStartConvCmd  stm32f10x_adc.o
    0x0800112c   0x0800112c   0x0000000a   Code   RO          229    i.ADC_StartCalibration  stm32f10x_adc.o
    0x08001136   0x08001136   0x00000002   PAD
    0x08001138   0x08001138   0x00000134   Code   RO         3680    i.Current_calibrateOffsets  inlinecurrentsense.o
    0x0800126c   0x0800126c   0x00000100   Code   RO         3759    i.EXTI15_10_IRQHandler  encoder.o
    0x0800136c   0x0800136c   0x000000b0   Code   RO         3760    i.EXTI9_5_IRQHandler  encoder.o
    0x0800141c   0x0800141c   0x0000000c   Code   RO          958    i.EXTI_ClearITPendingBit  stm32f10x_exti.o
    0x08001428   0x08001428   0x00000028   Code   RO          962    i.EXTI_GetITStatus  stm32f10x_exti.o
    0x08001450   0x08001450   0x00000094   Code   RO          963    i.EXTI_Init         stm32f10x_exti.o
    0x080014e4   0x080014e4   0x00000064   Code   RO         3761    i.Encoder_Index_init  encoder.o
    0x08001548   0x08001548   0x000000a4   Code   RO         3762    i.Encoder_init      encoder.o
    0x080015ec   0x080015ec   0x0000006c   Code   RO         3713    i.GPIO_Config       main.o
    0x08001658   0x08001658   0x00000040   Code   RO         1308    i.GPIO_EXTILineConfig  stm32f10x_gpio.o
    0x08001698   0x08001698   0x00000116   Code   RO         1311    i.GPIO_Init         stm32f10x_gpio.o
    0x080017ae   0x080017ae   0x00000002   PAD
    0x080017b0   0x080017b0   0x00000090   Code   RO         1313    i.GPIO_PinRemapConfig  stm32f10x_gpio.o
    0x08001840   0x08001840   0x00000012   Code   RO         1315    i.GPIO_ReadInputDataBit  stm32f10x_gpio.o
    0x08001852   0x08001852   0x00000004   Code   RO         1318    i.GPIO_ResetBits    stm32f10x_gpio.o
    0x08001856   0x08001856   0x00000004   Code   RO         1319    i.GPIO_SetBits      stm32f10x_gpio.o
    0x0800185a   0x0800185a   0x00000002   PAD
    0x0800185c   0x0800185c   0x00000114   Code   RO         3681    i.InlineCurrentSense  inlinecurrentsense.o
    0x08001970   0x08001970   0x00000024   Code   RO         3682    i.InlineCurrentSense_Init  inlinecurrentsense.o
    0x08001994   0x08001994   0x0000004c   Code   RO         3638    i.LPF_init          lowpass_filter.o
    0x080019e0   0x080019e0   0x00000094   Code   RO         3639    i.LPFoperator       lowpass_filter.o
    0x08001a74   0x08001a74   0x000000bc   Code   RO         3447    i.MagneticSensor_Init  sensor.o
    0x08001b30   0x08001b30   0x000000ac   Code   RO         3553    i.Motor_init        bldcmotor.o
    0x08001bdc   0x08001bdc   0x00000074   Code   RO         3554    i.Motor_initFOC     bldcmotor.o
    0x08001c50   0x08001c50   0x00000070   Code   RO          137    i.NVIC_Init         misc.o
    0x08001cc0   0x08001cc0   0x00000090   Code   RO         3614    i.PID_init          pid.o
    0x08001d50   0x08001d50   0x00000178   Code   RO         3615    i.PIDoperator       pid.o
    0x08001ec8   0x08001ec8   0x00000018   Code   RO         1725    i.RCC_ADCCLKConfig  stm32f10x_rcc.o
    0x08001ee0   0x08001ee0   0x00000020   Code   RO         1727    i.RCC_APB1PeriphClockCmd  stm32f10x_rcc.o
    0x08001f00   0x08001f00   0x00000020   Code   RO         1728    i.RCC_APB1PeriphResetCmd  stm32f10x_rcc.o
    0x08001f20   0x08001f20   0x00000020   Code   RO         1729    i.RCC_APB2PeriphClockCmd  stm32f10x_rcc.o
    0x08001f40   0x08001f40   0x00000020   Code   RO         1730    i.RCC_APB2PeriphResetCmd  stm32f10x_rcc.o
    0x08001f60   0x08001f60   0x000000d4   Code   RO         1737    i.RCC_GetClocksFreq  stm32f10x_rcc.o
    0x08002034   0x08002034   0x00000008   Code   RO           17    i.SetSysClock       system_stm32f10x.o
    0x0800203c   0x0800203c   0x000000e0   Code   RO           18    i.SetSysClockTo72   system_stm32f10x.o
    0x0800211c   0x0800211c   0x00000010   Code   RO         3142    i.SysTick_Handler   delay.o
    0x0800212c   0x0800212c   0x00000060   Code   RO           20    i.SystemInit        system_stm32f10x.o
    0x0800218c   0x0800218c   0x000000c0   Code   RO         3127    i.TIM2_PWM_Init     timer.o
    0x0800224c   0x0800224c   0x00000018   Code   RO         2349    i.TIM_ARRPreloadConfig  stm32f10x_tim.o
    0x08002264   0x08002264   0x00000018   Code   RO         2361    i.TIM_Cmd           stm32f10x_tim.o
    0x0800227c   0x0800227c   0x000001e8   Code   RO         2366    i.TIM_DeInit        stm32f10x_tim.o
    0x08002464   0x08002464   0x00000098   Code   RO         2390    i.TIM_OC1Init       stm32f10x_tim.o
    0x080024fc   0x080024fc   0x00000012   Code   RO         2393    i.TIM_OC1PreloadConfig  stm32f10x_tim.o
    0x0800250e   0x0800250e   0x00000002   PAD
    0x08002510   0x08002510   0x000000a4   Code   RO         2395    i.TIM_OC2Init       stm32f10x_tim.o
    0x080025b4   0x080025b4   0x0000001a   Code   RO         2398    i.TIM_OC2PreloadConfig  stm32f10x_tim.o
    0x080025ce   0x080025ce   0x00000002   PAD
    0x080025d0   0x080025d0   0x000000a0   Code   RO         2400    i.TIM_OC3Init       stm32f10x_tim.o
    0x08002670   0x08002670   0x00000012   Code   RO         2403    i.TIM_OC3PreloadConfig  stm32f10x_tim.o
    0x08002682   0x08002682   0x00000004   Code   RO         2422    i.TIM_SetCompare1   stm32f10x_tim.o
    0x08002686   0x08002686   0x00000004   Code   RO         2423    i.TIM_SetCompare2   stm32f10x_tim.o
    0x0800268a   0x0800268a   0x00000004   Code   RO         2424    i.TIM_SetCompare3   stm32f10x_tim.o
    0x0800268e   0x0800268e   0x00000002   PAD
    0x08002690   0x08002690   0x000000a4   Code   RO         2432    i.TIM_TimeBaseInit  stm32f10x_tim.o
    0x08002734   0x08002734   0x00000094   Code   RO         3184    i.USART1_IRQHandler  usart.o
    0x080027c8   0x080027c8   0x00000018   Code   RO         2897    i.USART_Cmd         stm32f10x_usart.o
    0x080027e0   0x080027e0   0x00000054   Code   RO         2901    i.USART_GetITStatus  stm32f10x_usart.o
    0x08002834   0x08002834   0x0000004a   Code   RO         2903    i.USART_ITConfig    stm32f10x_usart.o
    0x0800287e   0x0800287e   0x00000002   PAD
    0x08002880   0x08002880   0x000000d8   Code   RO         2904    i.USART_Init        stm32f10x_usart.o
    0x08002958   0x08002958   0x0000000a   Code   RO         2911    i.USART_ReceiveData  stm32f10x_usart.o
    0x08002962   0x08002962   0x00000002   PAD
    0x08002964   0x08002964   0x00000020   Code   RO         4142    i.__0printf         mc_w.l(printfa.o)
    0x08002984   0x08002984   0x00000028   Code   RO         4277    i.__ARM_fpclassify  m_ws.l(fpclassify.o)
    0x080029ac   0x080029ac   0x000000aa   Code   RO         4279    i.__kernel_poly     m_ws.l(poly.o)
    0x08002a56   0x08002a56   0x00000006   Code   RO         4219    i.__mathlib_dbl_infnan  m_ws.l(dunder.o)
    0x08002a5c   0x08002a5c   0x00000004   Code   RO         4220    i.__mathlib_dbl_infnan2  m_ws.l(dunder.o)
    0x08002a60   0x08002a60   0x0000000c   Code   RO         4221    i.__mathlib_dbl_invalid  m_ws.l(dunder.o)
    0x08002a6c   0x08002a6c   0x00000010   Code   RO         4224    i.__mathlib_dbl_underflow  m_ws.l(dunder.o)
    0x08002a7c   0x08002a7c   0x0000000c   Code   RO         4260    i.__read_errno      mc_w.l(errno.o)
    0x08002a88   0x08002a88   0x0000000e   Code   RO         4300    i.__scatterload_copy  mc_w.l(handlers.o)
    0x08002a96   0x08002a96   0x00000002   Code   RO         4301    i.__scatterload_null  mc_w.l(handlers.o)
    0x08002a98   0x08002a98   0x0000000e   Code   RO         4302    i.__scatterload_zeroinit  mc_w.l(handlers.o)
    0x08002aa6   0x08002aa6   0x00000002   PAD
    0x08002aa8   0x08002aa8   0x0000000c   Code   RO         4261    i.__set_errno       mc_w.l(errno.o)
    0x08002ab4   0x08002ab4   0x0000006c   Code   RO         3484    i._cos              foc_utils.o
    0x08002b20   0x08002b20   0x00000016   Code   RO         3485    i._electricalAngle  foc_utils.o
    0x08002b36   0x08002b36   0x00000002   PAD
    0x08002b38   0x08002b38   0x00000184   Code   RO         4149    i._fp_digits        mc_w.l(printfa.o)
    0x08002cbc   0x08002cbc   0x0000000e   Code   RO         4287    i._is_digit         mc_w.l(scanf_fp.o)
    0x08002cca   0x08002cca   0x00000002   PAD
    0x08002ccc   0x08002ccc   0x00000034   Code   RO         3143    i._micros           delay.o
    0x08002d00   0x08002d00   0x00000054   Code   RO         3486    i._normalizeAngle   foc_utils.o
    0x08002d54   0x08002d54   0x000006b4   Code   RO         4150    i._printf_core      mc_w.l(printfa.o)
    0x08003408   0x08003408   0x00000024   Code   RO         4151    i._printf_post_padding  mc_w.l(printfa.o)
    0x0800342c   0x0800342c   0x0000002e   Code   RO         4152    i._printf_pre_padding  mc_w.l(printfa.o)
    0x0800345a   0x0800345a   0x00000002   PAD
    0x0800345c   0x0800345c   0x00000044   Code   RO         3289    i._readADCVoltageInline  adc.o
    0x080034a0   0x080034a0   0x00000298   Code   RO         3487    i._sin              foc_utils.o
    0x08003738   0x08003738   0x00000020   Code   RO         3488    i._sqrtApprox       foc_utils.o
    0x08003758   0x08003758   0x000003dc   Code   RO         3555    i.alignSensor       bldcmotor.o
    0x08003b34   0x08003b34   0x00000034   Code   RO         3290    i.analogRead        adc.o
    0x08003b68   0x08003b68   0x0000012c   Code   RO         3556    i.angleOpenloop     bldcmotor.o
    0x08003c94   0x08003c94   0x00000220   Code   RO         4209    i.atan              m_ws.l(atan.o)
    0x08003eb4   0x08003eb4   0x0000019c   Code   RO         3887    i.atan2             m_ws.l(atan2.o)
    0x08004050   0x08004050   0x0000002a   Code   RO         3895    i.atof              m_ws.l(atof.o)
    0x0800407a   0x0800407a   0x00000002   PAD
    0x0800407c   0x0800407c   0x00000148   Code   RO         3714    i.commander_run     main.o
    0x080041c4   0x080041c4   0x0000013c   Code   RO         3291    i.configureADCInline  adc.o
    0x08004300   0x08004300   0x00000030   Code   RO         3144    i.delay_ms          delay.o
    0x08004330   0x08004330   0x00000048   Code   RO         3523    i.electricalAngle   focmotor.o
    0x08004378   0x08004378   0x00000094   Code   RO         3899    i.fmod              m_ws.l(fmod.o)
    0x0800440c   0x0800440c   0x0000001c   Code   RO         3186    i.fputc             usart.o
    0x08004428   0x08004428   0x0000004c   Code   RO         3765    i.getAngle_ABZ      encoder.o
    0x08004474   0x08004474   0x00000154   Code   RO         3662    i.getDCCurrent      currentsense.o
    0x080045c8   0x080045c8   0x00000130   Code   RO         3663    i.getFOCCurrents    currentsense.o
    0x080046f8   0x080046f8   0x000000ac   Code   RO         3683    i.getPhaseCurrents  inlinecurrentsense.o
    0x080047a4   0x080047a4   0x0000000c   Code   RO         3449    i.getRawCount       sensor.o
    0x080047b0   0x080047b0   0x00000120   Code   RO         3766    i.getVelocity_ABZ   encoder.o
    0x080048d0   0x080048d0   0x0000013c   Code   RO         3557    i.loopFOC           bldcmotor.o
    0x08004a0c   0x08004a0c   0x000001c0   Code   RO         3715    i.main              main.o
    0x08004bcc   0x08004bcc   0x00000104   Code   RO         3558    i.move              bldcmotor.o
    0x08004cd0   0x08004cd0   0x000003e8   Code   RO         3559    i.setPhaseVoltage   bldcmotor.o
    0x080050b8   0x080050b8   0x00000030   Code   RO         3524    i.shaftAngle        focmotor.o
    0x080050e8   0x080050e8   0x0000002c   Code   RO         3525    i.shaftVelocity     focmotor.o
    0x08005114   0x08005114   0x00000018   Code   RO         3146    i.systick_CountInit  delay.o
    0x0800512c   0x0800512c   0x00000030   Code   RO         3716    i.timecount         main.o
    0x0800515c   0x0800515c   0x000000a0   Code   RO         3187    i.uart_init         usart.o
    0x080051fc   0x080051fc   0x0000009c   Code   RO         3560    i.velocityOpenloop  bldcmotor.o
    0x08005298   0x08005298   0x00000320   Data   RO         3489    .constdata          foc_utils.o
    0x080055b8   0x080055b8   0x00000098   Data   RO         4210    .constdata          m_ws.l(atan.o)
    0x08005650   0x08005650   0x00000008   Data   RO         4232    .constdata          m_ws.l(qnan.o)
    0x08005658   0x08005658   0x00000040   Data   RO         4294    .constdata          mc_w.l(ctype_c.o)
    0x08005698   0x08005698   0x00000020   Data   RO         4298    Region$$Table       anon$$obj.o


    Execution Region RW_IRAM1 (Exec base: 0x20000000, Load base: 0x080056b8, Size: 0x000006b0, Max: 0x00005000, ABSOLUTE)

    Exec Addr    Load Addr    Size         Type   Attr      Idx    E Section Name        Object

    0x20000000   0x080056b8   0x00000014   Data   RW         1757    .data               stm32f10x_rcc.o
    0x20000014   0x080056cc   0x00000004   Data   RW         3147    .data               delay.o
    0x20000018   0x080056d0   0x00000006   Data   RW         3189    .data               usart.o
    0x2000001e   0x080056d6   0x00000002   PAD
    0x20000020   0x080056d8   0x0000002c   Data   RW         3451    .data               sensor.o
    0x2000004c   0x08005704   0x00000034   Data   RW         3526    .data               focmotor.o
    0x20000080   0x08005738   0x00000020   Data   RW         3561    .data               bldcmotor.o
    0x200000a0   0x08005758   0x00000024   Data   RW         3684    .data               inlinecurrentsense.o
    0x200000c4   0x0800577c   0x0000000c   Data   RW         3717    .data               main.o
    0x200000d0   0x08005788   0x00000024   Data   RW         3767    .data               encoder.o
    0x200000f4   0x080057ac   0x00000004   Data   RW         4262    .data               mc_w.l(errno.o)
    0x200000f8        -       0x00000100   Zero   RW         3188    .bss                usart.o
    0x200001f8        -       0x00000090   Zero   RW         3616    .bss                pid.o
    0x20000288        -       0x00000024   Zero   RW         3640    .bss                lowpass_filter.o
    0x200002ac   0x080057b0   0x00000004   PAD
    0x200002b0        -       0x00000400   Zero   RW          130    STACK               startup_stm32f10x_md.o


==============================================================================

Image component sizes


      Code (inc. data)   RO Data    RW Data    ZI Data      Debug   Object Name

       436         34          0          0          0       2814   adc.o
      3308        702          0         32          0       6316   bldcmotor.o
         0          0          0          0          0       4540   core_cm3.o
       644         34          0          0          0       1956   currentsense.o
       140         18          0          4          0       1935   delay.o
      1060        144          0         36          0       4074   encoder.o
       910         86        800          0          0       3182   foc_utils.o
       164         34          0         52          0       2468   focmotor.o
       792        234          0         36          0       3089   inlinecurrentsense.o
       224         30          0          0         36       2108   lowpass_filter.o
       932        286          0         12          0       2225   main.o
       112         12          0          0          0     215244   misc.o
       520         34          0          0        144       2240   pid.o
       200         60          0         44          0       1836   sensor.o
        36          8        236          0       1024        796   startup_stm32f10x_md.o
       486         24          0          0          0       7734   stm32f10x_adc.o
       200         18          0          0          0       1812   stm32f10x_exti.o
       512         10          0          0          0       4604   stm32f10x_gpio.o
       364         50          0         20          0       5547   stm32f10x_rcc.o
      1250        146          0          0          0       7630   stm32f10x_tim.o
       408          6          0          0          0       4562   stm32f10x_usart.o
       328         28          0          0          0      44965   system_stm32f10x.o
       192          6          0          0          0        612   timer.o
       336         24          0          6        256       3444   usart.o

    ----------------------------------------------------------------------
     13576       2028       1068        244       1464     335733   Object Totals
         0          0         32          0          0          0   (incl. Generated)
        22          0          0          2          4          0   (incl. Padding)

    ----------------------------------------------------------------------

      Code (inc. data)   RO Data    RW Data    ZI Data      Debug   Library Member Name

       544         70        152          0          0        124   atan.o
       412         38          0          0          0        144   atan2.o
        42          0          0          0          0         84   atof.o
        38          6          0          0          0        272   dunder.o
       148          4          0          0          0         88   fmod.o
        40          0          0          0          0         68   fpclassify.o
       170          0          0          0          0         96   poly.o
         0          0          8          0          0          0   qnan.o
        64          0          0          0          0         84   _sgetc.o
        40          6         64          0          0         68   ctype_c.o
         0          0          0          0          0          0   entry.o
         0          0          0          0          0          0   entry10a.o
         0          0          0          0          0          0   entry11a.o
         4          0          0          0          0          0   entry12b.o
         8          4          0          0          0          0   entry2.o
         4          0          0          0          0          0   entry5.o
         0          0          0          0          0          0   entry7b.o
         0          0          0          0          0          0   entry8b.o
         8          4          0          0          0          0   entry9a.o
        24         12          0          4          0        136   errno.o
        30          0          0          0          0          0   handlers.o
        36          8          0          0          0         68   init.o
        10          0          0          0          0         68   isspace_c.o
         0          0          0          0          0          0   iusefp.o
        30          0          0          0          0         68   llshl.o
        36          0          0          0          0         68   llsshr.o
        32          0          0          0          0         68   llushr.o
      2218         90          0          0          0        464   printfa.o
       878         12          0          0          0        216   scanf_fp.o
       156         12          0          0          0        120   strtod.o
        44          0          0          0          0         80   uidiv.o
        98          0          0          0          0         92   uldiv.o
        48          0          0          0          0         68   cdcmple.o
        48          0          0          0          0         68   cdrcmple.o
        20          0          0          0          0         68   cfcmple.o
        20          0          0          0          0         68   cfrcmple.o
        56          0          0          0          0         88   d2f.o
       334          0          0          0          0        148   dadd.o
       222          0          0          0          0        100   ddiv.o
       186          0          0          0          0        176   depilogue.o
        62          0          0          0          0         80   dfixi.o
        50          0          0          0          0         76   dfixui.o
        48          0          0          0          0         68   dfixul.o
        34          0          0          0          0         76   dflti.o
        26          0          0          0          0         76   dfltui.o
        24          0          0          0          0         76   dfltul.o
       228          0          0          0          0         96   dmul.o
       134          0          0          0          0         96   drem.o
        46          0          0          0          0         80   dscalb.o
        38          0          0          0          0         68   f2d.o
       176          0          0          0          0        140   fadd.o
       124          0          0          0          0         88   fdiv.o
       110          0          0          0          0        168   fepilogue.o
        40          0          0          0          0         68   ffixui.o
        18          0          0          0          0         68   fflti.o
        10          0          0          0          0         68   ffltui.o
       100          0          0          0          0         76   fmul.o

    ----------------------------------------------------------------------
      7332        266        224          4          0       4728   Library Totals
        16          0          0          0          0          0   (incl. Padding)

    ----------------------------------------------------------------------

      Code (inc. data)   RO Data    RW Data    ZI Data      Debug   Library Name

      1394        118        160          0          0        876   m_ws.l
      3720        148         64          4          0       1600   mc_w.l
      2202          0          0          0          0       2252   mf_w.l

    ----------------------------------------------------------------------
      7332        266        224          4          0       4728   Library Totals

    ----------------------------------------------------------------------

==============================================================================


      Code (inc. data)   RO Data    RW Data    ZI Data      Debug   

     20908       2294       1292        248       1464     333073   Grand Totals
     20908       2294       1292        248       1464     333073   ELF Image Totals
     20908       2294       1292        248          0          0   ROM Totals

==============================================================================

    Total RO  Size (Code + RO Data)                22200 (  21.68kB)
    Total RW  Size (RW Data + ZI Data)              1712 (   1.67kB)
    Total ROM Size (Code + RO Data + RW Data)      22448 (  21.92kB)

==============================================================================

